Component: ARM Compiler 5.06 (build 20) Tool: armlink [4d35a3]

==============================================================================

Section Cross References

    startup_stm32f407xx.o(RESET) refers to startup_stm32f407xx.o(STACK) for __initial_sp
    startup_stm32f407xx.o(RESET) refers to startup_stm32f407xx.o(.text) for Reset_Handler
    startup_stm32f407xx.o(RESET) refers to stm32f4xx_it.o(i.NMI_Handler) for NMI_Handler
    startup_stm32f407xx.o(RESET) refers to stm32f4xx_it.o(i.HardFault_Handler) for HardFault_Handler
    startup_stm32f407xx.o(RESET) refers to stm32f4xx_it.o(i.MemManage_Handler) for MemManage_Handler
    startup_stm32f407xx.o(RESET) refers to stm32f4xx_it.o(i.BusFault_Handler) for BusFault_Handler
    startup_stm32f407xx.o(RESET) refers to stm32f4xx_it.o(i.UsageFault_Handler) for UsageFault_Handler
    startup_stm32f407xx.o(RESET) refers to stm32f4xx_it.o(i.SVC_Handler) for SVC_Handler
    startup_stm32f407xx.o(RESET) refers to stm32f4xx_it.o(i.DebugMon_Handler) for DebugMon_Handler
    startup_stm32f407xx.o(RESET) refers to stm32f4xx_it.o(i.PendSV_Handler) for PendSV_Handler
    startup_stm32f407xx.o(RESET) refers to stm32f4xx_it.o(i.SysTick_Handler) for SysTick_Handler
    startup_stm32f407xx.o(RESET) refers to stm32f4xx_it.o(i.EXTI2_IRQHandler) for EXTI2_IRQHandler
    startup_stm32f407xx.o(RESET) refers to stm32f4xx_it.o(i.EXTI15_10_IRQHandler) for EXTI15_10_IRQHandler
    startup_stm32f407xx.o(.text) refers to system_stm32f4xx.o(i.SystemInit) for SystemInit
    startup_stm32f407xx.o(.text) refers to entry.o(.ARM.Collect$$$$00000000) for __main
    main.o(i.SystemClock_Config) refers to stm32f4xx_hal_rcc.o(i.HAL_RCC_OscConfig) for HAL_RCC_OscConfig
    main.o(i.SystemClock_Config) refers to main.o(i._Error_Handler) for _Error_Handler
    main.o(i.SystemClock_Config) refers to stm32f4xx_hal_rcc.o(i.HAL_RCC_ClockConfig) for HAL_RCC_ClockConfig
    main.o(i.SystemClock_Config) refers to stm32f4xx_hal_rcc.o(i.HAL_RCC_GetHCLKFreq) for HAL_RCC_GetHCLKFreq
    main.o(i.SystemClock_Config) refers to stm32f4xx_hal_cortex.o(i.HAL_SYSTICK_Config) for HAL_SYSTICK_Config
    main.o(i.SystemClock_Config) refers to stm32f4xx_hal_cortex.o(i.HAL_SYSTICK_CLKSourceConfig) for HAL_SYSTICK_CLKSourceConfig
    main.o(i.SystemClock_Config) refers to stm32f4xx_hal_cortex.o(i.HAL_NVIC_SetPriority) for HAL_NVIC_SetPriority
    main.o(i.main) refers to stm32f4xx_hal.o(i.HAL_Init) for HAL_Init
    main.o(i.main) refers to main.o(i.SystemClock_Config) for SystemClock_Config
    main.o(i.main) refers to gpio.o(i.MX_GPIO_Init) for MX_GPIO_Init
    main.o(i.main) refers to lwip.o(i.MX_LWIP_Init) for MX_LWIP_Init
    main.o(i.main) refers to sdio.o(i.MX_SDIO_SD_Init) for MX_SDIO_SD_Init
    main.o(i.main) refers to fatfs.o(i.MX_FATFS_Init) for MX_FATFS_Init
    main.o(i.main) refers to stm32f4xx_hal_gpio.o(i.HAL_GPIO_WritePin) for HAL_GPIO_WritePin
    main.o(i.main) refers to net.o(i.tcp_server_init) for tcp_server_init
    main.o(i.main) refers to httpd.o(i.httpd_init) for httpd_init
    main.o(i.main) refers to app_http.o(i.SSI_Init) for SSI_Init
    main.o(i.main) refers to app_http.o(i.CGI_Init) for CGI_Init
    main.o(i.main) refers to app_ethernet.o(i.User_notification) for User_notification
    main.o(i.main) refers to ethernetif.o(i.ethernetif_input) for ethernetif_input
    main.o(i.main) refers to timeouts.o(i.sys_check_timeouts) for sys_check_timeouts
    main.o(i.main) refers to app_ethernet.o(i.DHCP_Periodic_Handle) for DHCP_Periodic_Handle
    main.o(i.main) refers to lwip.o(.bss) for gnetif
    gpio.o(i.MX_GPIO_Init) refers to stm32f4xx_hal_gpio.o(i.HAL_GPIO_WritePin) for HAL_GPIO_WritePin
    gpio.o(i.MX_GPIO_Init) refers to stm32f4xx_hal_gpio.o(i.HAL_GPIO_Init) for HAL_GPIO_Init
    gpio.o(i.MX_GPIO_Init) refers to stm32f4xx_hal_cortex.o(i.HAL_NVIC_SetPriority) for HAL_NVIC_SetPriority
    gpio.o(i.MX_GPIO_Init) refers to stm32f4xx_hal_cortex.o(i.HAL_NVIC_EnableIRQ) for HAL_NVIC_EnableIRQ
    bsp_driver_sd.o(i.BSP_SD_DMA_Rx_IRQHandler) refers to stm32f4xx_hal_dma.o(i.HAL_DMA_IRQHandler) for HAL_DMA_IRQHandler
    bsp_driver_sd.o(i.BSP_SD_DMA_Rx_IRQHandler) refers to sdio.o(.bss) for hsd
    bsp_driver_sd.o(i.BSP_SD_DMA_Tx_IRQHandler) refers to stm32f4xx_hal_dma.o(i.HAL_DMA_IRQHandler) for HAL_DMA_IRQHandler
    bsp_driver_sd.o(i.BSP_SD_DMA_Tx_IRQHandler) refers to sdio.o(.bss) for hsd
    bsp_driver_sd.o(i.BSP_SD_Erase) refers to stm32f4xx_hal_sd.o(i.HAL_SD_Erase) for HAL_SD_Erase
    bsp_driver_sd.o(i.BSP_SD_Erase) refers to sdio.o(.bss) for hsd
    bsp_driver_sd.o(i.BSP_SD_GetCardInfo) refers to stm32f4xx_hal_sd.o(i.HAL_SD_GetCardInfo) for HAL_SD_GetCardInfo
    bsp_driver_sd.o(i.BSP_SD_GetCardInfo) refers to sdio.o(.bss) for hsd
    bsp_driver_sd.o(i.BSP_SD_GetCardState) refers to stm32f4xx_hal_sd.o(i.HAL_SD_GetCardState) for HAL_SD_GetCardState
    bsp_driver_sd.o(i.BSP_SD_GetCardState) refers to sdio.o(.bss) for hsd
[...]
    _ll_shift_l                              0x08000389   Thumb Code     0  llshl.o(.text)
    __aeabi_llsr                             0x080003a7   Thumb Code    32  llushr.o(.text)
    _ll_ushift_r                             0x080003a7   Thumb Code     0  llushr.o(.text)
    strtol                                   0x080003c7   Thumb Code   112  strtol.o(.text)
    __scatterload                            0x08000439   Thumb Code    28  init.o(.text)
    __scatterload_rt2                        0x08000439   Thumb Code     0  init.o(.text)
    __rt_ctype_table                         0x0800045d   Thumb Code     4  ctype_o.o(.text)
    __semihosting_library_function           0x0800045d   Thumb Code     0  semi.o(.text)
    _strtoul                                 0x08000465   Thumb Code   158  _strtoul.o(.text)
    __I$use$semihosting$fputc                0x08000503   Thumb Code     0  iusesemip.o(.text)
    _chval                                   0x08000503   Thumb Code    28  _chval.o(.text)
    __decompress                             0x0800051f   Thumb Code     0  __dczerorl.o(.text)
    __decompress0                            0x0800051f   Thumb Code    58  __dczerorl.o(.text)
    BSP_SD_GetCardInfo                       0x08000559   Thumb Code     8  bsp_driver_sd.o(i.BSP_SD_GetCardInfo)
    BSP_SD_GetCardState                      0x08000565   Thumb Code    20  bsp_driver_sd.o(i.BSP_SD_GetCardState)
    BSP_SD_Init                              0x0800057d   Thumb Code    24  bsp_driver_sd.o(i.BSP_SD_Init)
    BSP_SD_IsDetected                        0x08000599   Thumb Code    12  bsp_driver_sd.o(i.BSP_SD_IsDetected)
    BSP_SD_ReadBlocks                        0x080005a5   Thumb Code    26  bsp_driver_sd.o(i.BSP_SD_ReadBlocks)
    BSP_SD_WriteBlocks                       0x080005c5   Thumb Code    26  bsp_driver_sd.o(i.BSP_SD_WriteBlocks)
    BusFault_Handler                         0x080005e5   Thumb Code     2  stm32f4xx_it.o(i.BusFault_Handler)
    CGI_Init                                 0x080005e9   Thumb Code    18  app_http.o(i.CGI_Init)
    DHCP_Periodic_Handle                     0x08000605   Thumb Code    38  app_ethernet.o(i.DHCP_Periodic_Handle)
    DHCP_Process                             0x08000631   Thumb Code   110  app_ethernet.o(i.DHCP_Process)
    DebugMon_Handler                         0x080006ad   Thumb Code     2  stm32f4xx_it.o(i.DebugMon_Handler)
    EXTI15_10_IRQHandler                     0x08000925   Thumb Code    52  stm32f4xx_it.o(i.EXTI15_10_IRQHandler)
    EXTI2_IRQHandler                         0x08000965   Thumb Code    72  stm32f4xx_it.o(i.EXTI2_IRQHandler)
    FATFS_LinkDriver                         0x080009b9   Thumb Code     6  ff_gen_drv.o(i.FATFS_LinkDriver)
    FATFS_LinkDriverEx                       0x080009c1   Thumb Code    58  ff_gen_drv.o(i.FATFS_LinkDriverEx)
    HAL_Delay                                0x08000a01   Thumb Code    32  stm32f4xx_hal.o(i.HAL_Delay)
    HAL_ETH_DMARxDescListInit                0x08000a25   Thumb Code   110  stm32f4xx_hal_eth.o(i.HAL_ETH_DMARxDescListInit)
    HAL_ETH_DMATxDescListInit                0x08000a93   Thumb Code   122  stm32f4xx_hal_eth.o(i.HAL_ETH_DMATxDescListInit)
    HAL_ETH_GetReceivedFrame                 0x08000b0d   Thumb Code   126  stm32f4xx_hal_eth.o(i.HAL_ETH_GetReceivedFrame)
    HAL_ETH_Init                             0x08000b8d   Thumb Code   530  stm32f4xx_hal_eth.o(i.HAL_ETH_Init)
    HAL_ETH_MspInit                          0x08000dc9   Thumb Code   156  ethernetif.o(i.HAL_ETH_MspInit)
    HAL_ETH_ReadPHYRegister                  0x08000e7d   Thumb Code   130  stm32f4xx_hal_eth.o(i.HAL_ETH_ReadPHYRegister)
    HAL_ETH_Start                            0x08000eff   Thumb Code    68  stm32f4xx_hal_eth.o(i.HAL_ETH_Start)
    HAL_ETH_TransmitFrame                    0x08000f43   Thumb Code   274  stm32f4xx_hal_eth.o(i.HAL_ETH_TransmitFrame)
    HAL_ETH_WritePHYRegister                 0x08001055   Thumb Code   122  stm32f4xx_hal_eth.o(i.HAL_ETH_WritePHYRegister)
    HAL_GPIO_Init                            0x080010d1   Thumb Code   406  stm32f4xx_hal_gpio.o(i.HAL_GPIO_Init)
    HAL_GPIO_WritePin                        0x08001295   Thumb Code    14  stm32f4xx_hal_gpio.o(i.HAL_GPIO_WritePin)
    HAL_GetTick                              0x080012a5   Thumb Code     6  stm32f4xx_hal.o(i.HAL_GetTick)
    HAL_IncTick                              0x080012b1   Thumb Code    12  stm32f4xx_hal.o(i.HAL_IncTick)
    HAL_Init                                 0x080012c1   Thumb Code    48  stm32f4xx_hal.o(i.HAL_Init)
    HAL_InitTick                             0x080012f5   Thumb Code    58  stm32f4xx_hal.o(i.HAL_InitTick)
    HAL_MspInit                              0x08001339   Thumb Code   126  stm32f4xx_hal_msp.o(i.HAL_MspInit)
    HAL_NVIC_EnableIRQ                       0x080013bd   Thumb Code    22  stm32f4xx_hal_cortex.o(i.HAL_NVIC_EnableIRQ)
    HAL_NVIC_SetPriority                     0x080013d5   Thumb Code    60  stm32f4xx_hal_cortex.o(i.HAL_NVIC_SetPriority)
    HAL_NVIC_SetPriorityGrouping             0x08001415   Thumb Code    26  stm32f4xx_hal_cortex.o(i.HAL_NVIC_SetPriorityGrouping)
    HAL_RCC_ClockConfig                      0x08001439   Thumb Code   308  stm32f4xx_hal_rcc.o(i.HAL_RCC_ClockConfig)
    HAL_RCC_GetHCLKFreq                      0x0800157d   Thumb Code     6  stm32f4xx_hal_rcc.o(i.HAL_RCC_GetHCLKFreq)
    HAL_RCC_GetSysClockFreq                  0x08001589   Thumb Code    94  stm32f4xx_hal_rcc.o(i.HAL_RCC_GetSysClockFreq)
    HAL_RCC_OscConfig                        0x080015f5   Thumb Code   896  stm32f4xx_hal_rcc.o(i.HAL_RCC_OscConfig)
    HAL_SD_GetCardCSD                        0x08001985   Thumb Code   478  stm32f4xx_hal_sd.o(i.HAL_SD_GetCardCSD)
    HAL_SD_GetCardInfo                       0x08001b63   Thumb Code    36  stm32f4xx_hal_sd.o(i.HAL_SD_GetCardInfo)
    HAL_SD_GetCardState                      0x08001b87   Thumb Code    32  stm32f4xx_hal_sd.o(i.HAL_SD_GetCardState)
    HAL_SD_Init                              0x08001ba7   Thumb Code    56  stm32f4xx_hal_sd.o(i.HAL_SD_Init)
    HAL_SD_InitCard                          0x08001be1   Thumb Code   110  stm32f4xx_hal_sd.o(i.HAL_SD_InitCard)
    HAL_SD_MspInit                           0x08001c55   Thumb Code    84  sdio.o(i.HAL_SD_MspInit)
    HAL_SD_ReadBlocks                        0x08001cb9   Thumb Code   500  stm32f4xx_hal_sd.o(i.HAL_SD_ReadBlocks)
    HAL_SD_WriteBlocks                       0x08001ead   Thumb Code   456  stm32f4xx_hal_sd.o(i.HAL_SD_WriteBlocks)
    HAL_SYSTICK_CLKSourceConfig              0x08002075   Thumb Code    28  stm32f4xx_hal_cortex.o(i.HAL_SYSTICK_CLKSourceConfig)
    HAL_SYSTICK_Callback                     0x08002091   Thumb Code     2  stm32f4xx_hal_cortex.o(i.HAL_SYSTICK_Callback)
    HAL_SYSTICK_Config                       0x08002093   Thumb Code    40  stm32f4xx_hal_cortex.o(i.HAL_SYSTICK_Config)
    HAL_SYSTICK_IRQHandler                   0x080020bb   Thumb Code     8  stm32f4xx_hal_cortex.o(i.HAL_SYSTICK_IRQHandler)
    HardFault_Handler                        0x080020c3   Thumb Code     2  stm32f4xx_it.o(i.HardFault_Handler)
    MSGS_CGI_Handler                         0x080020c5   Thumb Code    58  app_http.o(i.MSGS_CGI_Handler)
    MX_FATFS_Init                            0x08002119   Thumb Code    18  fatfs.o(i.MX_FATFS_Init)
    MX_GPIO_Init                             0x08002135   Thumb Code   192  gpio.o(i.MX_GPIO_Init)
    MX_LWIP_Init                             0x08002205   Thumb Code    84  lwip.o(i.MX_LWIP_Init)
    MX_SDIO_SD_Init                          0x08002269   Thumb Code    22  sdio.o(i.MX_SDIO_SD_Init)
    MemManage_Handler                        0x08002289   Thumb Code     2  stm32f4xx_it.o(i.MemManage_Handler)
    NMI_Handler                              0x0800228b   Thumb Code     2  stm32f4xx_it.o(i.NMI_Handler)
    PendSV_Handler                           0x080022ad   Thumb Code     2  stm32f4xx_it.o(i.PendSV_Handler)
    SDIO_ConfigData                          0x080022af   Thumb Code    36  stm32f4xx_ll_sdmmc.o(i.SDIO_ConfigData)
    SDIO_GetCommandResponse                  0x080022d3   Thumb Code     6  stm32f4xx_ll_sdmmc.o(i.SDIO_GetCommandResponse)
    SDIO_GetPowerState                       0x080022d9   Thumb Code     8  stm32f4xx_ll_sdmmc.o(i.SDIO_GetPowerState)
    SDIO_GetResponse                         0x080022e1   Thumb Code    14  stm32f4xx_ll_sdmmc.o(i.SDIO_GetResponse)
    SDIO_Init                                0x080022ef   Thumb Code    42  stm32f4xx_ll_sdmmc.o(i.SDIO_Init)
    SDIO_PowerState_ON                       0x08002319   Thumb Code     8  stm32f4xx_ll_sdmmc.o(i.SDIO_PowerState_ON)
    SDIO_ReadFIFO                            0x08002321   Thumb Code     6  stm32f4xx_ll_sdmmc.o(i.SDIO_ReadFIFO)
    SDIO_SendCommand                         0x08002327   Thumb Code    32  stm32f4xx_ll_sdmmc.o(i.SDIO_SendCommand)
    SDIO_WriteFIFO                           0x08002347   Thumb Code    10  stm32f4xx_ll_sdmmc.o(i.SDIO_WriteFIFO)
    SDMMC_CmdAppCommand                      0x08002351   Thumb Code    50  stm32f4xx_ll_sdmmc.o(i.SDMMC_CmdAppCommand)
    SDMMC_CmdAppOperCommand                  0x08002385   Thumb Code    46  stm32f4xx_ll_sdmmc.o(i.SDMMC_CmdAppOperCommand)
    SDMMC_CmdBlockLength                     0x080023b9   Thumb Code    50  stm32f4xx_ll_sdmmc.o(i.SDMMC_CmdBlockLength)
    SDMMC_CmdGoIdleState                     0x080023eb   Thumb Code    40  stm32f4xx_ll_sdmmc.o(i.SDMMC_CmdGoIdleState)
    SDMMC_CmdOperCond                        0x08002413   Thumb Code    48  stm32f4xx_ll_sdmmc.o(i.SDMMC_CmdOperCond)
    SDMMC_CmdReadMultiBlock                  0x08002443   Thumb Code    50  stm32f4xx_ll_sdmmc.o(i.SDMMC_CmdReadMultiBlock)
    SDMMC_CmdReadSingleBlock                 0x08002475   Thumb Code    50  stm32f4xx_ll_sdmmc.o(i.SDMMC_CmdReadSingleBlock)
    SDMMC_CmdSelDesel                        0x080024a7   Thumb Code    50  stm32f4xx_ll_sdmmc.o(i.SDMMC_CmdSelDesel)
    SDMMC_CmdSendCID                         0x080024d9   Thumb Code    44  stm32f4xx_ll_sdmmc.o(i.SDMMC_CmdSendCID)
    SDMMC_CmdSendCSD                         0x08002505   Thumb Code    44  stm32f4xx_ll_sdmmc.o(i.SDMMC_CmdSendCSD)
    SDMMC_CmdSendStatus                      0x08002531   Thumb Code    50  stm32f4xx_ll_sdmmc.o(i.SDMMC_CmdSendStatus)
    SDMMC_CmdSetRelAdd                       0x08002563   Thumb Code    48  stm32f4xx_ll_sdmmc.o(i.SDMMC_CmdSetRelAdd)
    SDMMC_CmdStopTransfer                    0x08002595   Thumb Code    46  stm32f4xx_ll_sdmmc.o(i.SDMMC_CmdStopTransfer)
    SDMMC_CmdWriteMultiBlock                 0x080025c9   Thumb Code    50  stm32f4xx_ll_sdmmc.o(i.SDMMC_CmdWriteMultiBlock)
    SDMMC_CmdWriteSingleBlock                0x080025fb   Thumb Code    50  stm32f4xx_ll_sdmmc.o(i.SDMMC_CmdWriteSingleBlock)
    SD_info                                  0x08002ae1   Thumb Code   164  app_http.o(i.SD_info)
    SD_initialize                            0x08002b91   Thumb Code    28  sd_diskio.o(i.SD_initialize)
    SD_ioctl                                 0x08002bb1   Thumb Code    86  sd_diskio.o(i.SD_ioctl)
    SD_read                                  0x08002c0d   Thumb Code    32  sd_diskio.o(i.SD_read)
    SD_status                                0x08002c2d   Thumb Code     4  sd_diskio.o(i.SD_status)
    SD_write                                 0x08002c31   Thumb Code    32  sd_diskio.o(i.SD_write)
    SSI_Handler                              0x08002c51   Thumb Code   178  app_http.o(i.SSI_Handler)
    SSI_Init                                 0x08002d3d   Thumb Code    54  app_http.o(i.SSI_Init)
    SVC_Handler                              0x08002da5   Thumb Code     2  stm32f4xx_it.o(i.SVC_Handler)
    SysTick_Handler                          0x08002da7   Thumb Code    14  stm32f4xx_it.o(i.SysTick_Handler)
    SystemClock_Config                       0x08002db5   Thumb Code   152  main.o(i.SystemClock_Config)
    SystemInit                               0x08002e65   Thumb Code    66  system_stm32f4xx.o(i.SystemInit)
    UsageFault_Handler                       0x08002eb9   Thumb Code     2  stm32f4xx_it.o(i.UsageFault_Handler)
    User_notification                        0x08002ebd   Thumb Code    52  app_ethernet.o(i.User_notification)
    _Error_Handler                           0x08002ef5   Thumb Code     2  main.o(i._Error_Handler)
    __0printf$3                              0x08002ef9   Thumb Code    22  printf3.o(i.__0printf$3)
    __1printf$3                              0x08002ef9   Thumb Code     0  printf3.o(i.__0printf$3)
    __2printf                                0x08002ef9   Thumb Code     0  printf3.o(i.__0printf$3)
    __0sprintf$3                             0x08002f19   Thumb Code    34  printf3.o(i.__0sprintf$3)
    __1sprintf$3                             0x08002f19   Thumb Code     0  printf3.o(i.__0sprintf$3)
    __2sprintf                               0x08002f19   Thumb Code     0  printf3.o(i.__0sprintf$3)
    __aeabi_errno_addr                       0x08002f41   Thumb Code     4  errno.o(i.__aeabi_errno_addr)
    __rt_errno_addr                          0x08002f41   Thumb Code     0  errno.o(i.__aeabi_errno_addr)
    __scatterload_copy                       0x08002f49   Thumb Code    14  handlers.o(i.__scatterload_copy)
    __scatterload_null                       0x08002f57   Thumb Code     2  handlers.o(i.__scatterload_null)
    __scatterload_zeroinit                   0x08002f59   Thumb Code    14  handlers.o(i.__scatterload_zeroinit)
    dhcp_arp_reply                           0x080033b5   Thumb Code    44  dhcp.o(i.dhcp_arp_reply)
    dhcp_coarse_tmr                          0x0800361d   Thumb Code    96  dhcp.o(i.dhcp_coarse_tmr)
    dhcp_fine_tmr                            0x08003c7d   Thumb Code    46  dhcp.o(i.dhcp_fine_tmr)
    dhcp_release                             0x08004a01   Thumb Code   162  dhcp.o(i.dhcp_release)
    dhcp_renew                               0x08004aad   Thumb Code   176  dhcp.o(i.dhcp_renew)
    dhcp_start                               0x08004c6d   Thumb Code   182  dhcp.o(i.dhcp_start)
    dhcp_stop                                0x08004de5   Thumb Code    72  dhcp.o(i.dhcp_stop)
    dhcp_supplied_address                    0x08004ebd   Thumb Code    34  dhcp.o(i.dhcp_supplied_address)
    disk_initialize                          0x08005221   Thumb Code    38  diskio.o(i.disk_initialize)
    disk_ioctl                               0x0800524d   Thumb Code    22  diskio.o(i.disk_ioctl)
    disk_read                                0x08005269   Thumb Code    24  diskio.o(i.disk_read)
    disk_status                              0x08005285   Thumb Code    18  diskio.o(i.disk_status)
    disk_write                               0x0800529d   Thumb Code    24  diskio.o(i.disk_write)
    etharp_cleanup_netif                     0x080053f9   Thumb Code    42  etharp.o(i.etharp_cleanup_netif)
    etharp_input                             0x080056b9   Thumb Code   186  etharp.o(i.etharp_input)
    etharp_output                            0x080057e5   Thumb Code   284  etharp.o(i.etharp_output)
    etharp_query                             0x08005ab1   Thumb Code   320  etharp.o(i.etharp_query)
    etharp_request                           0x08005e0d   Thumb Code     6  etharp.o(i.etharp_request)
    etharp_tmr                               0x08005e39   Thumb Code    92  etharp.o(i.etharp_tmr)
    ethernet_input                           0x08005fb5   Thumb Code   158  ethernet.o(i.ethernet_input)
    ethernet_output                          0x08006059   Thumb Code    96  ethernet.o(i.ethernet_output)
    ethernetif_init                          0x0800614d   Thumb Code    52  ethernetif.o(i.ethernetif_init)
    ethernetif_input                         0x080061d5   Thumb Code    40  ethernetif.o(i.ethernetif_input)
    f_closedir                               0x08006263   Thumb Code    36  ff.o(i.f_closedir)
    f_mount                                  0x08006289   Thumb Code    90  ff.o(i.f_mount)
    f_opendir                                0x080062e9   Thumb Code   134  ff.o(i.f_opendir)
    f_readdir                                0x0800636f   Thumb Code    74  ff.o(i.f_readdir)
    fputc                                    0x080066ef   Thumb Code    18  fputc.o(i.fputc)
    fs_bytes_left                            0x08006701   Thumb Code     8  fs.o(i.fs_bytes_left)
    fs_close                                 0x08006709   Thumb Code     2  fs.o(i.fs_close)
    fs_open                                  0x0800670d   Thumb Code    66  fs.o(i.fs_open)
    http_set_cgi_handlers                    0x080076f5   Thumb Code    50  httpd.o(i.http_set_cgi_handlers)
    http_set_ssi_handler                     0x080077b9   Thumb Code    74  httpd.o(i.http_set_ssi_handler)
    httpd_init                               0x08007a19   Thumb Code   104  httpd.o(i.httpd_init)
    icmp_dest_unreach                        0x08007b41   Thumb Code     8  icmp.o(i.icmp_dest_unreach)
    icmp_input                               0x08007b49   Thumb Code   320  icmp.o(i.icmp_input)
    icmp_time_exceeded                       0x08007e65   Thumb Code     8  icmp.o(i.icmp_time_exceeded)
    ip4_addr_isbroadcast_u32                 0x08007ef5   Thumb Code    64  ip4_addr.o(i.ip4_addr_isbroadcast_u32)
    ip4_frag                                 0x08007f35   Thumb Code   428  ip4_frag.o(i.ip4_frag)
    ip4_input                                0x080081ad   Thumb Code   486  ip4.o(i.ip4_input)
    ip4_output_if                            0x0800839d   Thumb Code    34  ip4.o(i.ip4_output_if)
    ip4_output_if_src                        0x080083c1   Thumb Code   206  ip4.o(i.ip4_output_if_src)
    ip4_reass                                0x08008531   Thumb Code   380  ip4_frag.o(i.ip4_reass)
    ip4_route                                0x080086b1   Thumb Code    84  ip4.o(i.ip4_route)
    ip_reass_tmr                             0x08008d49   Thumb Code    40  ip4_frag.o(i.ip_reass_tmr)
    lwip_htonl                               0x080090b9   Thumb Code    24  def.o(i.lwip_htonl)
    lwip_htons                               0x080090d1   Thumb Code    10  def.o(i.lwip_htons)
    lwip_init                                0x080090db   Thumb Code    30  init.o(i.lwip_init)
    lwip_stricmp                             0x080090f9   Thumb Code    50  def.o(i.lwip_stricmp)
    lwip_strnstr                             0x0800912b   Thumb Code    68  def.o(i.lwip_strnstr)
    main                                     0x08009171   Thumb Code    76  main.o(i.main)
    mem_free                                 0x080091dd   Thumb Code   110  mem.o(i.mem_free)
    mem_init                                 0x080092f9   Thumb Code    42  mem.o(i.mem_init)
    mem_malloc                               0x0800932d   Thumb Code   264  mem.o(i.mem_malloc)
    mem_trim                                 0x0800953d   Thumb Code   260  mem.o(i.mem_trim)
    memp_free                                0x080096d5   Thumb Code    34  memp.o(i.memp_free)
    memp_init                                0x08009771   Thumb Code    24  memp.o(i.memp_init)
    memp_init_pool                           0x0800978d   Thumb Code    42  memp.o(i.memp_init_pool)
    memp_malloc                              0x080097b9   Thumb Code    38  memp.o(i.memp_malloc)
    netif_add                                0x08009891   Thumb Code   116  netif.o(i.netif_add)
    netif_init                               0x0800997d   Thumb Code     2  netif.o(i.netif_init)
    netif_set_addr                           0x08009999   Thumb Code    76  netif.o(i.netif_set_addr)
    netif_set_default                        0x080099e5   Thumb Code     6  netif.o(i.netif_set_default)
    netif_set_down                           0x080099f1   Thumb Code    26  netif.o(i.netif_set_down)
    netif_set_gw                             0x08009a0b   Thumb Code    14  netif.o(i.netif_set_gw)
    netif_set_ipaddr                         0x08009a19   Thumb Code    66  netif.o(i.netif_set_ipaddr)
    netif_set_netmask                        0x08009a61   Thumb Code    14  netif.o(i.netif_set_netmask)
    netif_set_up                             0x08009a6f   Thumb Code    28  netif.o(i.netif_set_up)
    pbuf_alloc                               0x08009a8d   Thumb Code   522  pbuf.o(i.pbuf_alloc)
    pbuf_alloced_custom                      0x08009e31   Thumb Code   106  pbuf.o(i.pbuf_alloced_custom)
    pbuf_cat                                 0x08009f19   Thumb Code   100  pbuf.o(i.pbuf_cat)
    pbuf_chain                               0x0800a04d   Thumb Code    20  pbuf.o(i.pbuf_chain)
    pbuf_clen                                0x0800a061   Thumb Code    18  pbuf.o(i.pbuf_clen)
    pbuf_copy                                0x0800a075   Thumb Code   258  pbuf.o(i.pbuf_copy)
    pbuf_copy_partial                        0x0800a271   Thumb Code   136  pbuf.o(i.pbuf_copy_partial)
    pbuf_free                                0x0800a395   Thumb Code   182  pbuf.o(i.pbuf_free)
    pbuf_free_ooseq                          0x0800a505   Thumb Code    36  pbuf.o(i.pbuf_free_ooseq)
    pbuf_header                              0x0800a531   Thumb Code     6  pbuf.o(i.pbuf_header)
    pbuf_header_force                        0x0800a537   Thumb Code     6  pbuf.o(i.pbuf_header_force)
    pbuf_realloc                             0x0800a689   Thumb Code   198  pbuf.o(i.pbuf_realloc)
    pbuf_ref                                 0x0800a825   Thumb Code    32  pbuf.o(i.pbuf_ref)
    scan_files                               0x0800ab61   Thumb Code   128  app_http.o(i.scan_files)
    sys_check_timeouts                       0x0800ac55   Thumb Code    86  timeouts.o(i.sys_check_timeouts)
    sys_now                                  0x0800acb5   Thumb Code     4  ethernetif.o(i.sys_now)
    sys_timeout                              0x0800acb9   Thumb Code   170  timeouts.o(i.sys_timeout)
    sys_timeouts_init                        0x0800ae05   Thumb Code    36  timeouts.o(i.sys_timeouts_init)
    tcp_abandon                              0x0800ae35   Thumb Code   226  tcp.o(i.tcp_abandon)
    tcp_abort                                0x0800afa9   Thumb Code     6  tcp.o(i.tcp_abort)
    tcp_accept                               0x0800afaf   Thumb Code    14  tcp.o(i.tcp_accept)
    tcp_alloc                                0x0800afcd   Thumb Code   154  tcp.o(i.tcp_alloc)
    tcp_arg                                  0x0800b075   Thumb Code     8  tcp.o(i.tcp_arg)
    tcp_bind                                 0x0800b07d   Thumb Code   156  tcp.o(i.tcp_bind)
    tcp_close                                0x0800b1a5   Thumb Code    20  tcp.o(i.tcp_close)
    tcp_eff_send_mss_impl                    0x0800b551   Thumb Code    38  tcp.o(i.tcp_eff_send_mss_impl)
    tcp_enqueue_flags                        0x0800b579   Thumb Code   296  tcp_out.o(i.tcp_enqueue_flags)
    tcp_err                                  0x0800b7a9   Thumb Code    36  tcp.o(i.tcp_err)
    tcp_fasttmr                              0x0800b84d   Thumb Code   102  tcp.o(i.tcp_fasttmr)
    tcp_init                                 0x0800b8e9   Thumb Code     2  tcp.o(i.tcp_init)
    tcp_input                                0x0800b8ed   Thumb Code  1518  tcp_in.o(i.tcp_input)
    tcp_keepalive                            0x0800bf21   Thumb Code    82  tcp_out.o(i.tcp_keepalive)
    tcp_listen_with_backlog                  0x0800c261   Thumb Code     6  tcp.o(i.tcp_listen_with_backlog)
    tcp_listen_with_backlog_and_err          0x0800c269   Thumb Code   160  tcp.o(i.tcp_listen_with_backlog_and_err)
    tcp_netif_ip_addr_changed                0x0800c38d   Thumb Code    74  tcp.o(i.tcp_netif_ip_addr_changed)
    tcp_new                                  0x0800c3ff   Thumb Code     6  tcp.o(i.tcp_new)
    tcp_new_ip_type                          0x0800c405   Thumb Code     6  tcp.o(i.tcp_new_ip_type)
    tcp_next_iss                             0x0800c465   Thumb Code    12  tcp.o(i.tcp_next_iss)
    tcp_output                               0x0800c4f1   Thumb Code   560  tcp_out.o(i.tcp_output)
    tcp_pcb_purge                            0x0800cacd   Thumb Code    66  tcp.o(i.tcp_pcb_purge)
    tcp_pcb_remove                           0x0800cb11   Thumb Code   140  tcp.o(i.tcp_pcb_remove)
    tcp_poll                                 0x0800cc41   Thumb Code    36  tcp.o(i.tcp_poll)
    tcp_process_refused_data                 0x0800d229   Thumb Code   114  tcp.o(i.tcp_process_refused_data)
    tcp_recv                                 0x0800dd29   Thumb Code    36  tcp.o(i.tcp_recv)
    tcp_recv_null                            0x0800ddcd   Thumb Code    38  tcp.o(i.tcp_recv_null)
    tcp_recved                               0x0800ddf5   Thumb Code   110  tcp.o(i.tcp_recved)
    tcp_rexmit                               0x0800df1d   Thumb Code    86  tcp_out.o(i.tcp_rexmit)
    tcp_rexmit_fast                          0x0800df73   Thumb Code    88  tcp_out.o(i.tcp_rexmit_fast)
    tcp_rexmit_rto                           0x0800dfcb   Thumb Code    50  tcp_out.o(i.tcp_rexmit_rto)
    tcp_rst                                  0x0800dffd   Thumb Code   154  tcp_out.o(i.tcp_rst)
    tcp_seg_copy                             0x0800e125   Thumb Code    38  tcp.o(i.tcp_seg_copy)
    tcp_seg_free                             0x0800e14b   Thumb Code    30  tcp.o(i.tcp_seg_free)
    tcp_segs_free                            0x0800e169   Thumb Code    18  tcp.o(i.tcp_segs_free)
    tcp_send_empty_ack                       0x0800e17b   Thumb Code   110  tcp_out.o(i.tcp_send_empty_ack)
    tcp_send_fin                             0x0800e1e9   Thumb Code    72  tcp_out.o(i.tcp_send_fin)
    tcp_sent                                 0x0800e231   Thumb Code    34  tcp.o(i.tcp_sent)
    tcp_server_init                          0x0800e3a1   Thumb Code    58  net.o(i.tcp_server_init)
    tcp_setprio                              0x0800e5ed   Thumb Code     4  tcp.o(i.tcp_setprio)
    tcp_slowtmr                              0x0800e5f1   Thumb Code   806  tcp.o(i.tcp_slowtmr)
    tcp_timer_needed                         0x0800eae1   Thumb Code    36  timeouts.o(i.tcp_timer_needed)
    tcp_tmr                                  0x0800eb7d   Thumb Code    28  tcp.o(i.tcp_tmr)
    tcp_trigger_input_pcb_close              0x0800eb9d   Thumb Code    12  tcp_in.o(i.tcp_trigger_input_pcb_close)
    tcp_update_rcv_ann_wnd                   0x0800ebad   Thumb Code    76  tcp.o(i.tcp_update_rcv_ann_wnd)
    tcp_write                                0x0800ec6d   Thumb Code  1574  tcp_out.o(i.tcp_write)
    tcp_zero_window_probe                    0x0800f479   Thumb Code   196  tcp_out.o(i.tcp_zero_window_probe)
    udp_bind                                 0x0800f575   Thumb Code   124  udp.o(i.udp_bind)
    udp_connect                              0x0800f5f9   Thumb Code    80  udp.o(i.udp_connect)
    udp_init                                 0x0800f64d   Thumb Code     2  udp.o(i.udp_init)
    udp_input                                0x0800f651   Thumb Code   322  udp.o(i.udp_input)
    udp_netif_ip_addr_changed                0x0800f841   Thumb Code    48  udp.o(i.udp_netif_ip_addr_changed)
    udp_new                                  0x0800f875   Thumb Code    28  udp.o(i.udp_new)
    udp_recv                                 0x0800f8d9   Thumb Code     6  udp.o(i.udp_recv)
    udp_remove                               0x0800f8e1   Thumb Code    42  udp.o(i.udp_remove)
    udp_sendto_if                            0x0800f911   Thumb Code    56  udp.o(i.udp_sendto_if)
    udp_sendto_if_src                        0x0800f949   Thumb Code   188  udp.o(i.udp_sendto_if_src)
    SD_Driver                                0x0800fac0   Data          20  sd_diskio.o(.constdata)
    AHBPrescTable                            0x0800fad4   Data          16  system_stm32f4xx.o(.constdata)
    ethbroadcast                             0x0800fb80   Data           6  ethernet.o(.constdata)
    ethzero                                  0x0800fb86   Data           6  ethernet.o(.constdata)
    g_pcTagLeadIn                            0x0800fb8c   Data           4  httpd.o(.constdata)
    g_pcTagLeadOut                           0x0800fb90   Data           4  httpd.o(.constdata)
    g_psDefaultFilenames                     0x0800fba4   Data          40  httpd.o(.constdata)
    file__img_sics_gif                       0x08011094   Data          20  fs.o(.constdata)
    file__404_html                           0x080110a8   Data          20  fs.o(.constdata)
    file__counter_shtml                      0x080110bc   Data          20  fs.o(.constdata)
    file__index_html                         0x080110d0   Data          20  fs.o(.constdata)
    file__send_html                          0x080110e4   Data          20  fs.o(.constdata)
    memp_UDP_PCB                             0x080110f8   Data          12  memp.o(.constdata)
    memp_TCP_PCB                             0x08011104   Data          12  memp.o(.constdata)
    memp_TCP_PCB_LISTEN                      0x08011110   Data          12  memp.o(.constdata)
    memp_TCP_SEG                             0x0801111c   Data          12  memp.o(.constdata)
    memp_REASSDATA                           0x08011128   Data          12  memp.o(.constdata)
    memp_FRAG_PBUF                           0x08011134   Data          12  memp.o(.constdata)
    memp_SYS_TIMEOUT                         0x08011140   Data          12  memp.o(.constdata)
    memp_PBUF                                0x0801114c   Data          12  memp.o(.constdata)
    memp_PBUF_POOL                           0x08011158   Data          12  memp.o(.constdata)
    memp_pools                               0x08011164   Data          36  memp.o(.constdata)
    tcp_pcb_lists                            0x080111cc   Data          16  tcp.o(.constdata)
    lwip_cyclic_timers                       0x080111dc   Data          40  timeouts.o(.constdata)
    ip_addr_any                              0x08011204   Data           4  ip4_addr.o(.constdata)
    ip_addr_broadcast                        0x08011208   Data           4  ip4_addr.o(.constdata)
    __ctype_table                            0x08011214   Data         129  ctype_o.o(.constdata)
    Region$$Table$$Base                      0x080114bc   Number         0  anon$$obj.o(Region$$Table)
    Region$$Table$$Limit                     0x080114dc   Number         0  anon$$obj.o(Region$$Table)
    retSD                                    0x20000001   Data           1  fatfs.o(.data)
    SDPath                                   0x20000002   Data           4  fatfs.o(.data)
    DHCPfineTimer                            0x20000008   Data           4  lwip.o(.data)
    ipaddr                                   0x2000000c   Data           4  lwip.o(.data)
    netmask                                  0x20000010   Data           4  lwip.o(.data)
    gw                                       0x20000014   Data           4  lwip.o(.data)
    ETH_status                               0x20000018   Data           2  stm32f4xx_it.o(.data)
    SD_Card_status                           0x2000001a   Data           2  stm32f4xx_it.o(.data)
    uwTickFreq                               0x2000001c   Data           1  stm32f4xx_hal.o(.data)
    uwTickPrio                               0x20000020   Data           4  stm32f4xx_hal.o(.data)
    uwTick                                   0x20000024   Data           4  stm32f4xx_hal.o(.data)
    SystemCoreClock                          0x20000028   Data           4  system_stm32f4xx.o(.data)
    g_pfnSSIHandler                          0x20000034   Data           4  httpd.o(.data)
    g_iNumTags                               0x20000038   Data           4  httpd.o(.data)
    g_ppcTags                                0x2000003c   Data           4  httpd.o(.data)
    g_pCGIs                                  0x20000040   Data           4  httpd.o(.data)
    g_iNumCGIs                               0x20000044   Data           4  httpd.o(.data)
    http_cgi_paramcount                      0x20000048   Data           4  httpd.o(.data)
    netif_list                               0x20000080   Data           4  netif.o(.data)
    netif_default                            0x20000084   Data           4  netif.o(.data)
    pbuf_free_ooseq_pending                  0x20000088   Data           1  pbuf.o(.data)
    tcp_active_pcbs_changed                  0x2000008c   Data           1  tcp.o(.data)
    tcp_ticks                                0x20000098   Data           4  tcp.o(.data)
    tcp_bound_pcbs                           0x2000009c   Data           4  tcp.o(.data)
    tcp_listen_pcbs                          0x200000a0   Data           4  tcp.o(.data)
    tcp_active_pcbs                          0x200000a4   Data           4  tcp.o(.data)
    tcp_tw_pcbs                              0x200000a8   Data           4  tcp.o(.data)
    tcp_input_pcb                            0x200000cc   Data           4  tcp_in.o(.data)
    udp_pcbs                                 0x200000e0   Data           4  udp.o(.data)
    dhcp_rx_options_given                    0x200000f0   Data           8  dhcp.o(.data)
    DHCP_state                               0x20000104   Data           1  app_ethernet.o(.data)
    http_var1                                0x20000110   Data           2  app_http.o(.data)
    server_pcb                               0x20000128   Data           4  net.o(.data)
    ss                                       0x2000012c   Data           4  net.o(.data)
    __stdout                                 0x20000134   Data           4  stdout.o(.data)
    gnetif                                   0x2000013c   Data          52  lwip.o(.bss)
    DMARxDscrTab                             0x20000170   Data         128  ethernetif.o(.bss)
    DMATxDscrTab                             0x200001f0   Data         128  ethernetif.o(.bss)
    Rx_Buff                                  0x20000270   Data        6096  ethernetif.o(.bss)
    Tx_Buff                                  0x20001a40   Data        6096  ethernetif.o(.bss)
    heth                                     0x20003210   Data          72  ethernetif.o(.bss)
    hsd                                      0x20003258   Data         132  sdio.o(.bss)
    disk                                     0x200032fc   Data          12  ff_gen_drv.o(.bss)
    ip_data                                  0x20003748   Data          24  ip.o(.bss)
    ram_heap                                 0x20003760   Data        1619  mem.o(.bss)
    memp_memory_UDP_PCB_base                 0x20003db3   Data         131  memp.o(.bss)
    memp_memory_TCP_PCB_base                 0x20003e36   Data         763  memp.o(.bss)
    memp_memory_TCP_PCB_LISTEN_base          0x20004131   Data         227  memp.o(.bss)
    memp_memory_TCP_SEG_base                 0x20004214   Data         387  memp.o(.bss)
    memp_memory_REASSDATA_base               0x20004397   Data         163  memp.o(.bss)
    memp_memory_FRAG_PBUF_base               0x2000443a   Data         363  memp.o(.bss)
    memp_memory_SYS_TIMEOUT_base             0x200045a5   Data          83  memp.o(.bss)
    memp_memory_PBUF_base                    0x200045f8   Data         259  memp.o(.bss)
    memp_memory_PBUF_POOL_base               0x200046fb   Data        8515  memp.o(.bss)
    dhcp_rx_options_val                      0x20006850   Data          32  dhcp.o(.bss)
    SDFatFs                                  0x20006990   Data        4148  app_http.o(.bss)
    dirs_info                                0x200079c4   Data         780  app_http.o(.bss)
    files_info                               0x20007cd0   Data        1820  app_http.o(.bss)
    input_str                                0x200083ec   Data         100  net.o(.bss)
    __initial_sp                             0x2000c450   Data           0  startup_stm32f407xx.o(STACK)



==============================================================================

Memory Map of the image

  Image Entry point : 0x08000189

  Load Region LR_IROM1 (Base: 0x08000000, Size: 0x00011618, Max: 0x00080000, ABSOLUTE, COMPRESSED[0x00011504])

    Execution Region ER_IROM1 (Base: 0x08000000, Size: 0x000114dc, Max: 0x00080000, ABSOLUTE)

    Base Addr    Size         Type   Attr      Idx    E Section Name        Object

    0x08000000   0x00000188   Data   RO            3    RESET               startup_stm32f407xx.o
    0x08000188   0x00000000   Code   RO         6996  * .ARM.Collect$$$$00000000  mc_w.l(entry.o)
    0x08000188   0x00000004   Code   RO         7287    .ARM.Collect$$$$00000001  mc_w.l(entry2.o)
    0x0800018c   0x00000004   Code   RO         7290    .ARM.Collect$$$$00000004  mc_w.l(entry5.o)
    0x08000190   0x00000000   Code   RO         7292    .ARM.Collect$$$$00000008  mc_w.l(entry7b.o)
    0x08000190   0x00000000   Code   RO         7294    .ARM.Collect$$$$0000000A  mc_w.l(entry8b.o)
    0x08000190   0x00000008   Code   RO         7295    .ARM.Collect$$$$0000000B  mc_w.l(entry9a.o)
    0x08000198   0x00000000   Code   RO         7297    .ARM.Collect$$$$0000000D  mc_w.l(entry10a.o)
    0x08000198   0x00000000   Code   RO         7299    .ARM.Collect$$$$0000000F  mc_w.l(entry11a.o)
    0x08000198   0x00000004   Code   RO         7288    .ARM.Collect$$$$00002712  mc_w.l(entry2.o)
    0x0800019c   0x00000024   Code   RO            4    .text               startup_stm32f407xx.o
    0x080001c0   0x00000062   Code   RO         6999    .text               mc_w.l(uldiv.o)
    0x08000222   0x00000002   PAD
    0x08000224   0x00000024   Code   RO         7001    .text               mc_w.l(rand.o)
    0x08000248   0x00000024   Code   RO         7004    .text               mc_w.l(memcpya.o)
    0x0800026c   0x00000024   Code   RO         7006    .text               mc_w.l(memseta.o)
    0x08000290   0x00000024   Code   RO         7008    .text               mc_w.l(strstr.o)
    0x080002b4   0x00000018   Code   RO         7010    .text               mc_w.l(strncpy.o)
    0x080002cc   0x00000014   Code   RO         7012    .text               mc_w.l(strchr.o)
    0x080002e0   0x0000000e   Code   RO         7014    .text               mc_w.l(strlen.o)
    0x080002ee   0x0000001c   Code   RO         7016    .text               mc_w.l(strcmp.o)
    0x0800030a   0x0000001a   Code   RO         7018    .text               mc_w.l(memcmp.o)
    0x08000324   0x0000001e   Code   RO         7020    .text               mc_w.l(strncmp.o)
    0x08000342   0x0000001a   Code   RO         7285    .text               mc_w.l(atoi.o)
    0x0800035c   0x0000002c   Code   RO         7304    .text               mc_w.l(uidiv.o)
    0x08000388   0x0000001e   Code   RO         7306    .text               mc_w.l(llshl.o)
    0x080003a6   0x00000020   Code   RO         7308    .text               mc_w.l(llushr.o)
    0x080003c6   0x00000070   Code   RO         7317    .text               mc_w.l(strtol.o)
    0x08000436   0x00000002   PAD
    0x08000438   0x00000024   Code   RO         7330    .text               mc_w.l(init.o)
    0x0800045c   0x00000000   Code   RO         7332    .text               mc_w.l(semi.o)
    0x0800045c   0x00000008   Code   RO         7335    .text               mc_w.l(ctype_o.o)
    0x08000464   0x0000009e   Code   RO         7363    .text               mc_w.l(_strtoul.o)
    0x08000502   0x00000000   Code   RO         7365    .text               mc_w.l(iusesemip.o)
    0x08000502   0x0000001c   Code   RO         7368    .text               mc_w.l(_chval.o)
    0x0800051e   0x0000003a   Code   RO         7378    .text               mc_w.l(__dczerorl.o)
    0x08000558   0x0000000c   Code   RO          357    i.BSP_SD_GetCardInfo  bsp_driver_sd.o
    0x08000564   0x00000018   Code   RO          358    i.BSP_SD_GetCardState  bsp_driver_sd.o
    0x0800057c   0x0000001c   Code   RO          361    i.BSP_SD_Init       bsp_driver_sd.o
    0x08000598   0x0000000c   Code   RO          362    i.BSP_SD_IsDetected  bsp_driver_sd.o
    0x080005a4   0x00000020   Code   RO          363    i.BSP_SD_ReadBlocks  bsp_driver_sd.o
    0x080005c4   0x00000020   Code   RO          366    i.BSP_SD_WriteBlocks  bsp_driver_sd.o
    0x080005e4   0x00000002   Code   RO          784    i.BusFault_Handler  stm32f4xx_it.o
    0x080005e6   0x00000002   PAD
    0x080005e8   0x0000001c   Code   RO         6866    i.CGI_Init          app_http.o
    0x08000604   0x0000002c   Code   RO         6813    i.DHCP_Periodic_Handle  app_ethernet.o
    0x08000630   0x0000007c   Code   RO         6814    i.DHCP_Process      app_ethernet.o
    0x080006ac   0x00000002   Code   RO          785    i.DebugMon_Handler  stm32f4xx_it.o
    0x080006ae   0x00000010   Code   RO          900    i.ETH_DMAReceptionEnable  stm32f4xx_hal_eth.o
    0x080006be   0x00000010   Code   RO          902    i.ETH_DMATransmissionEnable  stm32f4xx_hal_eth.o
    0x080006ce   0x00000002   PAD
    0x080006d0   0x00000024   Code   RO          903    i.ETH_Delay         stm32f4xx_hal_eth.o
    0x080006f4   0x0000002e   Code   RO          904    i.ETH_FlushTransmitFIFO  stm32f4xx_hal_eth.o
    0x08000722   0x00000002   PAD
    0x08000724   0x0000002c   Code   RO          905    i.ETH_MACAddressConfig  stm32f4xx_hal_eth.o
    0x08000750   0x00000190   Code   RO          906    i.ETH_MACDMAConfig  stm32f4xx_hal_eth.o
    0x080008e0   0x00000022   Code   RO          908    i.ETH_MACReceptionEnable  stm32f4xx_hal_eth.o
    0x08000902   0x00000022   Code   RO          910    i.ETH_MACTransmissionEnable  stm32f4xx_hal_eth.o
    0x08000924   0x00000040   Code   RO          786    i.EXTI15_10_IRQHandler  stm32f4xx_it.o
    0x08000964   0x00000054   Code   RO          787    i.EXTI2_IRQHandler  stm32f4xx_it.o
    0x080009b8   0x00000006   Code   RO         3232    i.FATFS_LinkDriver  ff_gen_drv.o
    0x080009be   0x00000002   PAD
    0x080009c0   0x00000040   Code   RO         3233    i.FATFS_LinkDriverEx  ff_gen_drv.o
    0x08000a00   0x00000024   Code   RO         2590    i.HAL_Delay         stm32f4xx_hal.o
    0x08000a24   0x0000006e   Code   RO          913    i.HAL_ETH_DMARxDescListInit  stm32f4xx_hal_eth.o
    0x08000a92   0x0000007a   Code   RO          914    i.HAL_ETH_DMATxDescListInit  stm32f4xx_hal_eth.o
    0x08000b0c   0x0000007e   Code   RO          917    i.HAL_ETH_GetReceivedFrame  stm32f4xx_hal_eth.o
    0x08000b8a   0x00000002   PAD
    0x08000b8c   0x0000023c   Code   RO          921    i.HAL_ETH_Init      stm32f4xx_hal_eth.o
    0x08000dc8   0x000000b4   Code   RO          661    i.HAL_ETH_MspInit   ethernetif.o
    0x08000e7c   0x00000082   Code   RO          924    i.HAL_ETH_ReadPHYRegister  stm32f4xx_hal_eth.o
    0x08000efe   0x00000044   Code   RO          926    i.HAL_ETH_Start     stm32f4xx_hal_eth.o
    0x08000f42   0x00000112   Code   RO          928    i.HAL_ETH_TransmitFrame  stm32f4xx_hal_eth.o
    0x08001054   0x0000007a   Code   RO          930    i.HAL_ETH_WritePHYRegister  stm32f4xx_hal_eth.o
    0x080010ce   0x00000002   PAD
    0x080010d0   0x000001c4   Code   RO         2064    i.HAL_GPIO_Init     stm32f4xx_hal_gpio.o
    0x08001294   0x0000000e   Code   RO         2068    i.HAL_GPIO_WritePin  stm32f4xx_hal_gpio.o
    0x080012a2   0x00000002   PAD
    0x080012a4   0x0000000c   Code   RO         2596    i.HAL_GetTick       stm32f4xx_hal.o
    0x080012b0   0x00000010   Code   RO         2600    i.HAL_IncTick       stm32f4xx_hal.o
    0x080012c0   0x00000034   Code   RO         2601    i.HAL_Init          stm32f4xx_hal.o
    0x080012f4   0x00000044   Code   RO         2602    i.HAL_InitTick      stm32f4xx_hal.o
    0x08001338   0x00000084   Code   RO          875    i.HAL_MspInit       stm32f4xx_hal_msp.o
    0x080013bc   0x00000016   Code   RO         2453    i.HAL_NVIC_EnableIRQ  stm32f4xx_hal_cortex.o
    0x080013d2   0x00000002   PAD
    0x080013d4   0x00000040   Code   RO         2459    i.HAL_NVIC_SetPriority  stm32f4xx_hal_cortex.o
    0x08001414   0x00000024   Code   RO         2460    i.HAL_NVIC_SetPriorityGrouping  stm32f4xx_hal_cortex.o
    0x08001438   0x00000144   Code   RO         1665    i.HAL_RCC_ClockConfig  stm32f4xx_hal_rcc.o
    0x0800157c   0x0000000c   Code   RO         1670    i.HAL_RCC_GetHCLKFreq  stm32f4xx_hal_rcc.o
    0x08001588   0x0000006c   Code   RO         1674    i.HAL_RCC_GetSysClockFreq  stm32f4xx_hal_rcc.o
    0x080015f4   0x00000390   Code   RO         1677    i.HAL_RCC_OscConfig  stm32f4xx_hal_rcc.o
    0x08001984   0x000001de   Code   RO         1381    i.HAL_SD_GetCardCSD  stm32f4xx_hal_sd.o
    0x08001b62   0x00000024   Code   RO         1382    i.HAL_SD_GetCardInfo  stm32f4xx_hal_sd.o
    0x08001b86   0x00000020   Code   RO         1383    i.HAL_SD_GetCardState  stm32f4xx_hal_sd.o
    0x08001ba6   0x00000038   Code   RO         1388    i.HAL_SD_Init       stm32f4xx_hal_sd.o
    0x08001bde   0x00000002   PAD
    0x08001be0   0x00000074   Code   RO         1389    i.HAL_SD_InitCard   stm32f4xx_hal_sd.o
    0x08001c54   0x00000064   Code   RO          743    i.HAL_SD_MspInit    sdio.o
    0x08001cb8   0x000001f4   Code   RO         1392    i.HAL_SD_ReadBlocks  stm32f4xx_hal_sd.o
    0x08001eac   0x000001c8   Code   RO         1397    i.HAL_SD_WriteBlocks  stm32f4xx_hal_sd.o
    0x08002074   0x0000001c   Code   RO         2462    i.HAL_SYSTICK_CLKSourceConfig  stm32f4xx_hal_cortex.o
    0x08002090   0x00000002   Code   RO         2463    i.HAL_SYSTICK_Callback  stm32f4xx_hal_cortex.o
    0x08002092   0x00000028   Code   RO         2464    i.HAL_SYSTICK_Config  stm32f4xx_hal_cortex.o
    0x080020ba   0x00000008   Code   RO         2465    i.HAL_SYSTICK_IRQHandler  stm32f4xx_hal_cortex.o
    0x080020c2   0x00000002   Code   RO          788    i.HardFault_Handler  stm32f4xx_it.o
    0x080020c4   0x00000054   Code   RO         6867    i.MSGS_CGI_Handler  app_http.o
    0x08002118   0x0000001c   Code   RO          556    i.MX_FATFS_Init     fatfs.o
    0x08002134   0x000000d0   Code   RO          327    i.MX_GPIO_Init      gpio.o
    0x08002204   0x00000064   Code   RO          594    i.MX_LWIP_Init      lwip.o
    0x08002268   0x00000020   Code   RO          744    i.MX_SDIO_SD_Init   sdio.o
    0x08002288   0x00000002   Code   RO          789    i.MemManage_Handler  stm32f4xx_it.o
    0x0800228a   0x00000002   Code   RO          790    i.NMI_Handler       stm32f4xx_it.o
    0x0800228c   0x00000020   Code   RO         2466    i.NVIC_SetPriority  stm32f4xx_hal_cortex.o
    0x080022ac   0x00000002   Code   RO          791    i.PendSV_Handler    stm32f4xx_it.o
    0x080022ae   0x00000024   Code   RO         1097    i.SDIO_ConfigData   stm32f4xx_ll_sdmmc.o
    0x080022d2   0x00000006   Code   RO         1098    i.SDIO_GetCommandResponse  stm32f4xx_ll_sdmmc.o
    0x080022d8   0x00000008   Code   RO         1101    i.SDIO_GetPowerState  stm32f4xx_ll_sdmmc.o
    0x080022e0   0x0000000e   Code   RO         1102    i.SDIO_GetResponse  stm32f4xx_ll_sdmmc.o
    0x080022ee   0x0000002a   Code   RO         1103    i.SDIO_Init         stm32f4xx_ll_sdmmc.o
    0x08002318   0x00000008   Code   RO         1105    i.SDIO_PowerState_ON  stm32f4xx_ll_sdmmc.o
    0x08002320   0x00000006   Code   RO         1106    i.SDIO_ReadFIFO     stm32f4xx_ll_sdmmc.o
    0x08002326   0x00000020   Code   RO         1107    i.SDIO_SendCommand  stm32f4xx_ll_sdmmc.o
    0x08002346   0x0000000a   Code   RO         1109    i.SDIO_WriteFIFO    stm32f4xx_ll_sdmmc.o
    0x08002350   0x00000032   Code   RO         1110    i.SDMMC_CmdAppCommand  stm32f4xx_ll_sdmmc.o
    0x08002382   0x00000002   PAD
    0x08002384   0x00000034   Code   RO         1111    i.SDMMC_CmdAppOperCommand  stm32f4xx_ll_sdmmc.o
    0x080023b8   0x00000032   Code   RO         1112    i.SDMMC_CmdBlockLength  stm32f4xx_ll_sdmmc.o
    0x080023ea   0x00000028   Code   RO         1117    i.SDMMC_CmdGoIdleState  stm32f4xx_ll_sdmmc.o
    0x08002412   0x00000030   Code   RO         1119    i.SDMMC_CmdOperCond  stm32f4xx_ll_sdmmc.o
    0x08002442   0x00000032   Code   RO         1120    i.SDMMC_CmdReadMultiBlock  stm32f4xx_ll_sdmmc.o
    0x08002474   0x00000032   Code   RO         1121    i.SDMMC_CmdReadSingleBlock  stm32f4xx_ll_sdmmc.o
    0x080024a6   0x00000032   Code   RO         1124    i.SDMMC_CmdSelDesel  stm32f4xx_ll_sdmmc.o
    0x080024d8   0x0000002c   Code   RO         1125    i.SDMMC_CmdSendCID  stm32f4xx_ll_sdmmc.o
    0x08002504   0x0000002c   Code   RO         1126    i.SDMMC_CmdSendCSD  stm32f4xx_ll_sdmmc.o
    0x08002530   0x00000032   Code   RO         1128    i.SDMMC_CmdSendStatus  stm32f4xx_ll_sdmmc.o
    0x08002562   0x00000030   Code   RO         1129    i.SDMMC_CmdSetRelAdd  stm32f4xx_ll_sdmmc.o
    0x08002592   0x00000002   PAD
    0x08002594   0x00000034   Code   RO         1131    i.SDMMC_CmdStopTransfer  stm32f4xx_ll_sdmmc.o
    0x080025c8   0x00000032   Code   RO         1133    i.SDMMC_CmdWriteMultiBlock  stm32f4xx_ll_sdmmc.o
    0x080025fa   0x00000032   Code   RO         1134    i.SDMMC_CmdWriteSingleBlock  stm32f4xx_ll_sdmmc.o
    0x0800262c   0x00000034   Code   RO         1135    i.SDMMC_GetCmdError  stm32f4xx_ll_sdmmc.o
    0x08002660   0x00000124   Code   RO         1136    i.SDMMC_GetCmdResp1  stm32f4xx_ll_sdmmc.o
    0x08002784   0x00000050   Code   RO         1137    i.SDMMC_GetCmdResp2  stm32f4xx_ll_sdmmc.o
    0x080027d4   0x00000044   Code   RO         1138    i.SDMMC_GetCmdResp3  stm32f4xx_ll_sdmmc.o
    0x08002818   0x0000008c   Code   RO         1139    i.SDMMC_GetCmdResp6  stm32f4xx_ll_sdmmc.o
    0x080028a4   0x00000048   Code   RO         1140    i.SDMMC_GetCmdResp7  stm32f4xx_ll_sdmmc.o
    0x080028ec   0x00000020   Code   RO          496    i.SD_CheckStatus    sd_diskio.o
    0x0800290c   0x000000e2   Code   RO         1406    i.SD_InitCard       stm32f4xx_hal_sd.o
    0x080029ee   0x000000c4   Code   RO         1408    i.SD_PowerON        stm32f4xx_hal_sd.o
    0x08002ab2   0x0000002e   Code   RO         1411    i.SD_SendStatus     stm32f4xx_hal_sd.o
    0x08002ae0   0x000000b0   Code   RO         6868    i.SD_info           app_http.o
    0x08002b90   0x00000020   Code   RO          497    i.SD_initialize     sd_diskio.o
    0x08002bb0   0x0000005c   Code   RO          498    i.SD_ioctl          sd_diskio.o
    0x08002c0c   0x00000020   Code   RO          499    i.SD_read           sd_diskio.o
    0x08002c2c   0x00000004   Code   RO          500    i.SD_status         sd_diskio.o
    0x08002c30   0x00000020   Code   RO          501    i.SD_write          sd_diskio.o
    0x08002c50   0x000000ec   Code   RO         6869    i.SSI_Handler       app_http.o
    0x08002d3c   0x00000068   Code   RO         6870    i.SSI_Init          app_http.o
    0x08002da4   0x00000002   Code   RO          792    i.SVC_Handler       stm32f4xx_it.o
    0x08002da6   0x0000000e   Code   RO          793    i.SysTick_Handler   stm32f4xx_it.o
    0x08002db4   0x000000b0   Code   RO           13    i.SystemClock_Config  main.o
    0x08002e64   0x00000054   Code   RO         2755    i.SystemInit        system_stm32f4xx.o
    0x08002eb8   0x00000002   Code   RO          794    i.UsageFault_Handler  stm32f4xx_it.o
    0x08002eba   0x00000002   PAD
    0x08002ebc   0x00000038   Code   RO         6815    i.User_notification  app_ethernet.o
    0x08002ef4   0x00000002   Code   RO           14    i._Error_Handler    main.o
    0x08002ef6   0x00000002   PAD
    0x08002ef8   0x00000020   Code   RO         7113    i.__0printf$3       mc_w.l(printf3.o)
    0x08002f18   0x00000028   Code   RO         7115    i.__0sprintf$3      mc_w.l(printf3.o)
    0x08002f40   0x00000008   Code   RO         7310    i.__aeabi_errno_addr  mc_w.l(errno.o)
    0x08002f48   0x0000000e   Code   RO         7372    i.__scatterload_copy  mc_w.l(handlers.o)
    0x08002f56   0x00000002   Code   RO         7373    i.__scatterload_null  mc_w.l(handlers.o)
    0x08002f58   0x0000000e   Code   RO         7374    i.__scatterload_zeroinit  mc_w.l(handlers.o)
    0x08002f66   0x00000002   PAD
    0x08002f68   0x000001b8   Code   RO         7120    i._printf_core      mc_w.l(printf3.o)
    0x08003120   0x0000000a   Code   RO         7122    i._sputc            mc_w.l(printf3.o)
    0x0800312a   0x00000002   PAD
    0x0800312c   0x00000074   Code   RO         2871    i.check_fs          ff.o
    0x080031a0   0x00000010   Code   RO         2872    i.chk_chr           ff.o
    0x080031b0   0x00000020   Code   RO         2874    i.clear_lock        ff.o
    0x080031d0   0x00000018   Code   RO         2876    i.clust2sect        ff.o
    0x080031e8   0x000000b0   Code   RO         2877    i.create_chain      ff.o
    0x08003298   0x000000d0   Code   RO         2878    i.create_name       ff.o
    0x08003368   0x0000001c   Code   RO         5612    i.cyclic_timer      timeouts.o
    0x08003384   0x00000030   Code   RO         2879    i.dec_lock          ff.o
    0x080033b4   0x0000009c   Code   RO         5834    i.dhcp_arp_reply    dhcp.o
    0x08003450   0x00000198   Code   RO         5835    i.dhcp_bind         dhcp.o
    0x080035e8   0x00000034   Code   RO         5836    i.dhcp_check        dhcp.o
    0x0800361c   0x00000064   Code   RO         5838    i.dhcp_coarse_tmr   dhcp.o
    0x08003680   0x000002c4   Code   RO         5839    i.dhcp_create_msg   dhcp.o
    0x08003944   0x000000b8   Code   RO         5840    i.dhcp_dec_pcb_refcount  dhcp.o
    0x080039fc   0x0000008c   Code   RO         5841    i.dhcp_decline      dhcp.o
    0x08003a88   0x00000124   Code   RO         5842    i.dhcp_delete_msg   dhcp.o
    0x08003bac   0x000000d0   Code   RO         5843    i.dhcp_discover     dhcp.o
    0x08003c7c   0x00000034   Code   RO         5844    i.dhcp_fine_tmr     dhcp.o
    0x08003cb0   0x00000070   Code   RO         5845    i.dhcp_handle_ack   dhcp.o
    0x08003d20   0x00000028   Code   RO         5846    i.dhcp_handle_nak   dhcp.o
    0x08003d48   0x00000034   Code   RO         5847    i.dhcp_handle_offer  dhcp.o
    0x08003d7c   0x000000ec   Code   RO         5848    i.dhcp_inc_pcb_refcount  dhcp.o
    0x08003e68   0x000000a0   Code   RO         5851    i.dhcp_option       dhcp.o
    0x08003f08   0x000000c4   Code   RO         5852    i.dhcp_option_byte  dhcp.o
    0x08003fcc   0x000000f4   Code   RO         5853    i.dhcp_option_long  dhcp.o
    0x080040c0   0x0000009c   Code   RO         5854    i.dhcp_option_short  dhcp.o
    0x0800415c   0x00000160   Code   RO         5855    i.dhcp_option_trailer  dhcp.o
    0x080042bc   0x00000434   Code   RO         5856    i.dhcp_parse_reply  dhcp.o
    0x080046f0   0x000000b8   Code   RO         5857    i.dhcp_rebind       dhcp.o
    0x080047a8   0x000000d0   Code   RO         5858    i.dhcp_reboot       dhcp.o
    0x08004878   0x00000188   Code   RO         5859    i.dhcp_recv         dhcp.o
    0x08004a00   0x000000ac   Code   RO         5860    i.dhcp_release      dhcp.o
    0x08004aac   0x000000b4   Code   RO         5861    i.dhcp_renew        dhcp.o
    0x08004b60   0x000000fc   Code   RO         5862    i.dhcp_select       dhcp.o
    0x08004c5c   0x00000010   Code   RO         5863    i.dhcp_set_state    dhcp.o
    0x08004c6c   0x00000178   Code   RO         5865    i.dhcp_start        dhcp.o
    0x08004de4   0x000000d8   Code   RO         5866    i.dhcp_stop         dhcp.o
    0x08004ebc   0x00000022   Code   RO         5867    i.dhcp_supplied_address  dhcp.o
    0x08004ede   0x0000002a   Code   RO         5868    i.dhcp_t1_timeout   dhcp.o
    0x08004f08   0x0000002e   Code   RO         5869    i.dhcp_t2_timeout   dhcp.o
    0x08004f36   0x0000007c   Code   RO         5870    i.dhcp_timeout      dhcp.o
    0x08004fb2   0x00000054   Code   RO         2881    i.dir_find          ff.o
    0x08005006   0x00000118   Code   RO         2882    i.dir_next          ff.o
    0x0800511e   0x00000060   Code   RO         2883    i.dir_read          ff.o
    0x0800517e   0x000000a2   Code   RO         2886    i.dir_sdi           ff.o
    0x08005220   0x0000002c   Code   RO         2816    i.disk_initialize   diskio.o
    0x0800524c   0x0000001c   Code   RO         2817    i.disk_ioctl        diskio.o
    0x08005268   0x0000001c   Code   RO         2818    i.disk_read         diskio.o
    0x08005284   0x00000018   Code   RO         2819    i.disk_status       diskio.o
    0x0800529c   0x0000001c   Code   RO         2820    i.disk_write        diskio.o
    0x080052b8   0x0000009c   Code   RO         4598    i.do_memp_free_pool  memp.o
    0x08005354   0x000000a4   Code   RO         4599    i.do_memp_malloc_pool  memp.o
    0x080053f8   0x00000030   Code   RO         6060    i.etharp_cleanup_netif  etharp.o
    0x08005428   0x00000268   Code   RO         6062    i.etharp_find_entry  etharp.o
    0x08005690   0x00000028   Code   RO         6063    i.etharp_free_entry  etharp.o
    0x080056b8   0x0000012c   Code   RO         6065    i.etharp_input      etharp.o
    0x080057e4   0x000001b4   Code   RO         6066    i.etharp_output     etharp.o
    0x08005998   0x00000118   Code   RO         6067    i.etharp_output_to_arp_index  etharp.o
    0x08005ab0   0x000001ec   Code   RO         6068    i.etharp_query      etharp.o
    0x08005c9c   0x00000170   Code   RO         6069    i.etharp_raw        etharp.o
    0x08005e0c   0x0000000c   Code   RO         6070    i.etharp_request    etharp.o
    0x08005e18   0x00000020   Code   RO         6071    i.etharp_request_dst  etharp.o
    0x08005e38   0x00000060   Code   RO         6072    i.etharp_tmr        etharp.o
    0x08005e98   0x0000011c   Code   RO         6073    i.etharp_update_arp_entry  etharp.o
    0x08005fb4   0x000000a4   Code   RO         3720    i.ethernet_input    ethernet.o
    0x08006058   0x000000f4   Code   RO         3721    i.ethernet_output   ethernet.o
    0x0800614c   0x00000088   Code   RO          662    i.ethernetif_init   ethernetif.o
    0x080061d4   0x00000028   Code   RO          663    i.ethernetif_input  ethernetif.o
    0x080061fc   0x00000066   Code   RO         3882    i.extract_uri_parameters  httpd.o
    0x08006262   0x00000024   Code   RO         2889    i.f_closedir        ff.o
    0x08006286   0x00000002   PAD
    0x08006288   0x00000060   Code   RO         2895    i.f_mount           ff.o
    0x080062e8   0x00000086   Code   RO         2897    i.f_opendir         ff.o
    0x0800636e   0x0000004a   Code   RO         2902    i.f_readdir         ff.o
    0x080063b8   0x000002b8   Code   RO         2909    i.find_volume       ff.o
    0x08006670   0x0000007e   Code   RO         2910    i.follow_path       ff.o
    0x080066ee   0x00000012   Code   RO         7301    i.fputc             mc_w.l(fputc.o)
    0x08006700   0x00000008   Code   RO         4069    i.fs_bytes_left     fs.o
    0x08006708   0x00000002   Code   RO         4070    i.fs_close          fs.o
    0x0800670a   0x00000002   PAD
    0x0800670c   0x00000048   Code   RO         4071    i.fs_open           fs.o
    0x08006754   0x000000ee   Code   RO         2911    i.get_fat           ff.o
    0x08006842   0x0000006a   Code   RO         2912    i.get_fileinfo      ff.o
    0x080068ac   0x00000042   Code   RO         2913    i.get_ldnumber      ff.o
    0x080068ee   0x00000002   PAD
    0x080068f0   0x00000194   Code   RO         3883    i.get_tag_insert    httpd.o
    0x08006a84   0x00000064   Code   RO         3884    i.http_accept       httpd.o
    0x08006ae8   0x000000d8   Code   RO         3885    i.http_check_eof    httpd.o
    0x08006bc0   0x00000006   Code   RO         3886    i.http_close_conn   httpd.o
    0x08006bc6   0x00000002   PAD
    0x08006bc8   0x00000064   Code   RO         3887    i.http_close_or_abort_conn  httpd.o
    0x08006c2c   0x00000004   Code   RO         3888    i.http_eof          httpd.o
    0x08006c30   0x0000000a   Code   RO         3889    i.http_err          httpd.o
    0x08006c3a   0x00000002   PAD
    0x08006c3c   0x000001b4   Code   RO         3890    i.http_find_file    httpd.o
    0x08006df0   0x00000058   Code   RO         3891    i.http_get_404_file  httpd.o
    0x08006e48   0x00000154   Code   RO         3892    i.http_init_file    httpd.o
    0x08006f9c   0x000001a4   Code   RO         3893    i.http_parse_request  httpd.o
    0x08007140   0x00000046   Code   RO         3894    i.http_poll         httpd.o
    0x08007186   0x00000002   PAD
    0x08007188   0x00000130   Code   RO         3895    i.http_recv         httpd.o
    0x080072b8   0x0000005a   Code   RO         3896    i.http_send         httpd.o
    0x08007312   0x00000042   Code   RO         3897    i.http_send_data_nonssi  httpd.o
    0x08007354   0x00000380   Code   RO         3898    i.http_send_data_ssi  httpd.o
    0x080076d4   0x0000001e   Code   RO         3899    i.http_sent         httpd.o
    0x080076f2   0x00000002   PAD
    0x080076f4   0x000000c4   Code   RO         3900    i.http_set_cgi_handlers  httpd.o
    0x080077b8   0x000000f0   Code   RO         3901    i.http_set_ssi_handler  httpd.o
    0x080078a8   0x00000018   Code   RO         3902    i.http_ssi_state_alloc  httpd.o
    0x080078c0   0x0000000a   Code   RO         3903    i.http_ssi_state_free  httpd.o
    0x080078ca   0x00000016   Code   RO         3904    i.http_state_alloc  httpd.o
    0x080078e0   0x0000002a   Code   RO         3905    i.http_state_eof    httpd.o
    0x0800790a   0x0000001a   Code   RO         3906    i.http_state_free   httpd.o
    0x08007924   0x00000006   Code   RO         3907    i.http_state_init   httpd.o
    0x0800792a   0x00000002   PAD
    0x0800792c   0x000000ec   Code   RO         3908    i.http_write        httpd.o
    0x08007a18   0x00000128   Code   RO         3909    i.httpd_init        httpd.o
    0x08007b40   0x00000008   Code   RO         6160    i.icmp_dest_unreach  icmp.o
    0x08007b48   0x00000210   Code   RO         6161    i.icmp_input        icmp.o
    0x08007d58   0x0000010c   Code   RO         6162    i.icmp_send_response  icmp.o
    0x08007e64   0x00000008   Code   RO         6163    i.icmp_time_exceeded  icmp.o
    0x08007e6c   0x00000088   Code   RO         2914    i.inc_lock          ff.o
    0x08007ef4   0x00000040   Code   RO         6276    i.ip4_addr_isbroadcast_u32  ip4_addr.o
    0x08007f34   0x00000278   Code   RO         6342    i.ip4_frag          ip4_frag.o
    0x080081ac   0x000001f0   Code   RO         6226    i.ip4_input         ip4.o
    0x0800839c   0x00000022   Code   RO         6228    i.ip4_output_if     ip4.o
    0x080083be   0x00000002   PAD
    0x080083c0   0x00000170   Code   RO         6229    i.ip4_output_if_src  ip4.o
    0x08008530   0x00000180   Code   RO         6343    i.ip4_reass         ip4_frag.o
    0x080086b0   0x0000005c   Code   RO         6230    i.ip4_route         ip4.o
    0x0800870c   0x00000006   Code   RO         6344    i.ip_frag_alloc_pbuf_custom_ref  ip4_frag.o
    0x08008712   0x00000002   PAD
    0x08008714   0x00000094   Code   RO         6345    i.ip_frag_free_pbuf_custom_ref  ip4_frag.o
    0x080087a8   0x00000270   Code   RO         6346    i.ip_reass_chain_frag_into_datagram_and_validate  ip4_frag.o
    0x08008a18   0x000000bc   Code   RO         6347    i.ip_reass_dequeue_datagram  ip4_frag.o
    0x08008ad4   0x00000054   Code   RO         6348    i.ip_reass_enqueue_new_datagram  ip4_frag.o
    0x08008b28   0x00000198   Code   RO         6349    i.ip_reass_free_complete_datagram  ip4_frag.o
    0x08008cc0   0x00000088   Code   RO         6350    i.ip_reass_remove_oldest_datagram  ip4_frag.o
    0x08008d48   0x0000002c   Code   RO         6351    i.ip_reass_tmr      ip4_frag.o
    0x08008d74   0x00000098   Code   RO         6352    i.ipfrag_free_pbuf_custom  ip4_frag.o
    0x08008e0c   0x00000026   Code   RO         2915    i.ld_clust          ff.o
    0x08008e32   0x00000016   Code   RO         2916    i.ld_dword          ff.o
    0x08008e48   0x0000000a   Code   RO         2917    i.ld_word           ff.o
    0x08008e52   0x00000002   PAD
    0x08008e54   0x000000f0   Code   RO          664    i.low_level_init    ethernetif.o
    0x08008f44   0x000000c4   Code   RO          665    i.low_level_input   ethernetif.o
    0x08009008   0x000000b0   Code   RO          666    i.low_level_output  ethernetif.o
    0x080090b8   0x00000018   Code   RO         4286    i.lwip_htonl        def.o
    0x080090d0   0x0000000a   Code   RO         4287    i.lwip_htons        def.o
    0x080090da   0x0000001e   Code   RO         4439    i.lwip_init         init.o
    0x080090f8   0x00000032   Code   RO         4289    i.lwip_stricmp      def.o
    0x0800912a   0x00000044   Code   RO         4291    i.lwip_strnstr      def.o
    0x0800916e   0x00000002   PAD
    0x08009170   0x00000054   Code   RO           15    i.main              main.o
    0x080091c4   0x00000018   Code   RO         2918    i.mem_cmp           ff.o
    0x080091dc   0x0000011c   Code   RO         4532    i.mem_free          mem.o
    0x080092f8   0x00000034   Code   RO         4533    i.mem_init          mem.o
    0x0800932c   0x00000204   Code   RO         4534    i.mem_malloc        mem.o
    0x08009530   0x0000000c   Code   RO         2920    i.mem_set           ff.o
    0x0800953c   0x00000198   Code   RO         4535    i.mem_trim          mem.o
    0x080096d4   0x0000009c   Code   RO         4600    i.memp_free         memp.o
    0x08009770   0x0000001c   Code   RO         4602    i.memp_init         memp.o
    0x0800978c   0x0000002a   Code   RO         4603    i.memp_init_pool    memp.o
    0x080097b6   0x00000002   PAD
    0x080097b8   0x000000a4   Code   RO         4604    i.memp_malloc       memp.o
    0x0800985c   0x00000034   Code   RO         2921    i.move_window       ff.o
    0x08009890   0x000000ec   Code   RO         4729    i.netif_add         netif.o
    0x0800997c   0x00000002   Code   RO         4731    i.netif_init        netif.o
    0x0800997e   0x0000001a   Code   RO         4733    i.netif_issue_reports  netif.o
    0x08009998   0x0000004c   Code   RO         4735    i.netif_set_addr    netif.o
    0x080099e4   0x0000000c   Code   RO         4736    i.netif_set_default  netif.o
    0x080099f0   0x0000001a   Code   RO         4737    i.netif_set_down    netif.o
    0x08009a0a   0x0000000e   Code   RO         4738    i.netif_set_gw      netif.o
    0x08009a18   0x00000048   Code   RO         4739    i.netif_set_ipaddr  netif.o
    0x08009a60   0x0000000e   Code   RO         4742    i.netif_set_netmask  netif.o
    0x08009a6e   0x0000001c   Code   RO         4743    i.netif_set_up      netif.o
    0x08009a8a   0x00000002   PAD
    0x08009a8c   0x000003a4   Code   RO         4863    i.pbuf_alloc        pbuf.o
    0x08009e30   0x000000e8   Code   RO         4864    i.pbuf_alloced_custom  pbuf.o
    0x08009f18   0x00000134   Code   RO         4865    i.pbuf_cat          pbuf.o
    0x0800a04c   0x00000014   Code   RO         4866    i.pbuf_chain        pbuf.o
    0x0800a060   0x00000012   Code   RO         4867    i.pbuf_clen         pbuf.o
    0x0800a072   0x00000002   PAD
    0x0800a074   0x000001fc   Code   RO         4869    i.pbuf_copy         pbuf.o
    0x0800a270   0x00000124   Code   RO         4870    i.pbuf_copy_partial  pbuf.o
    0x0800a394   0x00000170   Code   RO         4872    i.pbuf_free         pbuf.o
    0x0800a504   0x0000002c   Code   RO         4873    i.pbuf_free_ooseq   pbuf.o
    0x0800a530   0x00000006   Code   RO         4875    i.pbuf_header       pbuf.o
    0x0800a536   0x00000006   Code   RO         4876    i.pbuf_header_force  pbuf.o
    0x0800a53c   0x00000140   Code   RO         4877    i.pbuf_header_impl  pbuf.o
    0x0800a67c   0x0000000c   Code   RO         4880    i.pbuf_pool_is_empty  pbuf.o
    0x0800a688   0x0000019c   Code   RO         4882    i.pbuf_realloc      pbuf.o
    0x0800a824   0x0000008c   Code   RO         4883    i.pbuf_ref          pbuf.o
    0x0800a8b0   0x0000017c   Code   RO         4536    i.plug_holes        mem.o
    0x0800aa2c   0x00000132   Code   RO         2922    i.put_fat           ff.o
    0x0800ab5e   0x00000002   PAD
    0x0800ab60   0x00000088   Code   RO         6871    i.scan_files        app_http.o
    0x0800abe8   0x00000010   Code   RO         2928    i.st_dword          ff.o
    0x0800abf8   0x00000008   Code   RO         2929    i.st_word           ff.o
    0x0800ac00   0x00000054   Code   RO         2931    i.sync_window       ff.o
    0x0800ac54   0x00000060   Code   RO         5613    i.sys_check_timeouts  timeouts.o
    0x0800acb4   0x00000004   Code   RO          668    i.sys_now           ethernetif.o
    0x0800acb8   0x0000014c   Code   RO         5615    i.sys_timeout       timeouts.o
    0x0800ae04   0x00000030   Code   RO         5616    i.sys_timeouts_init  timeouts.o
    0x0800ae34   0x00000174   Code   RO         5115    i.tcp_abandon       tcp.o
    0x0800afa8   0x00000006   Code   RO         5116    i.tcp_abort         tcp.o
    0x0800afae   0x0000000e   Code   RO         5117    i.tcp_accept        tcp.o
    0x0800afbc   0x0000000e   Code   RO         5118    i.tcp_accept_null   tcp.o
    0x0800afca   0x00000002   PAD
    0x0800afcc   0x000000a8   Code   RO         5119    i.tcp_alloc         tcp.o
    0x0800b074   0x00000008   Code   RO         5120    i.tcp_arg           tcp.o
    0x0800b07c   0x00000128   Code   RO         5121    i.tcp_bind          tcp.o
    0x0800b1a4   0x00000014   Code   RO         5122    i.tcp_close         tcp.o
    0x0800b1b8   0x00000198   Code   RO         5123    i.tcp_close_shutdown  tcp.o
    0x0800b350   0x000000d8   Code   RO         5124    i.tcp_close_shutdown_fin  tcp.o
    0x0800b428   0x00000128   Code   RO         5495    i.tcp_create_segment  tcp_out.o
    0x0800b550   0x00000026   Code   RO         5127    i.tcp_eff_send_mss_impl  tcp.o
    0x0800b576   0x00000002   PAD
    0x0800b578   0x00000230   Code   RO         5496    i.tcp_enqueue_flags  tcp_out.o
    0x0800b7a8   0x000000a4   Code   RO         5128    i.tcp_err           tcp.o
    0x0800b84c   0x0000006c   Code   RO         5129    i.tcp_fasttmr       tcp.o
    0x0800b8b8   0x00000030   Code   RO         5411    i.tcp_getoptbyte    tcp_in.o
    0x0800b8e8   0x00000002   Code   RO         5130    i.tcp_init          tcp.o
    0x0800b8ea   0x00000002   PAD
    0x0800b8ec   0x000005f4   Code   RO         5412    i.tcp_input         tcp_in.o
    0x0800bee0   0x00000040   Code   RO         5413    i.tcp_input_delayed_close  tcp_in.o
    0x0800bf20   0x00000052   Code   RO         5497    i.tcp_keepalive     tcp_out.o
    0x0800bf72   0x00000002   PAD
    0x0800bf74   0x00000048   Code   RO         5131    i.tcp_kill_prio     tcp.o
    0x0800bfbc   0x000000bc   Code   RO         5132    i.tcp_kill_state    tcp.o
    0x0800c078   0x00000034   Code   RO         5133    i.tcp_kill_timewait  tcp.o
    0x0800c0ac   0x000000c0   Code   RO         5134    i.tcp_listen_closed  tcp.o
    0x0800c16c   0x000000f4   Code   RO         5414    i.tcp_listen_input  tcp_in.o
    0x0800c260   0x00000006   Code   RO         5135    i.tcp_listen_with_backlog  tcp.o
    0x0800c266   0x00000002   PAD
    0x0800c268   0x00000124   Code   RO         5136    i.tcp_listen_with_backlog_and_err  tcp.o
    0x0800c38c   0x00000050   Code   RO         5137    i.tcp_netif_ip_addr_changed  tcp.o
    0x0800c3dc   0x00000022   Code   RO         5138    i.tcp_netif_ip_addr_changed_pcblist  tcp.o
    0x0800c3fe   0x00000006   Code   RO         5139    i.tcp_new           tcp.o
    0x0800c404   0x00000006   Code   RO         5140    i.tcp_new_ip_type   tcp.o
    0x0800c40a   0x00000002   PAD
    0x0800c40c   0x00000058   Code   RO         5141    i.tcp_new_port      tcp.o
    0x0800c464   0x00000010   Code   RO         5142    i.tcp_next_iss      tcp.o
    0x0800c474   0x0000007c   Code   RO         5415    i.tcp_oos_insert_segment  tcp_in.o
    0x0800c4f0   0x000002d0   Code   RO         5498    i.tcp_output        tcp_out.o
    0x0800c7c0   0x00000114   Code   RO         5499    i.tcp_output_alloc_header  tcp_out.o
    0x0800c8d4   0x000000a8   Code   RO         5500    i.tcp_output_segment  tcp_out.o
    0x0800c97c   0x00000074   Code   RO         5416    i.tcp_parseopt      tcp_in.o
    0x0800c9f0   0x000000dc   Code   RO         5501    i.tcp_pbuf_prealloc  tcp_out.o
    0x0800cacc   0x00000042   Code   RO         5143    i.tcp_pcb_purge     tcp.o
    0x0800cb0e   0x00000002   PAD
    0x0800cb10   0x00000130   Code   RO         5144    i.tcp_pcb_remove    tcp.o
    0x0800cc40   0x0000009c   Code   RO         5145    i.tcp_poll          tcp.o
    0x0800ccdc   0x0000054c   Code   RO         5417    i.tcp_process       tcp_in.o
    0x0800d228   0x00000072   Code   RO         5146    i.tcp_process_refused_data  tcp.o
    0x0800d29a   0x00000002   PAD
    0x0800d29c   0x00000a8c   Code   RO         5418    i.tcp_receive       tcp_in.o
    0x0800dd28   0x000000a4   Code   RO         5147    i.tcp_recv          tcp.o
    0x0800ddcc   0x00000026   Code   RO         5148    i.tcp_recv_null     tcp.o
    0x0800ddf2   0x00000002   PAD
    0x0800ddf4   0x00000114   Code   RO         5149    i.tcp_recved        tcp.o
    0x0800df08   0x00000014   Code   RO         5150    i.tcp_remove_listener  tcp.o
    0x0800df1c   0x00000056   Code   RO         5502    i.tcp_rexmit        tcp_out.o
    0x0800df72   0x00000058   Code   RO         5503    i.tcp_rexmit_fast   tcp_out.o
    0x0800dfca   0x00000032   Code   RO         5504    i.tcp_rexmit_rto    tcp_out.o
    0x0800dffc   0x00000128   Code   RO         5505    i.tcp_rst           tcp_out.o
    0x0800e124   0x00000026   Code   RO         5151    i.tcp_seg_copy      tcp.o
    0x0800e14a   0x0000001e   Code   RO         5152    i.tcp_seg_free      tcp.o
    0x0800e168   0x00000012   Code   RO         5153    i.tcp_segs_free     tcp.o
    0x0800e17a   0x0000006e   Code   RO         5506    i.tcp_send_empty_ack  tcp_out.o
    0x0800e1e8   0x00000048   Code   RO         5507    i.tcp_send_fin      tcp_out.o
    0x0800e230   0x000000a4   Code   RO         5154    i.tcp_sent          tcp.o
    0x0800e2d4   0x00000080   Code   RO         6930    i.tcp_server_accept  net.o
    0x0800e354   0x00000042   Code   RO         6931    i.tcp_server_connection_close  net.o
    0x0800e396   0x0000000a   Code   RO         6932    i.tcp_server_error  net.o
    0x0800e3a0   0x00000048   Code   RO         6933    i.tcp_server_init   net.o
    0x0800e3e8   0x00000044   Code   RO         6934    i.tcp_server_poll   net.o
    0x0800e42c   0x0000013c   Code   RO         6935    i.tcp_server_recv   net.o
    0x0800e568   0x0000005e   Code   RO         6936    i.tcp_server_send   net.o
    0x0800e5c6   0x00000026   Code   RO         6937    i.tcp_server_sent   net.o
    0x0800e5ec   0x00000004   Code   RO         5155    i.tcp_setprio       tcp.o
    0x0800e5f0   0x000004f0   Code   RO         5157    i.tcp_slowtmr       tcp.o
    0x0800eae0   0x00000034   Code   RO         5619    i.tcp_timer_needed  timeouts.o
    0x0800eb14   0x00000068   Code   RO         5419    i.tcp_timewait_input  tcp_in.o
    0x0800eb7c   0x00000020   Code   RO         5158    i.tcp_tmr           tcp.o
    0x0800eb9c   0x00000010   Code   RO         5420    i.tcp_trigger_input_pcb_close  tcp_in.o
    0x0800ebac   0x000000c0   Code   RO         5160    i.tcp_update_rcv_ann_wnd  tcp.o
    0x0800ec6c   0x000006b8   Code   RO         5508    i.tcp_write         tcp_out.o
    0x0800f324   0x00000154   Code   RO         5509    i.tcp_write_checks  tcp_out.o
    0x0800f478   0x000000c4   Code   RO         5510    i.tcp_zero_window_probe  tcp_out.o
    0x0800f53c   0x00000038   Code   RO         5620    i.tcpip_tcp_timer   timeouts.o
    0x0800f574   0x00000084   Code   RO         5692    i.udp_bind          udp.o
    0x0800f5f8   0x00000054   Code   RO         5693    i.udp_connect       udp.o
    0x0800f64c   0x00000002   Code   RO         5695    i.udp_init          udp.o
    0x0800f64e   0x00000002   PAD
    0x0800f650   0x000001b8   Code   RO         5696    i.udp_input         udp.o
    0x0800f808   0x00000038   Code   RO         5697    i.udp_input_local_match  udp.o
    0x0800f840   0x00000034   Code   RO         5698    i.udp_netif_ip_addr_changed  udp.o
    0x0800f874   0x0000001c   Code   RO         5699    i.udp_new           udp.o
    0x0800f890   0x00000048   Code   RO         5701    i.udp_new_port      udp.o
    0x0800f8d8   0x00000006   Code   RO         5702    i.udp_recv          udp.o
    0x0800f8de   0x00000002   PAD
    0x0800f8e0   0x00000030   Code   RO         5703    i.udp_remove        udp.o
    0x0800f910   0x00000038   Code   RO         5706    i.udp_sendto_if     udp.o
    0x0800f948   0x00000144   Code   RO         5707    i.udp_sendto_if_src  udp.o
    0x0800fa8c   0x00000034   Code   RO         2932    i.validate          ff.o
    0x0800fac0   0x00000014   Data   RO          502    .constdata          sd_diskio.o
    0x0800fad4   0x00000010   Data   RO         2756    .constdata          system_stm32f4xx.o
    0x0800fae4   0x0000009c   Data   RO         2934    .constdata          ff.o
    0x0800fb80   0x00000006   Data   RO         3722    .constdata          ethernet.o
    0x0800fb86   0x00000006   Data   RO         3723    .constdata          ethernet.o
    0x0800fb8c   0x00000040   Data   RO         3911    .constdata          httpd.o
    0x0800fbcc   0x0000034f   Data   RO         4072    .constdata          fs.o
    0x0800ff1b   0x000002b8   Data   RO         4073    .constdata          fs.o
    0x080101d3   0x00000408   Data   RO         4074    .constdata          fs.o
    0x080105db   0x0000080d   Data   RO         4075    .constdata          fs.o
    0x08010de8   0x000002a9   Data   RO         4076    .constdata          fs.o
    0x08011091   0x00000003   PAD
    0x08011094   0x00000014   Data   RO         4077    .constdata          fs.o
    0x080110a8   0x00000014   Data   RO         4078    .constdata          fs.o
    0x080110bc   0x00000014   Data   RO         4079    .constdata          fs.o
    0x080110d0   0x00000014   Data   RO         4080    .constdata          fs.o
    0x080110e4   0x00000014   Data   RO         4081    .constdata          fs.o
    0x080110f8   0x0000000c   Data   RO         4615    .constdata          memp.o
    0x08011104   0x0000000c   Data   RO         4616    .constdata          memp.o
    0x08011110   0x0000000c   Data   RO         4617    .constdata          memp.o
    0x0801111c   0x0000000c   Data   RO         4618    .constdata          memp.o
    0x08011128   0x0000000c   Data   RO         4619    .constdata          memp.o
    0x08011134   0x0000000c   Data   RO         4620    .constdata          memp.o
    0x08011140   0x0000000c   Data   RO         4621    .constdata          memp.o
    0x0801114c   0x0000000c   Data   RO         4622    .constdata          memp.o
    0x08011158   0x0000000c   Data   RO         4623    .constdata          memp.o
    0x08011164   0x00000024   Data   RO         4624    .constdata          memp.o
    0x08011188   0x00000054   Data   RO         5161    .constdata          tcp.o
    0x080111dc   0x00000028   Data   RO         5621    .constdata          timeouts.o
    0x08011204   0x00000004   Data   RO         6283    .constdata          ip4_addr.o
    0x08011208   0x00000004   Data   RO         6284    .constdata          ip4_addr.o
    0x0801120c   0x00000008   Data   RO         6874    .constdata          app_http.o
    0x08011214   0x00000081   Data   RO         7336    .constdata          mc_w.l(ctype_o.o)
    0x08011295   0x00000003   PAD
    0x08011298   0x00000004   Data   RO         7337    .constdata          mc_w.l(ctype_o.o)
    0x0801129c   0x0000006a   Data   RO         3912    .conststring        httpd.o
    0x08011306   0x00000002   PAD
    0x08011308   0x00000075   Data   RO         5162    .conststring        tcp.o
    0x0801137d   0x00000003   PAD
    0x08011380   0x00000055   Data   RO         5511    .conststring        tcp_out.o
    0x080113d5   0x00000003   PAD
    0x080113d8   0x0000008c   Data   RO         5872    .conststring        dhcp.o
    0x08011464   0x00000041   Data   RO         6075    .conststring        etharp.o
    0x080114a5   0x00000003   PAD
    0x080114a8   0x00000006   Data   RO         6875    .conststring        app_http.o
    0x080114ae   0x00000002   PAD
    0x080114b0   0x00000009   Data   RO         6876    .conststring        app_http.o
    0x080114b9   0x00000003   PAD
    0x080114bc   0x00000020   Data   RO         7370    Region$$Table       anon$$obj.o


    Execution Region RW_IRAM1 (Base: 0x20000000, Size: 0x0000c450, Max: 0x00020000, ABSOLUTE, COMPRESSED[0x00000028])

    Base Addr    Size         Type   Attr      Idx    E Section Name        Object

    0x20000000   0x00000001   Data   RW          503    .data               sd_diskio.o
    0x20000001   0x00000005   Data   RW          560    .data               fatfs.o
    0x20000006   0x00000002   PAD
    0x20000008   0x00000004   Data   RW          601    .data               lwip.o
    0x2000000c   0x0000000c   Data   RW          603    .data               lwip.o
    0x20000018   0x00000004   Data   RW          795    .data               stm32f4xx_it.o
    0x2000001c   0x0000000c   Data   RW         2608    .data               stm32f4xx_hal.o
    0x20000028   0x00000004   Data   RW         2758    .data               system_stm32f4xx.o
    0x2000002c   0x00000008   Data   RW         2935    .data               ff.o
    0x20000034   0x00000018   Data   RW         3913    .data               httpd.o
    0x2000004c   0x0000000c   Data   RW         4538    .data               mem.o
    0x20000058   0x00000004   Data   RW         4625    .data               memp.o
    0x2000005c   0x00000004   Data   RW         4626    .data               memp.o
    0x20000060   0x00000004   Data   RW         4627    .data               memp.o
    0x20000064   0x00000004   Data   RW         4628    .data               memp.o
    0x20000068   0x00000004   Data   RW         4629    .data               memp.o
    0x2000006c   0x00000004   Data   RW         4630    .data               memp.o
    0x20000070   0x00000004   Data   RW         4631    .data               memp.o
    0x20000074   0x00000004   Data   RW         4632    .data               memp.o
    0x20000078   0x00000004   Data   RW         4633    .data               memp.o
    0x2000007c   0x0000000c   Data   RW         4744    .data               netif.o
    0x20000088   0x00000001   Data   RW         4890    .data               pbuf.o
    0x20000089   0x00000003   PAD
    0x2000008c   0x00000020   Data   RW         5163    .data               tcp.o
    0x200000ac   0x00000024   Data   RW         5422    .data               tcp_in.o
    0x200000d0   0x0000000c   Data   RW         5622    .data               timeouts.o
    0x200000dc   0x00000008   Data   RW         5708    .data               udp.o
    0x200000e4   0x00000014   Data   RW         5873    .data               dhcp.o
    0x200000f8   0x00000001   Data   RW         6076    .data               etharp.o
    0x200000f9   0x00000001   PAD
    0x200000fa   0x00000002   Data   RW         6231    .data               ip4.o
    0x200000fc   0x00000008   Data   RW         6353    .data               ip4_frag.o
    0x20000104   0x00000001   Data   RW         6817    .data               app_ethernet.o
    0x20000105   0x00000003   PAD
    0x20000108   0x00000008   Data   RW         6877    .data               app_http.o
    0x20000110   0x00000018   Data   RW         6878    .data               app_http.o
    0x20000128   0x00000008   Data   RW         6940    .data               net.o
    0x20000130   0x00000004   Data   RW         7002    .data               mc_w.l(rand.o)
    0x20000134   0x00000004   Data   RW         7303    .data               mc_w.l(stdout.o)
    0x20000138   0x00000004   Data   RW         7313    .data               mc_w.l(errno.o)
    0x2000013c   0x00000034   Zero   RW          600    .bss                lwip.o
    0x20000170   0x000030e8   Zero   RW          669    .bss                ethernetif.o
    0x20003258   0x00000084   Zero   RW          745    .bss                sdio.o
    0x200032dc   0x00000020   Zero   RW         2933    .bss                ff.o
    0x200032fc   0x0000000c   Zero   RW         3236    .bss                ff_gen_drv.o
    0x20003308   0x00000440   Zero   RW         3910    .bss                httpd.o
    0x20003748   0x00000018   Zero   RW         4500    .bss                ip.o
    0x20003760   0x00000653   Zero   RW         4537    .bss                mem.o
    0x20003db3   0x00000083   Zero   RW         4606    .bss                memp.o
    0x20003e36   0x000002fb   Zero   RW         4607    .bss                memp.o
    0x20004131   0x000000e3   Zero   RW         4608    .bss                memp.o
    0x20004214   0x00000183   Zero   RW         4609    .bss                memp.o
    0x20004397   0x000000a3   Zero   RW         4610    .bss                memp.o
    0x2000443a   0x0000016b   Zero   RW         4611    .bss                memp.o
    0x200045a5   0x00000053   Zero   RW         4612    .bss                memp.o
    0x200045f8   0x00000103   Zero   RW         4613    .bss                memp.o
    0x200046fb   0x00002143   Zero   RW         4614    .bss                memp.o
    0x2000683e   0x00000002   PAD
    0x20006840   0x00000010   Zero   RW         5421    .bss                tcp_in.o
    0x20006850   0x00000020   Zero   RW         5871    .bss                dhcp.o
    0x20006870   0x000000f0   Zero   RW         6074    .bss                etharp.o
    0x20006960   0x00001a8c   Zero   RW         6872    .bss                app_http.o
    0x200083ec   0x00000064   Zero   RW         6938    .bss                net.o
    0x20008450   0x00004000   Zero   RW            1    STACK               startup_stm32f407xx.o


==============================================================================

Image component sizes


      Code (inc. data)   RO Data    RW Data    ZI Data      Debug   Object Name

       224         24          0          1          0       4059   app_ethernet.o
       764        164         23         32       6796       5675   app_http.o
         0          0          0          0          0       1624   auth.o
       140         24          0          0          0       3944   bsp_driver_sd.o
       152          0          0          0          0       2940   def.o
      7166       2662        140         20         32      32304   dhcp.o
       152         26          0          0          0       3781   diskio.o
      3004       1170         65          1        240      12771   etharp.o
       408        154         12          0          0       2786   ethernet.o
       972        138          0          0      12520       6386   ethernetif.o
        28         10          0          5          0       1042   fatfs.o
      3574         60        156          8         32      33768   ff.o
        70          6          0          0         12       1655   ff_gen_drv.o
        82          6       5417          0          0       5838   fs.o
       208         16          0          0          0       1043   gpio.o
      4780       1632        170         24       1088      30859   httpd.o
       812        348          0          0          0       4642   icmp.o
        30          0          0          0          0       2012   init.o
         0          0          0          0         24       6209   ip.o
       990        180          0          2          0       5508   ip4.o
        64          0          8          0          0       7326   ip4_addr.o
      2806       1024          0          8          0      12934   ip4_frag.o
       100         16          0         16         52        912   lwip.o
       262         32          0          0          0     732871   main.o
      1640        802          0         12       1619       6049   mem.o
       710        496        144         36      10891      11373   memp.o
       792        130          0          8        100       6570   net.o
       506        132          0         12          0      10095   netif.o
      3618       1830          0          1          0      23586   pbuf.o
       224         16         20          1          0       4620   sd_diskio.o
       132         26          0          0        132       1597   sdio.o
         0          0          0          0          0       3825   slipif.o
        36          8        392          0      16384        836   startup_stm32f407xx.o
       184         28          0         12          0       4649   stm32f4xx_hal.o
       232         14          0          0          0      32325   stm32f4xx_hal_cortex.o
      2150         74          0          0          0      13915   stm32f4xx_hal_eth.o
       466         46          0          0          0       2524   stm32f4xx_hal_gpio.o
       132          6          0          0          0        922   stm32f4xx_hal_msp.o
      1356         52          0          0          0       5086   stm32f4xx_hal_rcc.o
      2142          6          0          0          0      10764   stm32f4xx_hal_sd.o
       178         24          0          4          0       5620   stm32f4xx_it.o
      1594         50          0          0          0      23080   stm32f4xx_ll_sdmmc.o
        84         18         16          4          0       1191   system_stm32f4xx.o
      5746       2346        201         32          0      41334   tcp.o
      6296       1226          0         36         16      21459   tcp_in.o
      5280       1720         85          0          0      26638   tcp_out.o
       612        222         40         12          0       5999   timeouts.o
      1300        288          0          8          0      12233   udp.o

    ----------------------------------------------------------------------
     62278      17252       6940        304      49940    1199179   Object Totals
         0          0         32          0          0          0   (incl. Generated)
        80          0         19          9          2          0   (incl. Padding)

    ----------------------------------------------------------------------

      Code (inc. data)   RO Data    RW Data    ZI Data      Debug   Library Member Name

        58          0          0          0          0          0   __dczerorl.o
        28          0          0          0          0         68   _chval.o
       158          0          0          0          0         92   _strtoul.o
        26          0          0          0          0         80   atoi.o
         8          4        133          0          0         68   ctype_o.o
         0          0          0          0          0          0   entry.o
         0          0          0          0          0          0   entry10a.o
         0          0          0          0          0          0   entry11a.o
         8          4          0          0          0          0   entry2.o
         4          0          0          0          0          0   entry5.o
         0          0          0          0          0          0   entry7b.o
         0          0          0          0          0          0   entry8b.o
         8          4          0          0          0          0   entry9a.o
         8          4          0          4          0         68   errno.o
        18          0          0          0          0         80   fputc.o
        30          0          0          0          0          0   handlers.o
        36          8          0          0          0         68   init.o
         0          0          0          0          0          0   iusesemip.o
        30          0          0          0          0         68   llshl.o
        32          0          0          0          0         68   llushr.o
        26          0          0          0          0         80   memcmp.o
        36          0          0          0          0         68   memcpya.o
        36          0          0          0          0        108   memseta.o
       522         20          0          0          0        336   printf3.o
        36         10          0          4          0        136   rand.o
         0          0          0          0          0          0   semi.o
         0          0          0          4          0          0   stdout.o
        20          0          0          0          0         68   strchr.o
        28          0          0          0          0         76   strcmp.o
        14          0          0          0          0         68   strlen.o
        30          0          0          0          0         80   strncmp.o
        24          0          0          0          0         76   strncpy.o
        36          0          0          0          0         80   strstr.o
       112          0          0          0          0         88   strtol.o
        44          0          0          0          0         80   uidiv.o
        98          0          0          0          0         92   uldiv.o

    ----------------------------------------------------------------------
      1522         54        136         12          0       2096   Library Totals
         8          0          3          0          0          0   (incl. Padding)

    ----------------------------------------------------------------------

      Code (inc. data)   RO Data    RW Data    ZI Data      Debug   Library Name

      1514         54        133         12          0       2096   mc_w.l

    ----------------------------------------------------------------------
      1522         54        136         12          0       2096   Library Totals

    ----------------------------------------------------------------------

==============================================================================


      Code (inc. data)   RO Data    RW Data    ZI Data      Debug   

     63800      17306       7076        316      49940    1161667   Grand Totals
     63800      17306       7076         40      49940    1161667   ELF Image Totals (compressed)
     63800      17306       7076         40          0          0   ROM Totals

==============================================================================

    Total RO  Size (Code + RO Data)                70876 (  69.21kB)
    Total RW  Size (RW Data + ZI Data)             50256 (  49.08kB)
    Total ROM Size (Code + RO Data + RW Data)      70916 (  69.25kB)

==============================================================================

