Component: ARM Compiler 5.06 (build 20) Tool: armlink [4d35a3]

==============================================================================

Section Cross References

    startup_stm32f407xx.o(RESET) refers to startup_stm32f407xx.o(STACK) for __initial_sp
    startup_stm32f407xx.o(RESET) refers to startup_stm32f407xx.o(.text) for Reset_Handler
    startup_stm32f407xx.o(RESET) refers to stm32f4xx_it.o(i.NMI_Handler) for NMI_Handler
    startup_stm32f407xx.o(RESET) refers to stm32f4xx_it.o(i.HardFault_Handler) for HardFault_Handler
    startup_stm32f407xx.o(RESET) refers to stm32f4xx_it.o(i.MemManage_Handler) for MemManage_Handler
    startup_stm32f407xx.o(RESET) refers to stm32f4xx_it.o(i.BusFault_Handler) for BusFault_Handler
    startup_stm32f407xx.o(RESET) refers to stm32f4xx_it.o(i.UsageFault_Handler) for UsageFault_Handler
    startup_stm32f407xx.o(RESET) refers to stm32f4xx_it.o(i.SVC_Handler) for SVC_Handler
    startup_stm32f407xx.o(RESET) refers to stm32f4xx_it.o(i.DebugMon_Handler) for DebugMon_Handler
    startup_stm32f407xx.o(RESET) refers to stm32f4xx_it.o(i.PendSV_Handler) for PendSV_Handler
    startup_stm32f407xx.o(RESET) refers to stm32f4xx_it.o(i.SysTick_Handler) for SysTick_Handler
    startup_stm32f407xx.o(.text) refers to system_stm32f4xx.o(i.SystemInit) for SystemInit
    startup_stm32f407xx.o(.text) refers to entry.o(.ARM.Collect$$$$00000000) for __main
    main.o(i.SystemClock_Config) refers to stm32f4xx_hal_rcc.o(i.HAL_RCC_OscConfig) for HAL_RCC_OscConfig
    main.o(i.SystemClock_Config) refers to stm32f4xx_hal_rcc.o(i.HAL_RCC_ClockConfig) for HAL_RCC_ClockConfig
    main.o(i.SystemClock_Config) refers to stm32f4xx_hal_rcc.o(i.HAL_RCC_GetHCLKFreq) for HAL_RCC_GetHCLKFreq
    main.o(i.SystemClock_Config) refers to stm32f4xx_hal_cortex.o(i.HAL_SYSTICK_Config) for HAL_SYSTICK_Config
    main.o(i.SystemClock_Config) refers to stm32f4xx_hal_cortex.o(i.HAL_SYSTICK_CLKSourceConfig) for HAL_SYSTICK_CLKSourceConfig
    main.o(i.SystemClock_Config) refers to stm32f4xx_hal_cortex.o(i.HAL_NVIC_SetPriority) for HAL_NVIC_SetPriority
    main.o(i.main) refers to stm32f4xx_hal.o(i.HAL_Init) for HAL_Init
    main.o(i.main) refers to main.o(i.SystemClock_Config) for SystemClock_Config
    main.o(i.main) refers to gpio.o(i.MX_GPIO_Init) for MX_GPIO_Init
    main.o(i.main) refers to lwip.o(i.MX_LWIP_Init) for MX_LWIP_Init
    main.o(i.main) refers to sdio.o(i.MX_SDIO_SD_Init) for MX_SDIO_SD_Init
    main.o(i.main) refers to fatfs.o(i.MX_FATFS_Init) for MX_FATFS_Init
    main.o(i.main) refers to net.o(i.tcp_server_init) for tcp_server_init
    main.o(i.main) refers to httpd.o(i.httpd_init) for httpd_init
    main.o(i.main) refers to app_http.o(i.SSI_Init) for SSI_Init
    main.o(i.main) refers to app_http.o(i.CGI_Init) for CGI_Init
    main.o(i.main) refers to app_ethernet.o(i.User_notification) for User_notification
    main.o(i.main) refers to ff.o(i.f_mount) for f_mount
    main.o(i.main) refers to ethernetif.o(i.ethernetif_input) for ethernetif_input
    main.o(i.main) refers to timeouts.o(i.sys_check_timeouts) for sys_check_timeouts
    main.o(i.main) refers to app_ethernet.o(i.DHCP_Periodic_Handle) for DHCP_Periodic_Handle
    main.o(i.main) refers to lwip.o(.bss) for gnetif
    main.o(i.main) refers to fatfs.o(.data) for SDPath
    main.o(i.main) refers to main.o(.bss) for .bss
    bsp_driver_sd.o(i.BSP_SD_DMA_Rx_IRQHandler) refers to stm32f4xx_hal_dma.o(i.HAL_DMA_IRQHandler) for HAL_DMA_IRQHandler
    bsp_driver_sd.o(i.BSP_SD_DMA_Rx_IRQHandler) refers to sdio.o(.bss) for hsd
    bsp_driver_sd.o(i.BSP_SD_DMA_Tx_IRQHandler) refers to stm32f4xx_hal_dma.o(i.HAL_DMA_IRQHandler) for HAL_DMA_IRQHandler
    bsp_driver_sd.o(i.BSP_SD_DMA_Tx_IRQHandler) refers to sdio.o(.bss) for hsd
    bsp_driver_sd.o(i.BSP_SD_Erase) refers to stm32f4xx_hal_sd.o(i.HAL_SD_Erase) for HAL_SD_Erase
    bsp_driver_sd.o(i.BSP_SD_Erase) refers to sdio.o(.bss) for hsd
    bsp_driver_sd.o(i.BSP_SD_GetCardInfo) refers to stm32f4xx_hal_sd.o(i.HAL_SD_GetCardInfo) for HAL_SD_GetCardInfo
    bsp_driver_sd.o(i.BSP_SD_GetCardInfo) refers to sdio.o(.bss) for hsd
    bsp_driver_sd.o(i.BSP_SD_GetCardState) refers to stm32f4xx_hal_sd.o(i.HAL_SD_GetCardState) for HAL_SD_GetCardState
    bsp_driver_sd.o(i.BSP_SD_GetCardState) refers to sdio.o(.bss) for hsd
    bsp_driver_sd.o(i.BSP_SD_IRQHandler) refers to stm32f4xx_hal_sd.o(i.HAL_SD_IRQHandler) for HAL_SD_IRQHandler
    bsp_driver_sd.o(i.BSP_SD_IRQHandler) refers to sdio.o(.bss) for hsd
    bsp_driver_sd.o(i.BSP_SD_Init) refers to stm32f4xx_hal_sd.o(i.HAL_SD_Init) for HAL_SD_Init
    bsp_driver_sd.o(i.BSP_SD_Init) refers to stm32f4xx_hal_sd.o(i.HAL_SD_ConfigWideBusOperation) for HAL_SD_ConfigWideBusOperation
    bsp_driver_sd.o(i.BSP_SD_Init) refers to sdio.o(.bss) for hsd
    bsp_driver_sd.o(i.BSP_SD_ReadBlocks) refers to stm32f4xx_hal_sd.o(i.HAL_SD_ReadBlocks) for HAL_SD_ReadBlocks
    bsp_driver_sd.o(i.BSP_SD_ReadBlocks) refers to sdio.o(.bss) for hsd
[...]
    I2C3_EV_IRQHandler                       0x080001b7   Thumb Code     0  startup_stm32f407xx.o(.text)
    OTG_FS_IRQHandler                        0x080001b7   Thumb Code     0  startup_stm32f407xx.o(.text)
    OTG_FS_WKUP_IRQHandler                   0x080001b7   Thumb Code     0  startup_stm32f407xx.o(.text)
    OTG_HS_EP1_IN_IRQHandler                 0x080001b7   Thumb Code     0  startup_stm32f407xx.o(.text)
    OTG_HS_EP1_OUT_IRQHandler                0x080001b7   Thumb Code     0  startup_stm32f407xx.o(.text)
    OTG_HS_IRQHandler                        0x080001b7   Thumb Code     0  startup_stm32f407xx.o(.text)
    OTG_HS_WKUP_IRQHandler                   0x080001b7   Thumb Code     0  startup_stm32f407xx.o(.text)
    PVD_IRQHandler                           0x080001b7   Thumb Code     0  startup_stm32f407xx.o(.text)
    RCC_IRQHandler                           0x080001b7   Thumb Code     0  startup_stm32f407xx.o(.text)
    RTC_Alarm_IRQHandler                     0x080001b7   Thumb Code     0  startup_stm32f407xx.o(.text)
    RTC_WKUP_IRQHandler                      0x080001b7   Thumb Code     0  startup_stm32f407xx.o(.text)
    SDIO_IRQHandler                          0x080001b7   Thumb Code     0  startup_stm32f407xx.o(.text)
    SPI1_IRQHandler                          0x080001b7   Thumb Code     0  startup_stm32f407xx.o(.text)
    SPI2_IRQHandler                          0x080001b7   Thumb Code     0  startup_stm32f407xx.o(.text)
    SPI3_IRQHandler                          0x080001b7   Thumb Code     0  startup_stm32f407xx.o(.text)
    TAMP_STAMP_IRQHandler                    0x080001b7   Thumb Code     0  startup_stm32f407xx.o(.text)
    TIM1_BRK_TIM9_IRQHandler                 0x080001b7   Thumb Code     0  startup_stm32f407xx.o(.text)
    TIM1_CC_IRQHandler                       0x080001b7   Thumb Code     0  startup_stm32f407xx.o(.text)
    TIM1_TRG_COM_TIM11_IRQHandler            0x080001b7   Thumb Code     0  startup_stm32f407xx.o(.text)
    TIM1_UP_TIM10_IRQHandler                 0x080001b7   Thumb Code     0  startup_stm32f407xx.o(.text)
    TIM2_IRQHandler                          0x080001b7   Thumb Code     0  startup_stm32f407xx.o(.text)
    TIM3_IRQHandler                          0x080001b7   Thumb Code     0  startup_stm32f407xx.o(.text)
    TIM4_IRQHandler                          0x080001b7   Thumb Code     0  startup_stm32f407xx.o(.text)
    TIM5_IRQHandler                          0x080001b7   Thumb Code     0  startup_stm32f407xx.o(.text)
    TIM6_DAC_IRQHandler                      0x080001b7   Thumb Code     0  startup_stm32f407xx.o(.text)
    TIM7_IRQHandler                          0x080001b7   Thumb Code     0  startup_stm32f407xx.o(.text)
    TIM8_BRK_TIM12_IRQHandler                0x080001b7   Thumb Code     0  startup_stm32f407xx.o(.text)
    TIM8_CC_IRQHandler                       0x080001b7   Thumb Code     0  startup_stm32f407xx.o(.text)
    TIM8_TRG_COM_TIM14_IRQHandler            0x080001b7   Thumb Code     0  startup_stm32f407xx.o(.text)
    TIM8_UP_TIM13_IRQHandler                 0x080001b7   Thumb Code     0  startup_stm32f407xx.o(.text)
    UART4_IRQHandler                         0x080001b7   Thumb Code     0  startup_stm32f407xx.o(.text)
    UART5_IRQHandler                         0x080001b7   Thumb Code     0  startup_stm32f407xx.o(.text)
    USART1_IRQHandler                        0x080001b7   Thumb Code     0  startup_stm32f407xx.o(.text)
    USART2_IRQHandler                        0x080001b7   Thumb Code     0  startup_stm32f407xx.o(.text)
    USART3_IRQHandler                        0x080001b7   Thumb Code     0  startup_stm32f407xx.o(.text)
    USART6_IRQHandler                        0x080001b7   Thumb Code     0  startup_stm32f407xx.o(.text)
    WWDG_IRQHandler                          0x080001b7   Thumb Code     0  startup_stm32f407xx.o(.text)
    __aeabi_uldivmod                         0x080001c1   Thumb Code    98  uldiv.o(.text)
    rand                                     0x08000225   Thumb Code    20  rand.o(.text)
    srand                                    0x08000239   Thumb Code     6  rand.o(.text)
    __aeabi_memcpy                           0x08000249   Thumb Code    36  memcpya.o(.text)
    __aeabi_memcpy4                          0x08000249   Thumb Code     0  memcpya.o(.text)
    __aeabi_memcpy8                          0x08000249   Thumb Code     0  memcpya.o(.text)
    __aeabi_memset                           0x0800026d   Thumb Code    14  memseta.o(.text)
    __aeabi_memset4                          0x0800026d   Thumb Code     0  memseta.o(.text)
    __aeabi_memset8                          0x0800026d   Thumb Code     0  memseta.o(.text)
    __aeabi_memclr                           0x0800027b   Thumb Code     4  memseta.o(.text)
    __aeabi_memclr4                          0x0800027b   Thumb Code     0  memseta.o(.text)
    __aeabi_memclr8                          0x0800027b   Thumb Code     0  memseta.o(.text)
    _memset$wrapper                          0x0800027f   Thumb Code    18  memseta.o(.text)
    strstr                                   0x08000291   Thumb Code    36  strstr.o(.text)
    strncpy                                  0x080002b5   Thumb Code    24  strncpy.o(.text)
    strchr                                   0x080002cd   Thumb Code    20  strchr.o(.text)
    strlen                                   0x080002e1   Thumb Code    14  strlen.o(.text)
    strcmp                                   0x080002ef   Thumb Code    28  strcmp.o(.text)
    memcmp                                   0x0800030b   Thumb Code    26  memcmp.o(.text)
    strncmp                                  0x08000325   Thumb Code    30  strncmp.o(.text)
    atoi                                     0x08000343   Thumb Code    26  atoi.o(.text)
    __aeabi_uidiv                            0x0800035d   Thumb Code     0  uidiv.o(.text)
    __aeabi_uidivmod                         0x0800035d   Thumb Code    44  uidiv.o(.text)
    __aeabi_llsl                             0x08000389   Thumb Code    30  llshl.o(.text)
    _ll_shift_l                              0x08000389   Thumb Code     0  llshl.o(.text)
    __aeabi_llsr                             0x080003a7   Thumb Code    32  llushr.o(.text)
    _ll_ushift_r                             0x080003a7   Thumb Code     0  llushr.o(.text)
    strtol                                   0x080003c7   Thumb Code   112  strtol.o(.text)
    __scatterload                            0x08000439   Thumb Code    28  init.o(.text)
    __scatterload_rt2                        0x08000439   Thumb Code     0  init.o(.text)
    __rt_ctype_table                         0x0800045d   Thumb Code     4  ctype_o.o(.text)
    __semihosting_library_function           0x0800045d   Thumb Code     0  semi.o(.text)
    _strtoul                                 0x08000465   Thumb Code   158  _strtoul.o(.text)
    __I$use$semihosting$fputc                0x08000503   Thumb Code     0  iusesemip.o(.text)
    _chval                                   0x08000503   Thumb Code    28  _chval.o(.text)
    __decompress                             0x0800051f   Thumb Code     0  __dczerorl2.o(.text)
    __decompress1                            0x0800051f   Thumb Code    86  __dczerorl2.o(.text)
    BSP_SD_GetCardInfo                       0x08000575   Thumb Code     8  bsp_driver_sd.o(i.BSP_SD_GetCardInfo)
    BSP_SD_GetCardState                      0x08000581   Thumb Code    20  bsp_driver_sd.o(i.BSP_SD_GetCardState)
    BSP_SD_Init                              0x08000599   Thumb Code    48  bsp_driver_sd.o(i.BSP_SD_Init)
    BSP_SD_ReadBlocks                        0x080005cd   Thumb Code    26  bsp_driver_sd.o(i.BSP_SD_ReadBlocks)
    BSP_SD_WriteBlocks                       0x080005ed   Thumb Code    26  bsp_driver_sd.o(i.BSP_SD_WriteBlocks)
    BusFault_Handler                         0x0800060d   Thumb Code     2  stm32f4xx_it.o(i.BusFault_Handler)
    CGI_Init                                 0x08000611   Thumb Code    20  app_http.o(i.CGI_Init)
    DHCP_Periodic_Handle                     0x0800062d   Thumb Code    38  app_ethernet.o(i.DHCP_Periodic_Handle)
    DHCP_Process                             0x08000659   Thumb Code   110  app_ethernet.o(i.DHCP_Process)
    DebugMon_Handler                         0x080006d5   Thumb Code     2  stm32f4xx_it.o(i.DebugMon_Handler)
    FATFS_LinkDriver                         0x0800084d   Thumb Code     6  ff_gen_drv.o(i.FATFS_LinkDriver)
    FATFS_LinkDriverEx                       0x08000855   Thumb Code    58  ff_gen_drv.o(i.FATFS_LinkDriverEx)
    HAL_Delay                                0x08000895   Thumb Code    32  stm32f4xx_hal.o(i.HAL_Delay)
    HAL_ETH_DMARxDescListInit                0x080008b9   Thumb Code   116  stm32f4xx_hal_eth.o(i.HAL_ETH_DMARxDescListInit)
    HAL_ETH_DMATxDescListInit                0x0800092d   Thumb Code   120  stm32f4xx_hal_eth.o(i.HAL_ETH_DMATxDescListInit)
    HAL_ETH_GetReceivedFrame                 0x080009a5   Thumb Code   122  stm32f4xx_hal_eth.o(i.HAL_ETH_GetReceivedFrame)
    HAL_ETH_Init                             0x08000a21   Thumb Code   450  stm32f4xx_hal_eth.o(i.HAL_ETH_Init)
    HAL_ETH_MspInit                          0x08000c0d   Thumb Code   156  ethernetif.o(i.HAL_ETH_MspInit)
    HAL_ETH_ReadPHYRegister                  0x08000cc1   Thumb Code   132  stm32f4xx_hal_eth.o(i.HAL_ETH_ReadPHYRegister)
    HAL_ETH_Start                            0x08000d45   Thumb Code   132  stm32f4xx_hal_eth.o(i.HAL_ETH_Start)
    HAL_ETH_TransmitFrame                    0x08000dc9   Thumb Code   264  stm32f4xx_hal_eth.o(i.HAL_ETH_TransmitFrame)
    HAL_ETH_WritePHYRegister                 0x08000ed1   Thumb Code   120  stm32f4xx_hal_eth.o(i.HAL_ETH_WritePHYRegister)
    HAL_GPIO_Init                            0x08000f49   Thumb Code   388  stm32f4xx_hal_gpio.o(i.HAL_GPIO_Init)
    HAL_GetTick                              0x080010f9   Thumb Code     6  stm32f4xx_hal.o(i.HAL_GetTick)
    HAL_IncTick                              0x08001105   Thumb Code    12  stm32f4xx_hal.o(i.HAL_IncTick)
    HAL_Init                                 0x08001115   Thumb Code    48  stm32f4xx_hal.o(i.HAL_Init)
    HAL_InitTick                             0x08001149   Thumb Code    54  stm32f4xx_hal.o(i.HAL_InitTick)
    HAL_MspInit                              0x08001189   Thumb Code   126  stm32f4xx_hal_msp.o(i.HAL_MspInit)
    HAL_NVIC_SetPriority                     0x0800120d   Thumb Code    60  stm32f4xx_hal_cortex.o(i.HAL_NVIC_SetPriority)
    HAL_NVIC_SetPriorityGrouping             0x0800124d   Thumb Code    26  stm32f4xx_hal_cortex.o(i.HAL_NVIC_SetPriorityGrouping)
    HAL_RCC_ClockConfig                      0x08001271   Thumb Code   286  stm32f4xx_hal_rcc.o(i.HAL_RCC_ClockConfig)
    HAL_RCC_GetHCLKFreq                      0x080013a1   Thumb Code     6  stm32f4xx_hal_rcc.o(i.HAL_RCC_GetHCLKFreq)
    HAL_RCC_GetSysClockFreq                  0x080013ad   Thumb Code    88  stm32f4xx_hal_rcc.o(i.HAL_RCC_GetSysClockFreq)
    HAL_RCC_OscConfig                        0x08001411   Thumb Code   770  stm32f4xx_hal_rcc.o(i.HAL_RCC_OscConfig)
    HAL_SD_ConfigWideBusOperation            0x0800172d   Thumb Code   120  stm32f4xx_hal_sd.o(i.HAL_SD_ConfigWideBusOperation)
    HAL_SD_GetCardCSD                        0x080017a5   Thumb Code   474  stm32f4xx_hal_sd.o(i.HAL_SD_GetCardCSD)
    HAL_SD_GetCardInfo                       0x0800197f   Thumb Code    36  stm32f4xx_hal_sd.o(i.HAL_SD_GetCardInfo)
    HAL_SD_GetCardState                      0x080019a3   Thumb Code    44  stm32f4xx_hal_sd.o(i.HAL_SD_GetCardState)
    HAL_SD_Init                              0x080019cf   Thumb Code    54  stm32f4xx_hal_sd.o(i.HAL_SD_Init)
    HAL_SD_InitCard                          0x08001a05   Thumb Code    80  stm32f4xx_hal_sd.o(i.HAL_SD_InitCard)
    HAL_SD_MspInit                           0x08001a59   Thumb Code   110  sdio.o(i.HAL_SD_MspInit)
    HAL_SD_ReadBlocks                        0x08001ad9   Thumb Code   434  stm32f4xx_hal_sd.o(i.HAL_SD_ReadBlocks)
    HAL_SD_WriteBlocks                       0x08001c8d   Thumb Code   410  stm32f4xx_hal_sd.o(i.HAL_SD_WriteBlocks)
    HAL_SYSTICK_CLKSourceConfig              0x08001e27   Thumb Code    24  stm32f4xx_hal_cortex.o(i.HAL_SYSTICK_CLKSourceConfig)
    HAL_SYSTICK_Callback                     0x08001e3f   Thumb Code     2  stm32f4xx_hal_cortex.o(i.HAL_SYSTICK_Callback)
    HAL_SYSTICK_Config                       0x08001e41   Thumb Code    40  stm32f4xx_hal_cortex.o(i.HAL_SYSTICK_Config)
    HAL_SYSTICK_IRQHandler                   0x08001e69   Thumb Code     8  stm32f4xx_hal_cortex.o(i.HAL_SYSTICK_IRQHandler)
    HardFault_Handler                        0x08001e71   Thumb Code     2  stm32f4xx_it.o(i.HardFault_Handler)
    MSGS_CGI_Handler                         0x08001e75   Thumb Code    54  app_http.o(i.MSGS_CGI_Handler)
    MX_FATFS_Init                            0x08001ec5   Thumb Code    18  fatfs.o(i.MX_FATFS_Init)
    MX_GPIO_Init                             0x08001ee1   Thumb Code   102  gpio.o(i.MX_GPIO_Init)
    MX_LWIP_Init                             0x08001f4d   Thumb Code    82  lwip.o(i.MX_LWIP_Init)
    MX_SDIO_SD_Init                          0x08001fb1   Thumb Code    22  sdio.o(i.MX_SDIO_SD_Init)
    MemManage_Handler                        0x08001fd1   Thumb Code     2  stm32f4xx_it.o(i.MemManage_Handler)
    NMI_Handler                              0x08001fd3   Thumb Code     2  stm32f4xx_it.o(i.NMI_Handler)
    PendSV_Handler                           0x08001ff5   Thumb Code     2  stm32f4xx_it.o(i.PendSV_Handler)
    SDIO_ConfigData                          0x08001ff7   Thumb Code    36  stm32f4xx_ll_sdmmc.o(i.SDIO_ConfigData)
    SDIO_GetPowerState                       0x0800201b   Thumb Code     8  stm32f4xx_ll_sdmmc.o(i.SDIO_GetPowerState)
    SDIO_GetResponse                         0x08002023   Thumb Code    12  stm32f4xx_ll_sdmmc.o(i.SDIO_GetResponse)
    SDIO_Init                                0x0800202f   Thumb Code    36  stm32f4xx_ll_sdmmc.o(i.SDIO_Init)
    SDIO_PowerState_ON                       0x08002053   Thumb Code     8  stm32f4xx_ll_sdmmc.o(i.SDIO_PowerState_ON)
    SDIO_ReadFIFO                            0x0800205b   Thumb Code     6  stm32f4xx_ll_sdmmc.o(i.SDIO_ReadFIFO)
    SDIO_SendCommand                         0x08002061   Thumb Code    32  stm32f4xx_ll_sdmmc.o(i.SDIO_SendCommand)
    SDIO_WriteFIFO                           0x08002081   Thumb Code    10  stm32f4xx_ll_sdmmc.o(i.SDIO_WriteFIFO)
    SDMMC_CmdAppCommand                      0x0800208b   Thumb Code    50  stm32f4xx_ll_sdmmc.o(i.SDMMC_CmdAppCommand)
    SDMMC_CmdAppOperCommand                  0x080020bd   Thumb Code    48  stm32f4xx_ll_sdmmc.o(i.SDMMC_CmdAppOperCommand)
    SDMMC_CmdBlockLength                     0x080020f1   Thumb Code    50  stm32f4xx_ll_sdmmc.o(i.SDMMC_CmdBlockLength)
    SDMMC_CmdBusWidth                        0x08002123   Thumb Code    50  stm32f4xx_ll_sdmmc.o(i.SDMMC_CmdBusWidth)
    SDMMC_CmdGoIdleState                     0x08002155   Thumb Code    76  stm32f4xx_ll_sdmmc.o(i.SDMMC_CmdGoIdleState)
    SDMMC_CmdOperCond                        0x080021a5   Thumb Code    98  stm32f4xx_ll_sdmmc.o(i.SDMMC_CmdOperCond)
    SDMMC_CmdReadMultiBlock                  0x0800220d   Thumb Code    50  stm32f4xx_ll_sdmmc.o(i.SDMMC_CmdReadMultiBlock)
    SDMMC_CmdReadSingleBlock                 0x0800223f   Thumb Code    50  stm32f4xx_ll_sdmmc.o(i.SDMMC_CmdReadSingleBlock)
    SDMMC_CmdSelDesel                        0x08002271   Thumb Code    50  stm32f4xx_ll_sdmmc.o(i.SDMMC_CmdSelDesel)
    SDMMC_CmdSendCID                         0x080022a3   Thumb Code    44  stm32f4xx_ll_sdmmc.o(i.SDMMC_CmdSendCID)
    SDMMC_CmdSendCSD                         0x080022cf   Thumb Code    44  stm32f4xx_ll_sdmmc.o(i.SDMMC_CmdSendCSD)
    SDMMC_CmdSendSCR                         0x080022fb   Thumb Code    48  stm32f4xx_ll_sdmmc.o(i.SDMMC_CmdSendSCR)
    SDMMC_CmdSendStatus                      0x0800232b   Thumb Code    50  stm32f4xx_ll_sdmmc.o(i.SDMMC_CmdSendStatus)
    SDMMC_CmdSetRelAdd                       0x0800235d   Thumb Code    48  stm32f4xx_ll_sdmmc.o(i.SDMMC_CmdSetRelAdd)
    SDMMC_CmdStopTransfer                    0x0800238d   Thumb Code    46  stm32f4xx_ll_sdmmc.o(i.SDMMC_CmdStopTransfer)
    SDMMC_CmdWriteMultiBlock                 0x080023c1   Thumb Code    50  stm32f4xx_ll_sdmmc.o(i.SDMMC_CmdWriteMultiBlock)
    SDMMC_CmdWriteSingleBlock                0x080023f3   Thumb Code    50  stm32f4xx_ll_sdmmc.o(i.SDMMC_CmdWriteSingleBlock)
    SD_initialize                            0x0800296d   Thumb Code    28  sd_diskio.o(i.SD_initialize)
    SD_ioctl                                 0x0800298d   Thumb Code    76  sd_diskio.o(i.SD_ioctl)
    SD_read                                  0x080029dd   Thumb Code    38  sd_diskio.o(i.SD_read)
    SD_status                                0x08002a03   Thumb Code     4  sd_diskio.o(i.SD_status)
    SD_write                                 0x08002a09   Thumb Code    38  sd_diskio.o(i.SD_write)
    SSI_Handler                              0x08002a31   Thumb Code    72  app_http.o(i.SSI_Handler)
    SSI_Init                                 0x08002a81   Thumb Code    12  app_http.o(i.SSI_Init)
    SVC_Handler                              0x08002a95   Thumb Code     2  stm32f4xx_it.o(i.SVC_Handler)
    SysTick_Handler                          0x08002a97   Thumb Code    14  stm32f4xx_it.o(i.SysTick_Handler)
    SystemClock_Config                       0x08002aa5   Thumb Code   148  main.o(i.SystemClock_Config)
    SystemInit                               0x08002b41   Thumb Code    66  system_stm32f4xx.o(i.SystemInit)
    UsageFault_Handler                       0x08002b95   Thumb Code     2  stm32f4xx_it.o(i.UsageFault_Handler)
    User_notification                        0x08002b99   Thumb Code    50  app_ethernet.o(i.User_notification)
    __0printf$3                              0x08002bd1   Thumb Code    22  printf3.o(i.__0printf$3)
    __1printf$3                              0x08002bd1   Thumb Code     0  printf3.o(i.__0printf$3)
    __2printf                                0x08002bd1   Thumb Code     0  printf3.o(i.__0printf$3)
    __0sprintf$3                             0x08002bf1   Thumb Code    34  printf3.o(i.__0sprintf$3)
    __1sprintf$3                             0x08002bf1   Thumb Code     0  printf3.o(i.__0sprintf$3)
    __2sprintf                               0x08002bf1   Thumb Code     0  printf3.o(i.__0sprintf$3)
    __aeabi_errno_addr                       0x08002c19   Thumb Code     4  errno.o(i.__aeabi_errno_addr)
    __rt_errno_addr                          0x08002c19   Thumb Code     0  errno.o(i.__aeabi_errno_addr)
    __scatterload_copy                       0x08002c21   Thumb Code    14  handlers.o(i.__scatterload_copy)
    __scatterload_null                       0x08002c2f   Thumb Code     2  handlers.o(i.__scatterload_null)
    __scatterload_zeroinit                   0x08002c31   Thumb Code    14  handlers.o(i.__scatterload_zeroinit)
    dhcp_arp_reply                           0x08002eb1   Thumb Code    42  dhcp.o(i.dhcp_arp_reply)
    dhcp_coarse_tmr                          0x08003109   Thumb Code   168  dhcp.o(i.dhcp_coarse_tmr)
    dhcp_fine_tmr                            0x080037ad   Thumb Code    46  dhcp.o(i.dhcp_fine_tmr)
    dhcp_release                             0x08004451   Thumb Code   160  dhcp.o(i.dhcp_release)
    dhcp_renew                               0x080044f9   Thumb Code   178  dhcp.o(i.dhcp_renew)
    dhcp_start                               0x080046b9   Thumb Code   164  dhcp.o(i.dhcp_start)
    dhcp_stop                                0x0800481d   Thumb Code    72  dhcp.o(i.dhcp_stop)
    dhcp_supplied_address                    0x080048f5   Thumb Code    28  dhcp.o(i.dhcp_supplied_address)
    disk_initialize                          0x08004979   Thumb Code    36  diskio.o(i.disk_initialize)
    disk_ioctl                               0x080049a1   Thumb Code    24  diskio.o(i.disk_ioctl)
    disk_read                                0x080049bd   Thumb Code    24  diskio.o(i.disk_read)
    disk_status                              0x080049d9   Thumb Code    18  diskio.o(i.disk_status)
    disk_write                               0x080049f1   Thumb Code    24  diskio.o(i.disk_write)
    etharp_cleanup_netif                     0x08004b4d   Thumb Code    42  etharp.o(i.etharp_cleanup_netif)
    etharp_input                             0x08004df9   Thumb Code   166  etharp.o(i.etharp_input)
    etharp_output                            0x08004f11   Thumb Code   274  etharp.o(i.etharp_output)
    etharp_query                             0x080051cd   Thumb Code   300  etharp.o(i.etharp_query)
    etharp_request                           0x08005515   Thumb Code     6  etharp.o(i.etharp_request)
    etharp_tmr                               0x08005541   Thumb Code    92  etharp.o(i.etharp_tmr)
    ethernet_input                           0x080056bd   Thumb Code   154  ethernet.o(i.ethernet_input)
    ethernet_output                          0x0800575d   Thumb Code    98  ethernet.o(i.ethernet_output)
    ethernetif_init                          0x08005855   Thumb Code    50  ethernetif.o(i.ethernetif_init)
    ethernetif_input                         0x080058dd   Thumb Code    34  ethernetif.o(i.ethernetif_input)
    f_mount                                  0x08005965   Thumb Code    84  ff.o(i.f_mount)
    fputc                                    0x08005c45   Thumb Code    18  fputc.o(i.fputc)
    fs_bytes_left                            0x08005c57   Thumb Code     8  fs.o(i.fs_bytes_left)
    fs_close                                 0x08005c5f   Thumb Code     2  fs.o(i.fs_close)
    fs_open                                  0x08005c61   Thumb Code    64  fs.o(i.fs_open)
    http_set_cgi_handlers                    0x08006a65   Thumb Code    48  httpd.o(i.http_set_cgi_handlers)
    http_set_ssi_handler                     0x08006b25   Thumb Code    72  httpd.o(i.http_set_ssi_handler)
    httpd_init                               0x08006d29   Thumb Code   100  httpd.o(i.httpd_init)
    icmp_dest_unreach                        0x08006e4d   Thumb Code     8  icmp.o(i.icmp_dest_unreach)
    icmp_input                               0x08006e55   Thumb Code   274  icmp.o(i.icmp_input)
    icmp_time_exceeded                       0x08007145   Thumb Code     8  icmp.o(i.icmp_time_exceeded)
    ip4_addr_isbroadcast_u32                 0x0800714d   Thumb Code    46  ip4_addr.o(i.ip4_addr_isbroadcast_u32)
    ip4_frag                                 0x0800717d   Thumb Code   390  ip4_frag.o(i.ip4_frag)
    ip4_input                                0x080073d1   Thumb Code   440  ip4.o(i.ip4_input)
    ip4_output_if                            0x08007591   Thumb Code    30  ip4.o(i.ip4_output_if)
    ip4_output_if_src                        0x080075b1   Thumb Code   204  ip4.o(i.ip4_output_if_src)
    ip4_reass                                0x0800771d   Thumb Code   430  ip4_frag.o(i.ip4_reass)
    ip4_route                                0x080078d1   Thumb Code    82  ip4.o(i.ip4_route)
    ip_reass_tmr                             0x08007ee9   Thumb Code    40  ip4_frag.o(i.ip_reass_tmr)
    lwip_htonl                               0x0800822d   Thumb Code     4  def.o(i.lwip_htonl)
    lwip_htons                               0x08008231   Thumb Code     4  def.o(i.lwip_htons)
    lwip_init                                0x08008235   Thumb Code    30  init.o(i.lwip_init)
    lwip_stricmp                             0x08008255   Thumb Code    48  def.o(i.lwip_stricmp)
    lwip_strnstr                             0x08008285   Thumb Code    64  def.o(i.lwip_strnstr)
    main                                     0x080082c5   Thumb Code    78  main.o(i.main)
    mem_free                                 0x08008321   Thumb Code   110  mem.o(i.mem_free)
    mem_init                                 0x0800843d   Thumb Code    42  mem.o(i.mem_init)
    mem_malloc                               0x08008471   Thumb Code   256  mem.o(i.mem_malloc)
    mem_trim                                 0x0800866d   Thumb Code   240  mem.o(i.mem_trim)
    memp_free                                0x080087f1   Thumb Code    34  memp.o(i.memp_free)
    memp_init                                0x0800888d   Thumb Code    26  memp.o(i.memp_init)
    memp_init_pool                           0x080088ad   Thumb Code    42  memp.o(i.memp_init_pool)
    memp_malloc                              0x080088d9   Thumb Code    38  memp.o(i.memp_malloc)
    netif_add                                0x080089b1   Thumb Code   104  netif.o(i.netif_add)
    netif_init                               0x08008a91   Thumb Code     2  netif.o(i.netif_init)
    netif_set_addr                           0x08008aad   Thumb Code    72  netif.o(i.netif_set_addr)
    netif_set_default                        0x08008af5   Thumb Code     6  netif.o(i.netif_set_default)
    netif_set_down                           0x08008b01   Thumb Code    26  netif.o(i.netif_set_down)
    netif_set_gw                             0x08008b1b   Thumb Code     8  netif.o(i.netif_set_gw)
    netif_set_ipaddr                         0x08008b25   Thumb Code    60  netif.o(i.netif_set_ipaddr)
    netif_set_netmask                        0x08008b65   Thumb Code     8  netif.o(i.netif_set_netmask)
    netif_set_up                             0x08008b6d   Thumb Code    28  netif.o(i.netif_set_up)
    pbuf_alloc                               0x08008b89   Thumb Code   480  pbuf.o(i.pbuf_alloc)
    pbuf_alloced_custom                      0x08008f05   Thumb Code    98  pbuf.o(i.pbuf_alloced_custom)
    pbuf_cat                                 0x08008fe5   Thumb Code    96  pbuf.o(i.pbuf_cat)
    pbuf_chain                               0x08009115   Thumb Code    18  pbuf.o(i.pbuf_chain)
    pbuf_clen                                0x08009127   Thumb Code    18  pbuf.o(i.pbuf_clen)
    pbuf_copy                                0x08009139   Thumb Code   242  pbuf.o(i.pbuf_copy)
    pbuf_copy_partial                        0x08009325   Thumb Code   126  pbuf.o(i.pbuf_copy_partial)
    pbuf_free                                0x08009441   Thumb Code   172  pbuf.o(i.pbuf_free)
    pbuf_free_ooseq                          0x080095a5   Thumb Code    34  pbuf.o(i.pbuf_free_ooseq)
    pbuf_header                              0x080095d1   Thumb Code     6  pbuf.o(i.pbuf_header)
    pbuf_header_force                        0x080095d7   Thumb Code     6  pbuf.o(i.pbuf_header_force)
    pbuf_realloc                             0x08009701   Thumb Code   196  pbuf.o(i.pbuf_realloc)
    pbuf_ref                                 0x08009899   Thumb Code    32  pbuf.o(i.pbuf_ref)
    sys_check_timeouts                       0x08009af5   Thumb Code    80  timeouts.o(i.sys_check_timeouts)
    sys_now                                  0x08009b4d   Thumb Code     4  ethernetif.o(i.sys_now)
    sys_timeout                              0x08009b51   Thumb Code   158  timeouts.o(i.sys_timeout)
    sys_timeouts_init                        0x08009c91   Thumb Code    38  timeouts.o(i.sys_timeouts_init)
    tcp_abandon                              0x08009cc5   Thumb Code   226  tcp.o(i.tcp_abandon)
    tcp_abort                                0x08009e39   Thumb Code     6  tcp.o(i.tcp_abort)
    tcp_accept                               0x08009e3f   Thumb Code    14  tcp.o(i.tcp_accept)
    tcp_alloc                                0x08009e5d   Thumb Code   242  tcp.o(i.tcp_alloc)
    tcp_arg                                  0x08009f5d   Thumb Code     8  tcp.o(i.tcp_arg)
    tcp_bind                                 0x08009f65   Thumb Code   152  tcp.o(i.tcp_bind)
    tcp_close                                0x0800a089   Thumb Code    20  tcp.o(i.tcp_close)
    tcp_eff_send_mss_impl                    0x0800a409   Thumb Code    34  tcp.o(i.tcp_eff_send_mss_impl)
    tcp_enqueue_flags                        0x0800a42d   Thumb Code   260  tcp_out.o(i.tcp_enqueue_flags)
    tcp_err                                  0x0800a639   Thumb Code    34  tcp.o(i.tcp_err)
    tcp_fasttmr                              0x0800a6dd   Thumb Code   102  tcp.o(i.tcp_fasttmr)
    tcp_init                                 0x0800a779   Thumb Code     2  tcp.o(i.tcp_init)
    tcp_input                                0x0800a77d   Thumb Code  1488  tcp_in.o(i.tcp_input)
    tcp_keepalive                            0x0800ad8d   Thumb Code    82  tcp_out.o(i.tcp_keepalive)
    tcp_listen_with_backlog                  0x0800b05d   Thumb Code     6  tcp.o(i.tcp_listen_with_backlog)
    tcp_listen_with_backlog_and_err          0x0800b065   Thumb Code   158  tcp.o(i.tcp_listen_with_backlog_and_err)
    tcp_netif_ip_addr_changed                0x0800b189   Thumb Code    72  tcp.o(i.tcp_netif_ip_addr_changed)
    tcp_new                                  0x0800b1f7   Thumb Code     6  tcp.o(i.tcp_new)
    tcp_new_ip_type                          0x0800b1fd   Thumb Code     6  tcp.o(i.tcp_new_ip_type)
    tcp_next_iss                             0x0800b261   Thumb Code    12  tcp.o(i.tcp_next_iss)
    tcp_output                               0x0800b2e9   Thumb Code   554  tcp_out.o(i.tcp_output)
    tcp_pcb_purge                            0x0800b8b5   Thumb Code    66  tcp.o(i.tcp_pcb_purge)
    tcp_pcb_remove                           0x0800b8f9   Thumb Code   140  tcp.o(i.tcp_pcb_remove)
    tcp_poll                                 0x0800ba29   Thumb Code    36  tcp.o(i.tcp_poll)
    tcp_process_refused_data                 0x0800bf49   Thumb Code   108  tcp.o(i.tcp_process_refused_data)
    tcp_recv                                 0x0800c9d5   Thumb Code    34  tcp.o(i.tcp_recv)
    tcp_recv_null                            0x0800ca79   Thumb Code    36  tcp.o(i.tcp_recv_null)
    tcp_recved                               0x0800ca9d   Thumb Code   106  tcp.o(i.tcp_recved)
    tcp_rexmit                               0x0800cbad   Thumb Code    86  tcp_out.o(i.tcp_rexmit)
    tcp_rexmit_fast                          0x0800cc03   Thumb Code    88  tcp_out.o(i.tcp_rexmit_fast)
    tcp_rexmit_rto                           0x0800cc5b   Thumb Code    50  tcp_out.o(i.tcp_rexmit_rto)
    tcp_rst                                  0x0800cc8d   Thumb Code   146  tcp_out.o(i.tcp_rst)
    tcp_seg_copy                             0x0800cdad   Thumb Code    40  tcp.o(i.tcp_seg_copy)
    tcp_seg_free                             0x0800cdd5   Thumb Code    28  tcp.o(i.tcp_seg_free)
    tcp_segs_free                            0x0800cdf1   Thumb Code    18  tcp.o(i.tcp_segs_free)
    tcp_send_empty_ack                       0x0800ce03   Thumb Code   114  tcp_out.o(i.tcp_send_empty_ack)
    tcp_send_fin                             0x0800ce75   Thumb Code    68  tcp_out.o(i.tcp_send_fin)
    tcp_sent                                 0x0800ceb9   Thumb Code    32  tcp.o(i.tcp_sent)
    tcp_server_init                          0x0800d025   Thumb Code    58  net.o(i.tcp_server_init)
    tcp_setprio                              0x0800d233   Thumb Code     4  tcp.o(i.tcp_setprio)
    tcp_slowtmr                              0x0800d239   Thumb Code   784  tcp.o(i.tcp_slowtmr)
    tcp_timer_needed                         0x0800d711   Thumb Code    36  timeouts.o(i.tcp_timer_needed)
    tcp_tmr                                  0x0800d7ad   Thumb Code    28  tcp.o(i.tcp_tmr)
    tcp_trigger_input_pcb_close              0x0800d7cd   Thumb Code    12  tcp_in.o(i.tcp_trigger_input_pcb_close)
    tcp_update_rcv_ann_wnd                   0x0800d7dd   Thumb Code    76  tcp.o(i.tcp_update_rcv_ann_wnd)
    tcp_write                                0x0800d89d   Thumb Code  1664  tcp_out.o(i.tcp_write)
    tcp_zero_window_probe                    0x0800e05d   Thumb Code   180  tcp_out.o(i.tcp_zero_window_probe)
    udp_bind                                 0x0800e149   Thumb Code   164  udp.o(i.udp_bind)
    udp_connect                              0x0800e1f5   Thumb Code    76  udp.o(i.udp_connect)
    udp_init                                 0x0800e245   Thumb Code     2  udp.o(i.udp_init)
    udp_input                                0x0800e249   Thumb Code   296  udp.o(i.udp_input)
    udp_netif_ip_addr_changed                0x0800e3e5   Thumb Code    48  udp.o(i.udp_netif_ip_addr_changed)
    udp_new                                  0x0800e419   Thumb Code    26  udp.o(i.udp_new)
    udp_recv                                 0x0800e433   Thumb Code     6  udp.o(i.udp_recv)
    udp_remove                               0x0800e439   Thumb Code    42  udp.o(i.udp_remove)
    udp_sendto_if                            0x0800e469   Thumb Code    54  udp.o(i.udp_sendto_if)
    udp_sendto_if_src                        0x0800e4a1   Thumb Code   186  udp.o(i.udp_sendto_if_src)
    SD_Driver                                0x0800e5e4   Data          20  sd_diskio.o(.constdata)
    AHBPrescTable                            0x0800e5f8   Data          16  system_stm32f4xx.o(.constdata)
    ethbroadcast                             0x0800e608   Data           6  ethernet.o(.constdata)
    ethzero                                  0x0800e60e   Data           6  ethernet.o(.constdata)
    g_pcTagLeadIn                            0x0800e614   Data           4  httpd.o(.constdata)
    g_pcTagLeadOut                           0x0800e618   Data           4  httpd.o(.constdata)
    g_psDefaultFilenames                     0x0800e62c   Data          40  httpd.o(.constdata)
    file__img_sics_gif                       0x0800fa98   Data          20  fs.o(.constdata)
    file__404_html                           0x0800faac   Data          20  fs.o(.constdata)
    file__counter_shtml                      0x0800fac0   Data          20  fs.o(.constdata)
    file__index_html                         0x0800fad4   Data          20  fs.o(.constdata)
    file__send_html                          0x0800fae8   Data          20  fs.o(.constdata)
    memp_UDP_PCB                             0x0800fafc   Data          12  memp.o(.constdata)
    memp_TCP_PCB                             0x0800fb08   Data          12  memp.o(.constdata)
    memp_TCP_PCB_LISTEN                      0x0800fb14   Data          12  memp.o(.constdata)
    memp_TCP_SEG                             0x0800fb20   Data          12  memp.o(.constdata)
    memp_REASSDATA                           0x0800fb2c   Data          12  memp.o(.constdata)
    memp_FRAG_PBUF                           0x0800fb38   Data          12  memp.o(.constdata)
    memp_SYS_TIMEOUT                         0x0800fb44   Data          12  memp.o(.constdata)
    memp_PBUF                                0x0800fb50   Data          12  memp.o(.constdata)
    memp_PBUF_POOL                           0x0800fb5c   Data          12  memp.o(.constdata)
    memp_pools                               0x0800fb68   Data          36  memp.o(.constdata)
    tcp_pcb_lists                            0x0800fbd0   Data          16  tcp.o(.constdata)
    lwip_cyclic_timers                       0x0800fbe0   Data          40  timeouts.o(.constdata)
    ip_addr_any                              0x0800fc08   Data           4  ip4_addr.o(.constdata)
    ip_addr_broadcast                        0x0800fc0c   Data           4  ip4_addr.o(.constdata)
    __ctype_table                            0x0800fc18   Data         129  ctype_o.o(.constdata)
    Region$$Table$$Base                      0x0800fec8   Number         0  anon$$obj.o(Region$$Table)
    Region$$Table$$Limit                     0x0800fee8   Number         0  anon$$obj.o(Region$$Table)
    retSD                                    0x20000001   Data           1  fatfs.o(.data)
    SDPath                                   0x20000002   Data           4  fatfs.o(.data)
    DHCPfineTimer                            0x20000008   Data           4  lwip.o(.data)
    ipaddr                                   0x2000000c   Data           4  lwip.o(.data)
    netmask                                  0x20000010   Data           4  lwip.o(.data)
    gw                                       0x20000014   Data           4  lwip.o(.data)
    uwTickFreq                               0x20000018   Data           1  stm32f4xx_hal.o(.data)
    uwTickPrio                               0x2000001c   Data           4  stm32f4xx_hal.o(.data)
    uwTick                                   0x20000020   Data           4  stm32f4xx_hal.o(.data)
    SystemCoreClock                          0x20000024   Data           4  system_stm32f4xx.o(.data)
    g_pfnSSIHandler                          0x20000030   Data           4  httpd.o(.data)
    g_iNumTags                               0x20000034   Data           4  httpd.o(.data)
    g_ppcTags                                0x20000038   Data           4  httpd.o(.data)
    g_pCGIs                                  0x2000003c   Data           4  httpd.o(.data)
    g_iNumCGIs                               0x20000040   Data           4  httpd.o(.data)
    http_cgi_paramcount                      0x20000044   Data           4  httpd.o(.data)
    netif_list                               0x2000007c   Data           4  netif.o(.data)
    netif_default                            0x20000080   Data           4  netif.o(.data)
    pbuf_free_ooseq_pending                  0x20000084   Data           1  pbuf.o(.data)
    tcp_active_pcbs_changed                  0x20000088   Data           1  tcp.o(.data)
    tcp_ticks                                0x20000094   Data           4  tcp.o(.data)
    tcp_bound_pcbs                           0x20000098   Data           4  tcp.o(.data)
    tcp_listen_pcbs                          0x2000009c   Data           4  tcp.o(.data)
    tcp_active_pcbs                          0x200000a0   Data           4  tcp.o(.data)
    tcp_tw_pcbs                              0x200000a4   Data           4  tcp.o(.data)
    tcp_input_pcb                            0x200000c8   Data           4  tcp_in.o(.data)
    udp_pcbs                                 0x200000dc   Data           4  udp.o(.data)
    dhcp_rx_options_given                    0x200000ec   Data           8  dhcp.o(.data)
    DHCP_state                               0x20000100   Data           1  app_ethernet.o(.data)
    http_var1                                0x20000114   Data           2  app_http.o(.data)
    server_pcb                               0x20000128   Data           4  net.o(.data)
    ss                                       0x2000012c   Data           4  net.o(.data)
    __stdout                                 0x20000134   Data           4  stdout.o(.data)
    SDFatFs                                  0x2000013c   Data        4148  main.o(.bss)
    gnetif                                   0x20001170   Data          52  lwip.o(.bss)
    hsd                                      0x200011a4   Data         132  sdio.o(.bss)
    DMARxDscrTab                             0x20001228   Data         128  ethernetif.o(.bss)
    DMATxDscrTab                             0x200012a8   Data         128  ethernetif.o(.bss)
    Rx_Buff                                  0x20001328   Data        6096  ethernetif.o(.bss)
    Tx_Buff                                  0x20002af8   Data        6096  ethernetif.o(.bss)
    heth                                     0x200042c8   Data          72  ethernetif.o(.bss)
    disk                                     0x20004330   Data          12  ff_gen_drv.o(.bss)
    ip_data                                  0x2000477c   Data          24  ip.o(.bss)
    ram_heap                                 0x20004794   Data        1619  mem.o(.bss)
    memp_memory_UDP_PCB_base                 0x20004de7   Data         131  memp.o(.bss)
    memp_memory_TCP_PCB_base                 0x20004e6a   Data         763  memp.o(.bss)
    memp_memory_TCP_PCB_LISTEN_base          0x20005165   Data         227  memp.o(.bss)
    memp_memory_TCP_SEG_base                 0x20005248   Data         387  memp.o(.bss)
    memp_memory_REASSDATA_base               0x200053cb   Data         163  memp.o(.bss)
    memp_memory_FRAG_PBUF_base               0x2000546e   Data         363  memp.o(.bss)
    memp_memory_SYS_TIMEOUT_base             0x200055d9   Data          83  memp.o(.bss)
    memp_memory_PBUF_base                    0x2000562c   Data         259  memp.o(.bss)
    memp_memory_PBUF_POOL_base               0x2000572f   Data        8515  memp.o(.bss)
    dhcp_rx_options_val                      0x20007884   Data          32  dhcp.o(.bss)
    input_str                                0x20007994   Data         100  net.o(.bss)
    __initial_sp                             0x2000b9f8   Data           0  startup_stm32f407xx.o(STACK)



==============================================================================

Memory Map of the image

  Image Entry point : 0x08000189

  Load Region LR_IROM1 (Base: 0x08000000, Size: 0x00010024, Max: 0x00080000, ABSOLUTE, COMPRESSED[0x0000ff14])

    Execution Region ER_IROM1 (Base: 0x08000000, Size: 0x0000fee8, Max: 0x00080000, ABSOLUTE)

    Base Addr    Size         Type   Attr      Idx    E Section Name        Object

    0x08000000   0x00000188   Data   RO            3    RESET               startup_stm32f407xx.o
    0x08000188   0x00000000   Code   RO         6699  * .ARM.Collect$$$$00000000  mc_w.l(entry.o)
    0x08000188   0x00000004   Code   RO         6990    .ARM.Collect$$$$00000001  mc_w.l(entry2.o)
    0x0800018c   0x00000004   Code   RO         6993    .ARM.Collect$$$$00000004  mc_w.l(entry5.o)
    0x08000190   0x00000000   Code   RO         6995    .ARM.Collect$$$$00000008  mc_w.l(entry7b.o)
    0x08000190   0x00000000   Code   RO         6997    .ARM.Collect$$$$0000000A  mc_w.l(entry8b.o)
    0x08000190   0x00000008   Code   RO         6998    .ARM.Collect$$$$0000000B  mc_w.l(entry9a.o)
    0x08000198   0x00000000   Code   RO         7000    .ARM.Collect$$$$0000000D  mc_w.l(entry10a.o)
    0x08000198   0x00000000   Code   RO         7002    .ARM.Collect$$$$0000000F  mc_w.l(entry11a.o)
    0x08000198   0x00000004   Code   RO         6991    .ARM.Collect$$$$00002712  mc_w.l(entry2.o)
    0x0800019c   0x00000024   Code   RO            4    .text               startup_stm32f407xx.o
    0x080001c0   0x00000062   Code   RO         6702    .text               mc_w.l(uldiv.o)
    0x08000222   0x00000002   PAD
    0x08000224   0x00000024   Code   RO         6704    .text               mc_w.l(rand.o)
    0x08000248   0x00000024   Code   RO         6707    .text               mc_w.l(memcpya.o)
    0x0800026c   0x00000024   Code   RO         6709    .text               mc_w.l(memseta.o)
    0x08000290   0x00000024   Code   RO         6711    .text               mc_w.l(strstr.o)
    0x080002b4   0x00000018   Code   RO         6713    .text               mc_w.l(strncpy.o)
    0x080002cc   0x00000014   Code   RO         6715    .text               mc_w.l(strchr.o)
    0x080002e0   0x0000000e   Code   RO         6717    .text               mc_w.l(strlen.o)
    0x080002ee   0x0000001c   Code   RO         6719    .text               mc_w.l(strcmp.o)
    0x0800030a   0x0000001a   Code   RO         6721    .text               mc_w.l(memcmp.o)
    0x08000324   0x0000001e   Code   RO         6723    .text               mc_w.l(strncmp.o)
    0x08000342   0x0000001a   Code   RO         6988    .text               mc_w.l(atoi.o)
    0x0800035c   0x0000002c   Code   RO         7007    .text               mc_w.l(uidiv.o)
    0x08000388   0x0000001e   Code   RO         7009    .text               mc_w.l(llshl.o)
    0x080003a6   0x00000020   Code   RO         7011    .text               mc_w.l(llushr.o)
    0x080003c6   0x00000070   Code   RO         7020    .text               mc_w.l(strtol.o)
    0x08000436   0x00000002   PAD
    0x08000438   0x00000024   Code   RO         7033    .text               mc_w.l(init.o)
    0x0800045c   0x00000000   Code   RO         7035    .text               mc_w.l(semi.o)
    0x0800045c   0x00000008   Code   RO         7038    .text               mc_w.l(ctype_o.o)
    0x08000464   0x0000009e   Code   RO         7066    .text               mc_w.l(_strtoul.o)
    0x08000502   0x00000000   Code   RO         7068    .text               mc_w.l(iusesemip.o)
    0x08000502   0x0000001c   Code   RO         7071    .text               mc_w.l(_chval.o)
    0x0800051e   0x00000056   Code   RO         7081    .text               mc_w.l(__dczerorl2.o)
    0x08000574   0x0000000c   Code   RO          360    i.BSP_SD_GetCardInfo  bsp_driver_sd.o
    0x08000580   0x00000018   Code   RO          361    i.BSP_SD_GetCardState  bsp_driver_sd.o
    0x08000598   0x00000034   Code   RO          364    i.BSP_SD_Init       bsp_driver_sd.o
    0x080005cc   0x00000020   Code   RO          366    i.BSP_SD_ReadBlocks  bsp_driver_sd.o
    0x080005ec   0x00000020   Code   RO          369    i.BSP_SD_WriteBlocks  bsp_driver_sd.o
    0x0800060c   0x00000002   Code   RO          704    i.BusFault_Handler  stm32f4xx_it.o
    0x0800060e   0x00000002   PAD
    0x08000610   0x0000001c   Code   RO         6583    i.CGI_Init          app_http.o
    0x0800062c   0x0000002c   Code   RO         6530    i.DHCP_Periodic_Handle  app_ethernet.o
    0x08000658   0x0000007c   Code   RO         6531    i.DHCP_Process      app_ethernet.o
    0x080006d4   0x00000002   Code   RO          705    i.DebugMon_Handler  stm32f4xx_it.o
    0x080006d6   0x00000002   PAD
    0x080006d8   0x00000020   Code   RO          885    i.ETH_Delay         stm32f4xx_hal_eth.o
    0x080006f8   0x0000002e   Code   RO          886    i.ETH_FlushTransmitFIFO  stm32f4xx_hal_eth.o
    0x08000726   0x00000002   PAD
    0x08000728   0x00000124   Code   RO          887    i.ETH_MACDMAConfig  stm32f4xx_hal_eth.o
    0x0800084c   0x00000006   Code   RO         3071    i.FATFS_LinkDriver  ff_gen_drv.o
    0x08000852   0x00000002   PAD
    0x08000854   0x00000040   Code   RO         3072    i.FATFS_LinkDriverEx  ff_gen_drv.o
    0x08000894   0x00000024   Code   RO         2454    i.HAL_Delay         stm32f4xx_hal.o
    0x080008b8   0x00000074   Code   RO          890    i.HAL_ETH_DMARxDescListInit  stm32f4xx_hal_eth.o
    0x0800092c   0x00000078   Code   RO          891    i.HAL_ETH_DMATxDescListInit  stm32f4xx_hal_eth.o
    0x080009a4   0x0000007a   Code   RO          894    i.HAL_ETH_GetReceivedFrame  stm32f4xx_hal_eth.o
    0x08000a1e   0x00000002   PAD
    0x08000a20   0x000001ec   Code   RO          898    i.HAL_ETH_Init      stm32f4xx_hal_eth.o
    0x08000c0c   0x000000b4   Code   RO          780    i.HAL_ETH_MspInit   ethernetif.o
    0x08000cc0   0x00000084   Code   RO          901    i.HAL_ETH_ReadPHYRegister  stm32f4xx_hal_eth.o
    0x08000d44   0x00000084   Code   RO          903    i.HAL_ETH_Start     stm32f4xx_hal_eth.o
    0x08000dc8   0x00000108   Code   RO          905    i.HAL_ETH_TransmitFrame  stm32f4xx_hal_eth.o
    0x08000ed0   0x00000078   Code   RO          907    i.HAL_ETH_WritePHYRegister  stm32f4xx_hal_eth.o
    0x08000f48   0x000001b0   Code   RO         1928    i.HAL_GPIO_Init     stm32f4xx_hal_gpio.o
    0x080010f8   0x0000000c   Code   RO         2460    i.HAL_GetTick       stm32f4xx_hal.o
    0x08001104   0x00000010   Code   RO         2464    i.HAL_IncTick       stm32f4xx_hal.o
    0x08001114   0x00000034   Code   RO         2465    i.HAL_Init          stm32f4xx_hal.o
    0x08001148   0x00000040   Code   RO         2466    i.HAL_InitTick      stm32f4xx_hal.o
    0x08001188   0x00000084   Code   RO          861    i.HAL_MspInit       stm32f4xx_hal_msp.o
    0x0800120c   0x00000040   Code   RO         2323    i.HAL_NVIC_SetPriority  stm32f4xx_hal_cortex.o
    0x0800124c   0x00000024   Code   RO         2324    i.HAL_NVIC_SetPriorityGrouping  stm32f4xx_hal_cortex.o
    0x08001270   0x00000130   Code   RO         1574    i.HAL_RCC_ClockConfig  stm32f4xx_hal_rcc.o
    0x080013a0   0x0000000c   Code   RO         1579    i.HAL_RCC_GetHCLKFreq  stm32f4xx_hal_rcc.o
    0x080013ac   0x00000064   Code   RO         1583    i.HAL_RCC_GetSysClockFreq  stm32f4xx_hal_rcc.o
    0x08001410   0x0000031c   Code   RO         1586    i.HAL_RCC_OscConfig  stm32f4xx_hal_rcc.o
    0x0800172c   0x00000078   Code   RO         1305    i.HAL_SD_ConfigWideBusOperation  stm32f4xx_hal_sd.o
    0x080017a4   0x000001da   Code   RO         1310    i.HAL_SD_GetCardCSD  stm32f4xx_hal_sd.o
    0x0800197e   0x00000024   Code   RO         1311    i.HAL_SD_GetCardInfo  stm32f4xx_hal_sd.o
    0x080019a2   0x0000002c   Code   RO         1312    i.HAL_SD_GetCardState  stm32f4xx_hal_sd.o
    0x080019ce   0x00000036   Code   RO         1317    i.HAL_SD_Init       stm32f4xx_hal_sd.o
    0x08001a04   0x00000054   Code   RO         1318    i.HAL_SD_InitCard   stm32f4xx_hal_sd.o
    0x08001a58   0x00000080   Code   RO          663    i.HAL_SD_MspInit    sdio.o
    0x08001ad8   0x000001b2   Code   RO         1321    i.HAL_SD_ReadBlocks  stm32f4xx_hal_sd.o
    0x08001c8a   0x00000002   PAD
    0x08001c8c   0x0000019a   Code   RO         1326    i.HAL_SD_WriteBlocks  stm32f4xx_hal_sd.o
    0x08001e26   0x00000018   Code   RO         2326    i.HAL_SYSTICK_CLKSourceConfig  stm32f4xx_hal_cortex.o
    0x08001e3e   0x00000002   Code   RO         2327    i.HAL_SYSTICK_Callback  stm32f4xx_hal_cortex.o
    0x08001e40   0x00000028   Code   RO         2328    i.HAL_SYSTICK_Config  stm32f4xx_hal_cortex.o
    0x08001e68   0x00000008   Code   RO         2329    i.HAL_SYSTICK_IRQHandler  stm32f4xx_hal_cortex.o
    0x08001e70   0x00000002   Code   RO          706    i.HardFault_Handler  stm32f4xx_it.o
    0x08001e72   0x00000002   PAD
    0x08001e74   0x00000050   Code   RO         6584    i.MSGS_CGI_Handler  app_http.o
    0x08001ec4   0x0000001c   Code   RO          558    i.MX_FATFS_Init     fatfs.o
    0x08001ee0   0x0000006c   Code   RO          330    i.MX_GPIO_Init      gpio.o
    0x08001f4c   0x00000064   Code   RO          596    i.MX_LWIP_Init      lwip.o
    0x08001fb0   0x00000020   Code   RO          664    i.MX_SDIO_SD_Init   sdio.o
    0x08001fd0   0x00000002   Code   RO          707    i.MemManage_Handler  stm32f4xx_it.o
    0x08001fd2   0x00000002   Code   RO          708    i.NMI_Handler       stm32f4xx_it.o
    0x08001fd4   0x00000020   Code   RO         2330    i.NVIC_SetPriority  stm32f4xx_hal_cortex.o
    0x08001ff4   0x00000002   Code   RO          709    i.PendSV_Handler    stm32f4xx_it.o
    0x08001ff6   0x00000024   Code   RO         1038    i.SDIO_ConfigData   stm32f4xx_ll_sdmmc.o
    0x0800201a   0x00000008   Code   RO         1042    i.SDIO_GetPowerState  stm32f4xx_ll_sdmmc.o
    0x08002022   0x0000000c   Code   RO         1043    i.SDIO_GetResponse  stm32f4xx_ll_sdmmc.o
    0x0800202e   0x00000024   Code   RO         1044    i.SDIO_Init         stm32f4xx_ll_sdmmc.o
    0x08002052   0x00000008   Code   RO         1046    i.SDIO_PowerState_ON  stm32f4xx_ll_sdmmc.o
    0x0800205a   0x00000006   Code   RO         1047    i.SDIO_ReadFIFO     stm32f4xx_ll_sdmmc.o
    0x08002060   0x00000020   Code   RO         1048    i.SDIO_SendCommand  stm32f4xx_ll_sdmmc.o
    0x08002080   0x0000000a   Code   RO         1050    i.SDIO_WriteFIFO    stm32f4xx_ll_sdmmc.o
    0x0800208a   0x00000032   Code   RO         1051    i.SDMMC_CmdAppCommand  stm32f4xx_ll_sdmmc.o
    0x080020bc   0x00000034   Code   RO         1052    i.SDMMC_CmdAppOperCommand  stm32f4xx_ll_sdmmc.o
    0x080020f0   0x00000032   Code   RO         1053    i.SDMMC_CmdBlockLength  stm32f4xx_ll_sdmmc.o
    0x08002122   0x00000032   Code   RO         1054    i.SDMMC_CmdBusWidth  stm32f4xx_ll_sdmmc.o
    0x08002154   0x00000050   Code   RO         1058    i.SDMMC_CmdGoIdleState  stm32f4xx_ll_sdmmc.o
    0x080021a4   0x00000068   Code   RO         1060    i.SDMMC_CmdOperCond  stm32f4xx_ll_sdmmc.o
    0x0800220c   0x00000032   Code   RO         1061    i.SDMMC_CmdReadMultiBlock  stm32f4xx_ll_sdmmc.o
    0x0800223e   0x00000032   Code   RO         1062    i.SDMMC_CmdReadSingleBlock  stm32f4xx_ll_sdmmc.o
    0x08002270   0x00000032   Code   RO         1065    i.SDMMC_CmdSelDesel  stm32f4xx_ll_sdmmc.o
    0x080022a2   0x0000002c   Code   RO         1066    i.SDMMC_CmdSendCID  stm32f4xx_ll_sdmmc.o
    0x080022ce   0x0000002c   Code   RO         1067    i.SDMMC_CmdSendCSD  stm32f4xx_ll_sdmmc.o
    0x080022fa   0x00000030   Code   RO         1068    i.SDMMC_CmdSendSCR  stm32f4xx_ll_sdmmc.o
    0x0800232a   0x00000032   Code   RO         1069    i.SDMMC_CmdSendStatus  stm32f4xx_ll_sdmmc.o
    0x0800235c   0x00000030   Code   RO         1070    i.SDMMC_CmdSetRelAdd  stm32f4xx_ll_sdmmc.o
    0x0800238c   0x00000034   Code   RO         1072    i.SDMMC_CmdStopTransfer  stm32f4xx_ll_sdmmc.o
    0x080023c0   0x00000032   Code   RO         1074    i.SDMMC_CmdWriteMultiBlock  stm32f4xx_ll_sdmmc.o
    0x080023f2   0x00000032   Code   RO         1075    i.SDMMC_CmdWriteSingleBlock  stm32f4xx_ll_sdmmc.o
    0x08002424   0x0000011c   Code   RO         1076    i.SDMMC_GetCmdResp1  stm32f4xx_ll_sdmmc.o
    0x08002540   0x00000050   Code   RO         1077    i.SDMMC_GetCmdResp2  stm32f4xx_ll_sdmmc.o
    0x08002590   0x00000040   Code   RO         1078    i.SDMMC_GetCmdResp3  stm32f4xx_ll_sdmmc.o
    0x080025d0   0x00000084   Code   RO         1079    i.SDMMC_GetCmdResp6  stm32f4xx_ll_sdmmc.o
    0x08002654   0x00000020   Code   RO          498    i.SD_CheckStatus    sd_diskio.o
    0x08002674   0x000000d4   Code   RO         1334    i.SD_FindSCR        stm32f4xx_hal_sd.o
    0x08002748   0x000000e6   Code   RO         1335    i.SD_InitCard       stm32f4xx_hal_sd.o
    0x0800282e   0x000000a2   Code   RO         1336    i.SD_PowerON        stm32f4xx_hal_sd.o
    0x080028d0   0x0000004e   Code   RO         1338    i.SD_WideBus_Disable  stm32f4xx_hal_sd.o
    0x0800291e   0x0000004e   Code   RO         1339    i.SD_WideBus_Enable  stm32f4xx_hal_sd.o
    0x0800296c   0x00000020   Code   RO          499    i.SD_initialize     sd_diskio.o
    0x0800298c   0x00000050   Code   RO          500    i.SD_ioctl          sd_diskio.o
    0x080029dc   0x00000026   Code   RO          501    i.SD_read           sd_diskio.o
    0x08002a02   0x00000004   Code   RO          502    i.SD_status         sd_diskio.o
    0x08002a06   0x00000002   PAD
    0x08002a08   0x00000026   Code   RO          503    i.SD_write          sd_diskio.o
    0x08002a2e   0x00000002   PAD
    0x08002a30   0x00000050   Code   RO         6585    i.SSI_Handler       app_http.o
    0x08002a80   0x00000014   Code   RO         6586    i.SSI_Init          app_http.o
    0x08002a94   0x00000002   Code   RO          710    i.SVC_Handler       stm32f4xx_it.o
    0x08002a96   0x0000000e   Code   RO          711    i.SysTick_Handler   stm32f4xx_it.o
    0x08002aa4   0x0000009c   Code   RO           13    i.SystemClock_Config  main.o
    0x08002b40   0x00000054   Code   RO         2619    i.SystemInit        system_stm32f4xx.o
    0x08002b94   0x00000002   Code   RO          712    i.UsageFault_Handler  stm32f4xx_it.o
    0x08002b96   0x00000002   PAD
    0x08002b98   0x00000038   Code   RO         6532    i.User_notification  app_ethernet.o
    0x08002bd0   0x00000020   Code   RO         6816    i.__0printf$3       mc_w.l(printf3.o)
    0x08002bf0   0x00000028   Code   RO         6818    i.__0sprintf$3      mc_w.l(printf3.o)
    0x08002c18   0x00000008   Code   RO         7013    i.__aeabi_errno_addr  mc_w.l(errno.o)
    0x08002c20   0x0000000e   Code   RO         7075    i.__scatterload_copy  mc_w.l(handlers.o)
    0x08002c2e   0x00000002   Code   RO         7076    i.__scatterload_null  mc_w.l(handlers.o)
    0x08002c30   0x0000000e   Code   RO         7077    i.__scatterload_zeroinit  mc_w.l(handlers.o)
    0x08002c3e   0x00000002   PAD
    0x08002c40   0x000001b8   Code   RO         6823    i._printf_core      mc_w.l(printf3.o)
    0x08002df8   0x0000000a   Code   RO         6825    i._sputc            mc_w.l(printf3.o)
    0x08002e02   0x00000002   PAD
    0x08002e04   0x00000070   Code   RO         2735    i.check_fs          ff.o
    0x08002e74   0x00000020   Code   RO         2737    i.clear_lock        ff.o
    0x08002e94   0x0000001c   Code   RO         5385    i.cyclic_timer      timeouts.o
    0x08002eb0   0x0000009c   Code   RO         5596    i.dhcp_arp_reply    dhcp.o
    0x08002f4c   0x00000188   Code   RO         5597    i.dhcp_bind         dhcp.o
    0x080030d4   0x00000034   Code   RO         5598    i.dhcp_check        dhcp.o
    0x08003108   0x000000ac   Code   RO         5600    i.dhcp_coarse_tmr   dhcp.o
    0x080031b4   0x000002c8   Code   RO         5601    i.dhcp_create_msg   dhcp.o
    0x0800347c   0x000000b8   Code   RO         5602    i.dhcp_dec_pcb_refcount  dhcp.o
    0x08003534   0x00000088   Code   RO         5603    i.dhcp_decline      dhcp.o
    0x080035bc   0x00000124   Code   RO         5604    i.dhcp_delete_msg   dhcp.o
    0x080036e0   0x000000cc   Code   RO         5605    i.dhcp_discover     dhcp.o
    0x080037ac   0x00000034   Code   RO         5606    i.dhcp_fine_tmr     dhcp.o
    0x080037e0   0x00000064   Code   RO         5607    i.dhcp_handle_ack   dhcp.o
    0x08003844   0x000000ec   Code   RO         5608    i.dhcp_inc_pcb_refcount  dhcp.o
    0x08003930   0x000000a4   Code   RO         5611    i.dhcp_option       dhcp.o
    0x080039d4   0x000000c8   Code   RO         5612    i.dhcp_option_byte  dhcp.o
    0x08003a9c   0x000000fc   Code   RO         5613    i.dhcp_option_long  dhcp.o
    0x08003b98   0x000000a0   Code   RO         5614    i.dhcp_option_short  dhcp.o
    0x08003c38   0x0000015c   Code   RO         5615    i.dhcp_option_trailer  dhcp.o
    0x08003d94   0x0000037c   Code   RO         5616    i.dhcp_parse_reply  dhcp.o
    0x08004110   0x000000b8   Code   RO         5617    i.dhcp_rebind       dhcp.o
    0x080041c8   0x000000d4   Code   RO         5618    i.dhcp_reboot       dhcp.o
    0x0800429c   0x000001b4   Code   RO         5619    i.dhcp_recv         dhcp.o
    0x08004450   0x000000a8   Code   RO         5620    i.dhcp_release      dhcp.o
    0x080044f8   0x000000b8   Code   RO         5621    i.dhcp_renew        dhcp.o
    0x080045b0   0x000000f8   Code   RO         5622    i.dhcp_select       dhcp.o
    0x080046a8   0x00000010   Code   RO         5623    i.dhcp_set_state    dhcp.o
    0x080046b8   0x00000164   Code   RO         5625    i.dhcp_start        dhcp.o
    0x0800481c   0x000000d8   Code   RO         5626    i.dhcp_stop         dhcp.o
    0x080048f4   0x0000001c   Code   RO         5627    i.dhcp_supplied_address  dhcp.o
    0x08004910   0x00000066   Code   RO         5628    i.dhcp_timeout      dhcp.o
    0x08004976   0x00000002   PAD
    0x08004978   0x00000028   Code   RO         2680    i.disk_initialize   diskio.o
    0x080049a0   0x0000001c   Code   RO         2681    i.disk_ioctl        diskio.o
    0x080049bc   0x0000001c   Code   RO         2682    i.disk_read         diskio.o
    0x080049d8   0x00000018   Code   RO         2683    i.disk_status       diskio.o
    0x080049f0   0x0000001c   Code   RO         2684    i.disk_write        diskio.o
    0x08004a0c   0x0000009c   Code   RO         4402    i.do_memp_free_pool  memp.o
    0x08004aa8   0x000000a4   Code   RO         4403    i.do_memp_malloc_pool  memp.o
    0x08004b4c   0x00000030   Code   RO         5802    i.etharp_cleanup_netif  etharp.o
    0x08004b7c   0x00000258   Code   RO         5804    i.etharp_find_entry  etharp.o
    0x08004dd4   0x00000024   Code   RO         5805    i.etharp_free_entry  etharp.o
    0x08004df8   0x00000118   Code   RO         5807    i.etharp_input      etharp.o
    0x08004f10   0x000001ac   Code   RO         5808    i.etharp_output     etharp.o
    0x080050bc   0x00000110   Code   RO         5809    i.etharp_output_to_arp_index  etharp.o
    0x080051cc   0x000001d8   Code   RO         5810    i.etharp_query      etharp.o
    0x080053a4   0x00000170   Code   RO         5811    i.etharp_raw        etharp.o
    0x08005514   0x0000000c   Code   RO         5812    i.etharp_request    etharp.o
    0x08005520   0x00000020   Code   RO         5813    i.etharp_request_dst  etharp.o
    0x08005540   0x00000060   Code   RO         5814    i.etharp_tmr        etharp.o
    0x080055a0   0x0000011c   Code   RO         5815    i.etharp_update_arp_entry  etharp.o
    0x080056bc   0x000000a0   Code   RO         3559    i.ethernet_input    ethernet.o
    0x0800575c   0x000000f8   Code   RO         3560    i.ethernet_output   ethernet.o
    0x08005854   0x00000088   Code   RO          781    i.ethernetif_init   ethernetif.o
    0x080058dc   0x00000022   Code   RO          782    i.ethernetif_input  ethernetif.o
    0x080058fe   0x00000002   PAD
    0x08005900   0x00000064   Code   RO         3716    i.extract_uri_parameters  httpd.o
    0x08005964   0x00000058   Code   RO         2756    i.f_mount           ff.o
    0x080059bc   0x00000288   Code   RO         2770    i.find_volume       ff.o
    0x08005c44   0x00000012   Code   RO         7004    i.fputc             mc_w.l(fputc.o)
    0x08005c56   0x00000008   Code   RO         3873    i.fs_bytes_left     fs.o
    0x08005c5e   0x00000002   Code   RO         3874    i.fs_close          fs.o
    0x08005c60   0x00000044   Code   RO         3875    i.fs_open           fs.o
    0x08005ca4   0x0000003c   Code   RO         2774    i.get_ldnumber      ff.o
    0x08005ce0   0x00000190   Code   RO         3717    i.get_tag_insert    httpd.o
    0x08005e70   0x0000006c   Code   RO         3718    i.http_accept       httpd.o
    0x08005edc   0x000000c8   Code   RO         3719    i.http_check_eof    httpd.o
    0x08005fa4   0x00000006   Code   RO         3720    i.http_close_conn   httpd.o
    0x08005faa   0x00000002   PAD
    0x08005fac   0x00000060   Code   RO         3721    i.http_close_or_abort_conn  httpd.o
    0x0800600c   0x00000004   Code   RO         3722    i.http_eof          httpd.o
    0x08006010   0x0000000a   Code   RO         3723    i.http_err          httpd.o
    0x0800601a   0x00000002   PAD
    0x0800601c   0x000001b0   Code   RO         3724    i.http_find_file    httpd.o
    0x080061cc   0x00000058   Code   RO         3725    i.http_get_404_file  httpd.o
    0x08006224   0x00000160   Code   RO         3726    i.http_init_file    httpd.o
    0x08006384   0x000001a0   Code   RO         3727    i.http_parse_request  httpd.o
    0x08006524   0x00000036   Code   RO         3728    i.http_poll         httpd.o
    0x0800655a   0x00000002   PAD
    0x0800655c   0x00000124   Code   RO         3729    i.http_recv         httpd.o
    0x08006680   0x0000007a   Code   RO         3730    i.http_send         httpd.o
    0x080066fa   0x00000002   PAD
    0x080066fc   0x00000350   Code   RO         3731    i.http_send_data_ssi  httpd.o
    0x08006a4c   0x00000018   Code   RO         3732    i.http_sent         httpd.o
    0x08006a64   0x000000c0   Code   RO         3733    i.http_set_cgi_handlers  httpd.o
    0x08006b24   0x000000ec   Code   RO         3734    i.http_set_ssi_handler  httpd.o
    0x08006c10   0x00000032   Code   RO         3735    i.http_state_free   httpd.o
    0x08006c42   0x00000002   PAD
    0x08006c44   0x000000e4   Code   RO         3736    i.http_write        httpd.o
    0x08006d28   0x00000124   Code   RO         3737    i.httpd_init        httpd.o
    0x08006e4c   0x00000008   Code   RO         5902    i.icmp_dest_unreach  icmp.o
    0x08006e54   0x000001e4   Code   RO         5903    i.icmp_input        icmp.o
    0x08007038   0x0000010c   Code   RO         5904    i.icmp_send_response  icmp.o
    0x08007144   0x00000008   Code   RO         5905    i.icmp_time_exceeded  icmp.o
    0x0800714c   0x0000002e   Code   RO         6018    i.ip4_addr_isbroadcast_u32  ip4_addr.o
    0x0800717a   0x00000002   PAD
    0x0800717c   0x00000254   Code   RO         6084    i.ip4_frag          ip4_frag.o
    0x080073d0   0x000001c0   Code   RO         5968    i.ip4_input         ip4.o
    0x08007590   0x0000001e   Code   RO         5970    i.ip4_output_if     ip4.o
    0x080075ae   0x00000002   PAD
    0x080075b0   0x0000016c   Code   RO         5971    i.ip4_output_if_src  ip4.o
    0x0800771c   0x000001b4   Code   RO         6085    i.ip4_reass         ip4_frag.o
    0x080078d0   0x0000005c   Code   RO         5972    i.ip4_route         ip4.o
    0x0800792c   0x00000090   Code   RO         6086    i.ip_frag_free_pbuf_custom_ref  ip4_frag.o
    0x080079bc   0x00000260   Code   RO         6087    i.ip_reass_chain_frag_into_datagram_and_validate  ip4_frag.o
    0x08007c1c   0x000000bc   Code   RO         6088    i.ip_reass_dequeue_datagram  ip4_frag.o
    0x08007cd8   0x00000190   Code   RO         6089    i.ip_reass_free_complete_datagram  ip4_frag.o
    0x08007e68   0x00000080   Code   RO         6090    i.ip_reass_remove_oldest_datagram  ip4_frag.o
    0x08007ee8   0x0000002c   Code   RO         6091    i.ip_reass_tmr      ip4_frag.o
    0x08007f14   0x00000098   Code   RO         6092    i.ipfrag_free_pbuf_custom  ip4_frag.o
    0x08007fac   0x00000016   Code   RO         2777    i.ld_dword          ff.o
    0x08007fc2   0x0000000a   Code   RO         2778    i.ld_word           ff.o
    0x08007fcc   0x000000fc   Code   RO          783    i.low_level_init    ethernetif.o
    0x080080c8   0x000000bc   Code   RO          784    i.low_level_input   ethernetif.o
    0x08008184   0x000000a8   Code   RO          785    i.low_level_output  ethernetif.o
    0x0800822c   0x00000004   Code   RO         4090    i.lwip_htonl        def.o
    0x08008230   0x00000004   Code   RO         4091    i.lwip_htons        def.o
    0x08008234   0x0000001e   Code   RO         4243    i.lwip_init         init.o
    0x08008252   0x00000002   PAD
    0x08008254   0x00000030   Code   RO         4093    i.lwip_stricmp      def.o
    0x08008284   0x00000040   Code   RO         4095    i.lwip_strnstr      def.o
    0x080082c4   0x0000005c   Code   RO           15    i.main              main.o
    0x08008320   0x0000011c   Code   RO         4336    i.mem_free          mem.o
    0x0800843c   0x00000034   Code   RO         4337    i.mem_init          mem.o
    0x08008470   0x000001fc   Code   RO         4338    i.mem_malloc        mem.o
    0x0800866c   0x00000184   Code   RO         4339    i.mem_trim          mem.o
    0x080087f0   0x0000009c   Code   RO         4404    i.memp_free         memp.o
    0x0800888c   0x00000020   Code   RO         4406    i.memp_init         memp.o
    0x080088ac   0x0000002a   Code   RO         4407    i.memp_init_pool    memp.o
    0x080088d6   0x00000002   PAD
    0x080088d8   0x000000a4   Code   RO         4408    i.memp_malloc       memp.o
    0x0800897c   0x00000032   Code   RO         2781    i.move_window       ff.o
    0x080089ae   0x00000002   PAD
    0x080089b0   0x000000e0   Code   RO         4533    i.netif_add         netif.o
    0x08008a90   0x00000002   Code   RO         4535    i.netif_init        netif.o
    0x08008a92   0x0000001a   Code   RO         4537    i.netif_issue_reports  netif.o
    0x08008aac   0x00000048   Code   RO         4539    i.netif_set_addr    netif.o
    0x08008af4   0x0000000c   Code   RO         4540    i.netif_set_default  netif.o
    0x08008b00   0x0000001a   Code   RO         4541    i.netif_set_down    netif.o
    0x08008b1a   0x00000008   Code   RO         4542    i.netif_set_gw      netif.o
    0x08008b22   0x00000002   PAD
    0x08008b24   0x00000040   Code   RO         4543    i.netif_set_ipaddr  netif.o
    0x08008b64   0x00000008   Code   RO         4546    i.netif_set_netmask  netif.o
    0x08008b6c   0x0000001c   Code   RO         4547    i.netif_set_up      netif.o
    0x08008b88   0x0000037c   Code   RO         4664    i.pbuf_alloc        pbuf.o
    0x08008f04   0x000000e0   Code   RO         4665    i.pbuf_alloced_custom  pbuf.o
    0x08008fe4   0x00000130   Code   RO         4666    i.pbuf_cat          pbuf.o
    0x08009114   0x00000012   Code   RO         4667    i.pbuf_chain        pbuf.o
    0x08009126   0x00000012   Code   RO         4668    i.pbuf_clen         pbuf.o
    0x08009138   0x000001ec   Code   RO         4670    i.pbuf_copy         pbuf.o
    0x08009324   0x0000011c   Code   RO         4671    i.pbuf_copy_partial  pbuf.o
    0x08009440   0x00000164   Code   RO         4673    i.pbuf_free         pbuf.o
    0x080095a4   0x0000002c   Code   RO         4674    i.pbuf_free_ooseq   pbuf.o
    0x080095d0   0x00000006   Code   RO         4676    i.pbuf_header       pbuf.o
    0x080095d6   0x00000006   Code   RO         4677    i.pbuf_header_force  pbuf.o
    0x080095dc   0x00000124   Code   RO         4678    i.pbuf_header_impl  pbuf.o
    0x08009700   0x00000198   Code   RO         4682    i.pbuf_realloc      pbuf.o
    0x08009898   0x0000008c   Code   RO         4683    i.pbuf_ref          pbuf.o
    0x08009924   0x0000017c   Code   RO         4340    i.plug_holes        mem.o
    0x08009aa0   0x00000052   Code   RO         2790    i.sync_window       ff.o
    0x08009af2   0x00000002   PAD
    0x08009af4   0x00000058   Code   RO         5386    i.sys_check_timeouts  timeouts.o
    0x08009b4c   0x00000004   Code   RO          787    i.sys_now           ethernetif.o
    0x08009b50   0x00000140   Code   RO         5388    i.sys_timeout       timeouts.o
    0x08009c90   0x00000034   Code   RO         5389    i.sys_timeouts_init  timeouts.o
    0x08009cc4   0x00000174   Code   RO         4909    i.tcp_abandon       tcp.o
    0x08009e38   0x00000006   Code   RO         4910    i.tcp_abort         tcp.o
    0x08009e3e   0x0000000e   Code   RO         4911    i.tcp_accept        tcp.o
    0x08009e4c   0x0000000e   Code   RO         4912    i.tcp_accept_null   tcp.o
    0x08009e5a   0x00000002   PAD
    0x08009e5c   0x00000100   Code   RO         4913    i.tcp_alloc         tcp.o
    0x08009f5c   0x00000008   Code   RO         4914    i.tcp_arg           tcp.o
    0x08009f64   0x00000124   Code   RO         4915    i.tcp_bind          tcp.o
    0x0800a088   0x00000014   Code   RO         4916    i.tcp_close         tcp.o
    0x0800a09c   0x00000188   Code   RO         4917    i.tcp_close_shutdown  tcp.o
    0x0800a224   0x000000c4   Code   RO         4918    i.tcp_close_shutdown_fin  tcp.o
    0x0800a2e8   0x00000120   Code   RO         5268    i.tcp_create_segment  tcp_out.o
    0x0800a408   0x00000022   Code   RO         4921    i.tcp_eff_send_mss_impl  tcp.o
    0x0800a42a   0x00000002   PAD
    0x0800a42c   0x0000020c   Code   RO         5269    i.tcp_enqueue_flags  tcp_out.o
    0x0800a638   0x000000a4   Code   RO         4922    i.tcp_err           tcp.o
    0x0800a6dc   0x0000006c   Code   RO         4923    i.tcp_fasttmr       tcp.o
    0x0800a748   0x00000030   Code   RO         5184    i.tcp_getoptbyte    tcp_in.o
    0x0800a778   0x00000002   Code   RO         4924    i.tcp_init          tcp.o
    0x0800a77a   0x00000002   PAD
    0x0800a77c   0x000005d0   Code   RO         5185    i.tcp_input         tcp_in.o
    0x0800ad4c   0x00000040   Code   RO         5186    i.tcp_input_delayed_close  tcp_in.o
    0x0800ad8c   0x00000052   Code   RO         5270    i.tcp_keepalive     tcp_out.o
    0x0800adde   0x00000002   PAD
    0x0800ade0   0x000000bc   Code   RO         4925    i.tcp_kill_state    tcp.o
    0x0800ae9c   0x000000cc   Code   RO         4926    i.tcp_listen_closed  tcp.o
    0x0800af68   0x000000f4   Code   RO         5187    i.tcp_listen_input  tcp_in.o
    0x0800b05c   0x00000006   Code   RO         4927    i.tcp_listen_with_backlog  tcp.o
    0x0800b062   0x00000002   PAD
    0x0800b064   0x00000124   Code   RO         4928    i.tcp_listen_with_backlog_and_err  tcp.o
    0x0800b188   0x0000004c   Code   RO         4929    i.tcp_netif_ip_addr_changed  tcp.o
    0x0800b1d4   0x00000022   Code   RO         4930    i.tcp_netif_ip_addr_changed_pcblist  tcp.o
    0x0800b1f6   0x00000006   Code   RO         4931    i.tcp_new           tcp.o
    0x0800b1fc   0x00000006   Code   RO         4932    i.tcp_new_ip_type   tcp.o
    0x0800b202   0x00000002   PAD
    0x0800b204   0x0000005c   Code   RO         4933    i.tcp_new_port      tcp.o
    0x0800b260   0x00000010   Code   RO         4934    i.tcp_next_iss      tcp.o
    0x0800b270   0x00000078   Code   RO         5188    i.tcp_oos_insert_segment  tcp_in.o
    0x0800b2e8   0x000002cc   Code   RO         5271    i.tcp_output        tcp_out.o
    0x0800b5b4   0x0000010c   Code   RO         5272    i.tcp_output_alloc_header  tcp_out.o
    0x0800b6c0   0x000000a8   Code   RO         5273    i.tcp_output_segment  tcp_out.o
    0x0800b768   0x00000074   Code   RO         5189    i.tcp_parseopt      tcp_in.o
    0x0800b7dc   0x000000d8   Code   RO         5274    i.tcp_pbuf_prealloc  tcp_out.o
    0x0800b8b4   0x00000042   Code   RO         4935    i.tcp_pcb_purge     tcp.o
    0x0800b8f6   0x00000002   PAD
    0x0800b8f8   0x00000130   Code   RO         4936    i.tcp_pcb_remove    tcp.o
    0x0800ba28   0x0000009c   Code   RO         4937    i.tcp_poll          tcp.o
    0x0800bac4   0x00000484   Code   RO         5190    i.tcp_process       tcp_in.o
    0x0800bf48   0x0000006c   Code   RO         4938    i.tcp_process_refused_data  tcp.o
    0x0800bfb4   0x00000a1e   Code   RO         5191    i.tcp_receive       tcp_in.o
    0x0800c9d2   0x00000002   PAD
    0x0800c9d4   0x000000a4   Code   RO         4939    i.tcp_recv          tcp.o
    0x0800ca78   0x00000024   Code   RO         4940    i.tcp_recv_null     tcp.o
    0x0800ca9c   0x00000110   Code   RO         4941    i.tcp_recved        tcp.o
    0x0800cbac   0x00000056   Code   RO         5275    i.tcp_rexmit        tcp_out.o
    0x0800cc02   0x00000058   Code   RO         5276    i.tcp_rexmit_fast   tcp_out.o
    0x0800cc5a   0x00000032   Code   RO         5277    i.tcp_rexmit_rto    tcp_out.o
    0x0800cc8c   0x00000120   Code   RO         5278    i.tcp_rst           tcp_out.o
    0x0800cdac   0x00000028   Code   RO         4942    i.tcp_seg_copy      tcp.o
    0x0800cdd4   0x0000001c   Code   RO         4943    i.tcp_seg_free      tcp.o
    0x0800cdf0   0x00000012   Code   RO         4944    i.tcp_segs_free     tcp.o
    0x0800ce02   0x00000072   Code   RO         5279    i.tcp_send_empty_ack  tcp_out.o
    0x0800ce74   0x00000044   Code   RO         5280    i.tcp_send_fin      tcp_out.o
    0x0800ceb8   0x000000a0   Code   RO         4945    i.tcp_sent          tcp.o
    0x0800cf58   0x00000080   Code   RO         6633    i.tcp_server_accept  net.o
    0x0800cfd8   0x00000040   Code   RO         6634    i.tcp_server_connection_close  net.o
    0x0800d018   0x0000000a   Code   RO         6635    i.tcp_server_error  net.o
    0x0800d022   0x00000002   PAD
    0x0800d024   0x00000048   Code   RO         6636    i.tcp_server_init   net.o
    0x0800d06c   0x00000040   Code   RO         6637    i.tcp_server_poll   net.o
    0x0800d0ac   0x00000110   Code   RO         6638    i.tcp_server_recv   net.o
    0x0800d1bc   0x00000050   Code   RO         6639    i.tcp_server_send   net.o
    0x0800d20c   0x00000026   Code   RO         6640    i.tcp_server_sent   net.o
    0x0800d232   0x00000004   Code   RO         4946    i.tcp_setprio       tcp.o
    0x0800d236   0x00000002   PAD
    0x0800d238   0x000004d8   Code   RO         4948    i.tcp_slowtmr       tcp.o
    0x0800d710   0x00000034   Code   RO         5392    i.tcp_timer_needed  timeouts.o
    0x0800d744   0x00000068   Code   RO         5192    i.tcp_timewait_input  tcp_in.o
    0x0800d7ac   0x00000020   Code   RO         4949    i.tcp_tmr           tcp.o
    0x0800d7cc   0x00000010   Code   RO         5193    i.tcp_trigger_input_pcb_close  tcp_in.o
    0x0800d7dc   0x000000c0   Code   RO         4951    i.tcp_update_rcv_ann_wnd  tcp.o
    0x0800d89c   0x00000680   Code   RO         5281    i.tcp_write         tcp_out.o
    0x0800df1c   0x00000140   Code   RO         5282    i.tcp_write_checks  tcp_out.o
    0x0800e05c   0x000000b4   Code   RO         5283    i.tcp_zero_window_probe  tcp_out.o
    0x0800e110   0x00000038   Code   RO         5393    i.tcpip_tcp_timer   timeouts.o
    0x0800e148   0x000000ac   Code   RO         5465    i.udp_bind          udp.o
    0x0800e1f4   0x00000050   Code   RO         5466    i.udp_connect       udp.o
    0x0800e244   0x00000002   Code   RO         5468    i.udp_init          udp.o
    0x0800e246   0x00000002   PAD
    0x0800e248   0x0000019c   Code   RO         5469    i.udp_input         udp.o
    0x0800e3e4   0x00000034   Code   RO         5470    i.udp_netif_ip_addr_changed  udp.o
    0x0800e418   0x0000001a   Code   RO         5471    i.udp_new           udp.o
    0x0800e432   0x00000006   Code   RO         5473    i.udp_recv          udp.o
    0x0800e438   0x00000030   Code   RO         5474    i.udp_remove        udp.o
    0x0800e468   0x00000036   Code   RO         5477    i.udp_sendto_if     udp.o
    0x0800e49e   0x00000002   PAD
    0x0800e4a0   0x00000144   Code   RO         5478    i.udp_sendto_if_src  udp.o
    0x0800e5e4   0x00000014   Data   RO          504    .constdata          sd_diskio.o
    0x0800e5f8   0x00000010   Data   RO         2620    .constdata          system_stm32f4xx.o
    0x0800e608   0x00000006   Data   RO         3561    .constdata          ethernet.o
    0x0800e60e   0x00000006   Data   RO         3562    .constdata          ethernet.o
    0x0800e614   0x00000040   Data   RO         3739    .constdata          httpd.o
    0x0800e654   0x0000034f   Data   RO         3876    .constdata          fs.o
    0x0800e9a3   0x000002b8   Data   RO         3877    .constdata          fs.o
    0x0800ec5b   0x00000387   Data   RO         3878    .constdata          fs.o
    0x0800efe2   0x0000080d   Data   RO         3879    .constdata          fs.o
    0x0800f7ef   0x000002a9   Data   RO         3880    .constdata          fs.o
    0x0800fa98   0x00000014   Data   RO         3881    .constdata          fs.o
    0x0800faac   0x00000014   Data   RO         3882    .constdata          fs.o
    0x0800fac0   0x00000014   Data   RO         3883    .constdata          fs.o
    0x0800fad4   0x00000014   Data   RO         3884    .constdata          fs.o
    0x0800fae8   0x00000014   Data   RO         3885    .constdata          fs.o
    0x0800fafc   0x0000000c   Data   RO         4419    .constdata          memp.o
    0x0800fb08   0x0000000c   Data   RO         4420    .constdata          memp.o
    0x0800fb14   0x0000000c   Data   RO         4421    .constdata          memp.o
    0x0800fb20   0x0000000c   Data   RO         4422    .constdata          memp.o
    0x0800fb2c   0x0000000c   Data   RO         4423    .constdata          memp.o
    0x0800fb38   0x0000000c   Data   RO         4424    .constdata          memp.o
    0x0800fb44   0x0000000c   Data   RO         4425    .constdata          memp.o
    0x0800fb50   0x0000000c   Data   RO         4426    .constdata          memp.o
    0x0800fb5c   0x0000000c   Data   RO         4427    .constdata          memp.o
    0x0800fb68   0x00000024   Data   RO         4428    .constdata          memp.o
    0x0800fb8c   0x00000054   Data   RO         4952    .constdata          tcp.o
    0x0800fbe0   0x00000028   Data   RO         5394    .constdata          timeouts.o
    0x0800fc08   0x00000004   Data   RO         6025    .constdata          ip4_addr.o
    0x0800fc0c   0x00000004   Data   RO         6026    .constdata          ip4_addr.o
    0x0800fc10   0x00000008   Data   RO         6587    .constdata          app_http.o
    0x0800fc18   0x00000081   Data   RO         7039    .constdata          mc_w.l(ctype_o.o)
    0x0800fc99   0x00000003   PAD
    0x0800fc9c   0x00000004   Data   RO         7040    .constdata          mc_w.l(ctype_o.o)
    0x0800fca0   0x0000006a   Data   RO         3740    .conststring        httpd.o
    0x0800fd0a   0x00000002   PAD
    0x0800fd0c   0x00000075   Data   RO         4953    .conststring        tcp.o
    0x0800fd81   0x00000003   PAD
    0x0800fd84   0x00000055   Data   RO         5284    .conststring        tcp_out.o
    0x0800fdd9   0x00000003   PAD
    0x0800fddc   0x0000008c   Data   RO         5630    .conststring        dhcp.o
    0x0800fe68   0x00000041   Data   RO         5817    .conststring        etharp.o
    0x0800fea9   0x00000003   PAD
    0x0800feac   0x0000000e   Data   RO         6588    .conststring        app_http.o
    0x0800feba   0x00000002   PAD
    0x0800febc   0x00000009   Data   RO         6589    .conststring        app_http.o
    0x0800fec5   0x00000003   PAD
    0x0800fec8   0x00000020   Data   RO         7073    Region$$Table       anon$$obj.o


    Execution Region RW_IRAM1 (Base: 0x20000000, Size: 0x0000b9f8, Max: 0x00020000, ABSOLUTE, COMPRESSED[0x0000002c])

    Base Addr    Size         Type   Attr      Idx    E Section Name        Object

    0x20000000   0x00000001   Data   RW          505    .data               sd_diskio.o
    0x20000001   0x00000005   Data   RW          562    .data               fatfs.o
    0x20000006   0x00000002   PAD
    0x20000008   0x00000004   Data   RW          603    .data               lwip.o
    0x2000000c   0x0000000c   Data   RW          605    .data               lwip.o
    0x20000018   0x0000000c   Data   RW         2472    .data               stm32f4xx_hal.o
    0x20000024   0x00000004   Data   RW         2622    .data               system_stm32f4xx.o
    0x20000028   0x00000008   Data   RW         2794    .data               ff.o
    0x20000030   0x00000018   Data   RW         3741    .data               httpd.o
    0x20000048   0x0000000c   Data   RW         4342    .data               mem.o
    0x20000054   0x00000004   Data   RW         4429    .data               memp.o
    0x20000058   0x00000004   Data   RW         4430    .data               memp.o
    0x2000005c   0x00000004   Data   RW         4431    .data               memp.o
    0x20000060   0x00000004   Data   RW         4432    .data               memp.o
    0x20000064   0x00000004   Data   RW         4433    .data               memp.o
    0x20000068   0x00000004   Data   RW         4434    .data               memp.o
    0x2000006c   0x00000004   Data   RW         4435    .data               memp.o
    0x20000070   0x00000004   Data   RW         4436    .data               memp.o
    0x20000074   0x00000004   Data   RW         4437    .data               memp.o
    0x20000078   0x0000000c   Data   RW         4548    .data               netif.o
    0x20000084   0x00000001   Data   RW         4690    .data               pbuf.o
    0x20000085   0x00000003   PAD
    0x20000088   0x00000020   Data   RW         4954    .data               tcp.o
    0x200000a8   0x00000024   Data   RW         5195    .data               tcp_in.o
    0x200000cc   0x0000000c   Data   RW         5395    .data               timeouts.o
    0x200000d8   0x00000008   Data   RW         5479    .data               udp.o
    0x200000e0   0x00000014   Data   RW         5631    .data               dhcp.o
    0x200000f4   0x00000001   Data   RW         5818    .data               etharp.o
    0x200000f5   0x00000001   PAD
    0x200000f6   0x00000002   Data   RW         5973    .data               ip4.o
    0x200000f8   0x00000008   Data   RW         6093    .data               ip4_frag.o
    0x20000100   0x00000001   Data   RW         6534    .data               app_ethernet.o
    0x20000101   0x00000003   PAD
    0x20000104   0x00000010   Data   RW         6590    .data               app_http.o
    0x20000114   0x00000014   Data   RW         6591    .data               app_http.o
    0x20000128   0x00000008   Data   RW         6643    .data               net.o
    0x20000130   0x00000004   Data   RW         6705    .data               mc_w.l(rand.o)
    0x20000134   0x00000004   Data   RW         7006    .data               mc_w.l(stdout.o)
    0x20000138   0x00000004   Data   RW         7016    .data               mc_w.l(errno.o)
    0x2000013c   0x00001034   Zero   RW           16    .bss                main.o
    0x20001170   0x00000034   Zero   RW          602    .bss                lwip.o
    0x200011a4   0x00000084   Zero   RW          665    .bss                sdio.o
    0x20001228   0x000030e8   Zero   RW          788    .bss                ethernetif.o
    0x20004310   0x00000020   Zero   RW         2792    .bss                ff.o
    0x20004330   0x0000000c   Zero   RW         3075    .bss                ff_gen_drv.o
    0x2000433c   0x00000440   Zero   RW         3738    .bss                httpd.o
    0x2000477c   0x00000018   Zero   RW         4304    .bss                ip.o
    0x20004794   0x00000653   Zero   RW         4341    .bss                mem.o
    0x20004de7   0x00000083   Zero   RW         4410    .bss                memp.o
    0x20004e6a   0x000002fb   Zero   RW         4411    .bss                memp.o
    0x20005165   0x000000e3   Zero   RW         4412    .bss                memp.o
    0x20005248   0x00000183   Zero   RW         4413    .bss                memp.o
    0x200053cb   0x000000a3   Zero   RW         4414    .bss                memp.o
    0x2000546e   0x0000016b   Zero   RW         4415    .bss                memp.o
    0x200055d9   0x00000053   Zero   RW         4416    .bss                memp.o
    0x2000562c   0x00000103   Zero   RW         4417    .bss                memp.o
    0x2000572f   0x00002143   Zero   RW         4418    .bss                memp.o
    0x20007872   0x00000002   PAD
    0x20007874   0x00000010   Zero   RW         5194    .bss                tcp_in.o
    0x20007884   0x00000020   Zero   RW         5629    .bss                dhcp.o
    0x200078a4   0x000000f0   Zero   RW         5816    .bss                etharp.o
    0x20007994   0x00000064   Zero   RW         6641    .bss                net.o
    0x200079f8   0x00004000   Zero   RW            1    STACK               startup_stm32f407xx.o


==============================================================================

Image component sizes


      Code (inc. data)   RO Data    RW Data    ZI Data      Debug   Object Name

       224         26          0          1          0       4051   app_ethernet.o
       208         50         31         36          0       3099   app_http.o
         0          0          0          0          0       1620   auth.o
       152         24          0          0          0       3558   bsp_driver_sd.o
       120          0          0          0          0       2844   def.o
      6854       2646        140         20         32      29612   dhcp.o
       148         22          0          0          0       3769   diskio.o
      2928       1174         65          1        240      12727   etharp.o
       408        156         12          0          0       2718   ethernet.o
       962        138          0          0      12520       6282   ethernetif.o
        28         10          0          5          0       1030   fatfs.o
      1104         30          0          8         32      12626   ff.o
        70          6          0          0         12       1651   ff_gen_drv.o
        78          4       5288          0          0       5774   fs.o
       108          6          0          0          0        931   gpio.o
      4550       1626        170         24       1088      27463   httpd.o
       768        350          0          0          0       4414   icmp.o
        30          0          0          0          0       2004   init.o
         0          0          0          0         24       6193   ip.o
       934        178          0          2          0       5280   ip4.o
        46          0          8          0          0       7210   ip4_addr.o
      2696       1024          0          8          0      11590   ip4_frag.o
       100         18          0         16         52        920   lwip.o
       248         22          0          0       4148     732046   main.o
      1612        802          0         12       1619       5725   mem.o
       714        498        144         36      10891      11349   memp.o
       728        128          0          8        100       6246   net.o
       470        130          0         12          0      10005   netif.o
      3484       1828          0          1          0      23226   pbuf.o
       224         14         20          1          0       4420   sd_diskio.o
       160         28          0          0        132       1609   sdio.o
         0          0          0          0          0       3817   slipif.o
        36          8        392          0      16384        844   startup_stm32f407xx.o
       180         28          0         12          0       4625   stm32f4xx_hal.o
       206         14          0          0          0      31520   stm32f4xx_hal_cortex.o
      1868         72          0          0          0      11287   stm32f4xx_hal_eth.o
       432         44          0          0          0       1780   stm32f4xx_hal_gpio.o
       132          6          0          0          0        922   stm32f4xx_hal_msp.o
      1212         62          0          0          0       4474   stm32f4xx_hal_rcc.o
      2416          4          0          0          0      13212   stm32f4xx_hal_sd.o
        30          0          0          0          0       4190   stm32f4xx_it.o
      1630         42          0          0          0      22923   stm32f4xx_ll_sdmmc.o
        84         18         16          4          0       1183   system_stm32f4xx.o
      5618       2338        201         32          0      39430   tcp.o
      5946       1226          0         36         16      20611   tcp_in.o
      5120       1718         85          0          0      27450   tcp_out.o
       596        222         40         12          0       5943   timeouts.o
      1176        276          0          8          0      10764   udp.o

    ----------------------------------------------------------------------
     56910      17016       6660        304      47292    1156967   Object Totals
         0          0         32          0          0          0   (incl. Generated)
        72          0         16          9          2          0   (incl. Padding)

    ----------------------------------------------------------------------

      Code (inc. data)   RO Data    RW Data    ZI Data      Debug   Library Member Name

        86          0          0          0          0          0   __dczerorl2.o
        28          0          0          0          0         68   _chval.o
       158          0          0          0          0         92   _strtoul.o
        26          0          0          0          0         80   atoi.o
         8          4        133          0          0         68   ctype_o.o
         0          0          0          0          0          0   entry.o
         0          0          0          0          0          0   entry10a.o
         0          0          0          0          0          0   entry11a.o
         8          4          0          0          0          0   entry2.o
         4          0          0          0          0          0   entry5.o
         0          0          0          0          0          0   entry7b.o
         0          0          0          0          0          0   entry8b.o
         8          4          0          0          0          0   entry9a.o
         8          4          0          4          0         68   errno.o
        18          0          0          0          0         80   fputc.o
        30          0          0          0          0          0   handlers.o
        36          8          0          0          0         68   init.o
         0          0          0          0          0          0   iusesemip.o
        30          0          0          0          0         68   llshl.o
        32          0          0          0          0         68   llushr.o
        26          0          0          0          0         80   memcmp.o
        36          0          0          0          0         68   memcpya.o
        36          0          0          0          0        108   memseta.o
       522         20          0          0          0        336   printf3.o
        36         10          0          4          0        136   rand.o
         0          0          0          0          0          0   semi.o
         0          0          0          4          0          0   stdout.o
        20          0          0          0          0         68   strchr.o
        28          0          0          0          0         76   strcmp.o
        14          0          0          0          0         68   strlen.o
        30          0          0          0          0         80   strncmp.o
        24          0          0          0          0         76   strncpy.o
        36          0          0          0          0         80   strstr.o
       112          0          0          0          0         88   strtol.o
        44          0          0          0          0         80   uidiv.o
        98          0          0          0          0         92   uldiv.o

    ----------------------------------------------------------------------
      1550         54        136         12          0       2096   Library Totals
         8          0          3          0          0          0   (incl. Padding)

    ----------------------------------------------------------------------

      Code (inc. data)   RO Data    RW Data    ZI Data      Debug   Library Name

      1542         54        133         12          0       2096   mc_w.l

    ----------------------------------------------------------------------
      1550         54        136         12          0       2096   Library Totals

    ----------------------------------------------------------------------

==============================================================================


      Code (inc. data)   RO Data    RW Data    ZI Data      Debug   

     58460      17070       6796        316      47292    1124655   Grand Totals
     58460      17070       6796         44      47292    1124655   ELF Image Totals (compressed)
     58460      17070       6796         44          0          0   ROM Totals

==============================================================================

    Total RO  Size (Code + RO Data)                65256 (  63.73kB)
    Total RW  Size (RW Data + ZI Data)             47608 (  46.49kB)
    Total ROM Size (Code + RO Data + RW Data)      65300 (  63.77kB)

==============================================================================

